Archive member included to satisfy reference by file (symbol)

../StdPeriphDriver\libISP583.a(ISP583.o)
                              ./StdPeriphDriver/CH58x_pwr.o (FLASH_EEPROM_CMD)
y:/mounriver/mounriver_studio/toolchain/risc-v embedded gcc/bin/../lib/gcc/riscv-none-embed/8.2.0/../../../../riscv-none-embed/lib/rv32imac/ilp32\libg_nano.a(lib_a-printf.o)
                              ./src/Main.o (printf)
y:/mounriver/mounriver_studio/toolchain/risc-v embedded gcc/bin/../lib/gcc/riscv-none-embed/8.2.0/../../../../riscv-none-embed/lib/rv32imac/ilp32\libg_nano.a(lib_a-putchar.o)
                              ./StdPeriphDriver/CH58x_usb2hostClass.o (putchar)
y:/mounriver/mounriver_studio/toolchain/risc-v embedded gcc/bin/../lib/gcc/riscv-none-embed/8.2.0/../../../../riscv-none-embed/lib/rv32imac/ilp32\libg_nano.a(lib_a-puts.o)
                              ./src/Main.o (puts)
y:/mounriver/mounriver_studio/toolchain/risc-v embedded gcc/bin/../lib/gcc/riscv-none-embed/8.2.0/../../../../riscv-none-embed/lib/rv32imac/ilp32\libg_nano.a(lib_a-strcpy.o)
                              ./HAL/PS2Driver.o (strcpy)
y:/mounriver/mounriver_studio/toolchain/risc-v embedded gcc/bin/../lib/gcc/riscv-none-embed/8.2.0/../../../../riscv-none-embed/lib/rv32imac/ilp32\libg_nano.a(lib_a-wbuf.o)
                              y:/mounriver/mounriver_studio/toolchain/risc-v embedded gcc/bin/../lib/gcc/riscv-none-embed/8.2.0/../../../../riscv-none-embed/lib/rv32imac/ilp32\libg_nano.a(lib_a-puts.o) (__swbuf_r)
y:/mounriver/mounriver_studio/toolchain/risc-v embedded gcc/bin/../lib/gcc/riscv-none-embed/8.2.0/../../../../riscv-none-embed/lib/rv32imac/ilp32\libg_nano.a(lib_a-wsetup.o)
                              y:/mounriver/mounriver_studio/toolchain/risc-v embedded gcc/bin/../lib/gcc/riscv-none-embed/8.2.0/../../../../riscv-none-embed/lib/rv32imac/ilp32\libg_nano.a(lib_a-puts.o) (__swsetup_r)
y:/mounriver/mounriver_studio/toolchain/risc-v embedded gcc/bin/../lib/gcc/riscv-none-embed/8.2.0/../../../../riscv-none-embed/lib/rv32imac/ilp32\libg_nano.a(lib_a-fflush.o)
                              y:/mounriver/mounriver_studio/toolchain/risc-v embedded gcc/bin/../lib/gcc/riscv-none-embed/8.2.0/../../../../riscv-none-embed/lib/rv32imac/ilp32\libg_nano.a(lib_a-wbuf.o) (_fflush_r)
y:/mounriver/mounriver_studio/toolchain/risc-v embedded gcc/bin/../lib/gcc/riscv-none-embed/8.2.0/../../../../riscv-none-embed/lib/rv32imac/ilp32\libg_nano.a(lib_a-findfp.o)
                              y:/mounriver/mounriver_studio/toolchain/risc-v embedded gcc/bin/../lib/gcc/riscv-none-embed/8.2.0/../../../../riscv-none-embed/lib/rv32imac/ilp32\libg_nano.a(lib_a-printf.o) (__sinit)
y:/mounriver/mounriver_studio/toolchain/risc-v embedded gcc/bin/../lib/gcc/riscv-none-embed/8.2.0/../../../../riscv-none-embed/lib/rv32imac/ilp32\libg_nano.a(lib_a-fwalk.o)
                              y:/mounriver/mounriver_studio/toolchain/risc-v embedded gcc/bin/../lib/gcc/riscv-none-embed/8.2.0/../../../../riscv-none-embed/lib/rv32imac/ilp32\libg_nano.a(lib_a-findfp.o) (_fwalk)
y:/mounriver/mounriver_studio/toolchain/risc-v embedded gcc/bin/../lib/gcc/riscv-none-embed/8.2.0/../../../../riscv-none-embed/lib/rv32imac/ilp32\libg_nano.a(lib_a-impure.o)
                              y:/mounriver/mounriver_studio/toolchain/risc-v embedded gcc/bin/../lib/gcc/riscv-none-embed/8.2.0/../../../../riscv-none-embed/lib/rv32imac/ilp32\libg_nano.a(lib_a-fflush.o) (_global_impure_ptr)
y:/mounriver/mounriver_studio/toolchain/risc-v embedded gcc/bin/../lib/gcc/riscv-none-embed/8.2.0/../../../../riscv-none-embed/lib/rv32imac/ilp32\libg_nano.a(lib_a-makebuf.o)
                              y:/mounriver/mounriver_studio/toolchain/risc-v embedded gcc/bin/../lib/gcc/riscv-none-embed/8.2.0/../../../../riscv-none-embed/lib/rv32imac/ilp32\libg_nano.a(lib_a-wsetup.o) (__smakebuf_r)
y:/mounriver/mounriver_studio/toolchain/risc-v embedded gcc/bin/../lib/gcc/riscv-none-embed/8.2.0/../../../../riscv-none-embed/lib/rv32imac/ilp32\libg_nano.a(lib_a-memset.o)
                              y:/mounriver/mounriver_studio/toolchain/risc-v embedded gcc/bin/../lib/gcc/riscv-none-embed/8.2.0/../../../../riscv-none-embed/lib/rv32imac/ilp32\libg_nano.a(lib_a-findfp.o) (memset)
y:/mounriver/mounriver_studio/toolchain/risc-v embedded gcc/bin/../lib/gcc/riscv-none-embed/8.2.0/../../../../riscv-none-embed/lib/rv32imac/ilp32\libg_nano.a(lib_a-nano-freer.o)
                              y:/mounriver/mounriver_studio/toolchain/risc-v embedded gcc/bin/../lib/gcc/riscv-none-embed/8.2.0/../../../../riscv-none-embed/lib/rv32imac/ilp32\libg_nano.a(lib_a-wsetup.o) (_free_r)
y:/mounriver/mounriver_studio/toolchain/risc-v embedded gcc/bin/../lib/gcc/riscv-none-embed/8.2.0/../../../../riscv-none-embed/lib/rv32imac/ilp32\libg_nano.a(lib_a-nano-mallocr.o)
[...]
Memory Configuration

Name             Origin             Length             Attributes
FLASH            0x0000000000000000 0x0000000000070000 xr
RAM              0x0000000020000000 0x0000000000008000 xrw
*default*        0x0000000000000000 0xffffffffffffffff

Linker script and memory map

LOAD ./src/Main.o
LOAD ./StdPeriphDriver/CH58x_clk.o
LOAD ./StdPeriphDriver/CH58x_flash.o
LOAD ./StdPeriphDriver/CH58x_gpio.o
LOAD ./StdPeriphDriver/CH58x_i2c.o
LOAD ./StdPeriphDriver/CH58x_pwr.o
LOAD ./StdPeriphDriver/CH58x_spi1.o
LOAD ./StdPeriphDriver/CH58x_sys.o
LOAD ./StdPeriphDriver/CH58x_uart0.o
LOAD ./StdPeriphDriver/CH58x_uart1.o
LOAD ./StdPeriphDriver/CH58x_usb2dev.o
LOAD ./StdPeriphDriver/CH58x_usb2hostBase.o
LOAD ./StdPeriphDriver/CH58x_usb2hostClass.o
LOAD ./Startup/startup_CH583.o
LOAD ./RVMSIS/core_riscv.o
LOAD ./HAL/PS2Driver.o
LOAD ./HAL/UART1.o
LOAD ../StdPeriphDriver\libISP583.a
LOAD y:/mounriver/mounriver_studio/toolchain/risc-v embedded gcc/bin/../lib/gcc/riscv-none-embed/8.2.0/rv32imac/ilp32\libgcc.a
LOAD y:/mounriver/mounriver_studio/toolchain/risc-v embedded gcc/bin/../lib/gcc/riscv-none-embed/8.2.0/../../../../riscv-none-embed/lib/rv32imac/ilp32\libg_nano.a
LOAD y:/mounriver/mounriver_studio/toolchain/risc-v embedded gcc/bin/../lib/gcc/riscv-none-embed/8.2.0/../../../../riscv-none-embed/lib/rv32imac/ilp32\libc_nano.a
LOAD y:/mounriver/mounriver_studio/toolchain/risc-v embedded gcc/bin/../lib/gcc/riscv-none-embed/8.2.0/rv32imac/ilp32\libgcc.a
START GROUP
LOAD y:/mounriver/mounriver_studio/toolchain/risc-v embedded gcc/bin/../lib/gcc/riscv-none-embed/8.2.0/rv32imac/ilp32\libgcc.a
LOAD y:/mounriver/mounriver_studio/toolchain/risc-v embedded gcc/bin/../lib/gcc/riscv-none-embed/8.2.0/../../../../riscv-none-embed/lib/rv32imac/ilp32\libc_nano.a
LOAD y:/mounriver/mounriver_studio/toolchain/risc-v embedded gcc/bin/../lib/gcc/riscv-none-embed/8.2.0/../../../../riscv-none-embed/lib/rv32imac/ilp32\libnosys.a
END GROUP
START GROUP
LOAD y:/mounriver/mounriver_studio/toolchain/risc-v embedded gcc/bin/../lib/gcc/riscv-none-embed/8.2.0/rv32imac/ilp32\libgcc.a
LOAD y:/mounriver/mounriver_studio/toolchain/risc-v embedded gcc/bin/../lib/gcc/riscv-none-embed/8.2.0/../../../../riscv-none-embed/lib/rv32imac/ilp32\libc_nano.a
LOAD y:/mounriver/mounriver_studio/toolchain/risc-v embedded gcc/bin/../lib/gcc/riscv-none-embed/8.2.0/../../../../riscv-none-embed/lib/rv32imac/ilp32\libnosys.a
END GROUP

.init           0x0000000000000000        0x4
                0x0000000000000000                _sinit = .
                0x0000000000000000                . = ALIGN (0x4)
 *(SORT_NONE(.init))
 .init          0x0000000000000000        0x4 ./Startup/startup_CH583.o
                0x0000000000000000                _start
                0x0000000000000004                . = ALIGN (0x4)
                0x0000000000000004                _einit = .

.highcodelalign
                0x0000000000000004        0x0
                0x0000000000000004                . = ALIGN (0x4)
                0x0000000000000004                PROVIDE (_highcode_lma = .)

.highcode       0x0000000020000000      0x7c0 load address 0x0000000000000004
                0x0000000020000000                . = ALIGN (0x4)
                0x0000000020000000                PROVIDE (_highcode_vma_start = .)
 *(.vector)
 .vector        0x0000000020000000       0x90 ./Startup/startup_CH583.o
 *(SORT_NONE(.vector_handler))
 .vector_handler
                0x0000000020000090       0x36 ./Startup/startup_CH583.o
                0x0000000020000090                NMI_Handler
                0x0000000020000094                Ecall_M_Mode_Handler
                0x0000000020000096                Ecall_U_Mode_Handler
                0x0000000020000098                Break_Point_Handler
                0x000000002000009a                SysTick_Handler
                0x000000002000009c                SW_Handler
                0x000000002000009e                TMR0_IRQHandler
                0x00000000200000a4                SPI0_IRQHandler
                0x00000000200000a6                BB_IRQHandler
                0x00000000200000a8                LLE_IRQHandler
                0x00000000200000aa                USB_IRQHandler
                0x00000000200000ac                USB2_IRQHandler
                0x00000000200000ae                TMR1_IRQHandler
                0x00000000200000b0                TMR2_IRQHandler
                0x00000000200000b2                UART0_IRQHandler
                0x00000000200000b6                RTC_IRQHandler
                0x00000000200000b8                ADC_IRQHandler
                0x00000000200000ba                I2C_IRQHandler
                0x00000000200000bc                PWMX_IRQHandler
                0x00000000200000be                TMR3_IRQHandler
                0x00000000200000c0                UART2_IRQHandler
                0x00000000200000c2                UART3_IRQHandler
                0x00000000200000c4                WDOG_BAT_IRQHandler
 *(.highcode)
 .highcode      0x00000000200000c6      0x112 ./src/Main.o
                0x00000000200000c6                GPIOA_IRQHandler
                0x00000000200000f4                GPIOB_IRQHandler
 .highcode      0x00000000200001d8      0x1c0 ./StdPeriphDriver/CH58x_sys.o
                0x00000000200001d8                SetSysClock
                0x0000000020000306                HardFault_Handler
                0x0000000020000362                mDelayuS
                0x0000000020000370                mDelaymS
 .highcode      0x0000000020000398        0x4 ./HAL/UART1.o
                0x0000000020000398                UART1_IRQHandler
 .highcode      0x000000002000039c      0x424 ../StdPeriphDriver\libISP583.a(ISP583.o)
                0x000000002000039c                FLASH_ROM_BEG
                0x00000000200003ac                FLASH_ROM_END
                0x00000000200003ba                FLASH_ROM_IN
                0x00000000200003c8                FLASH_ROM_OUT
                0x00000000200003d6                FLASH_ROM_ADDR
                0x000000002000041e                FLASH_ROM_WAIT
                0x0000000020000456                FLASH_EEPROM_CMD
 *(.highcode.*)
                0x00000000200007c0                . = ALIGN (0x4)
 *fill*         0x00000000200007c0        0x0 
                0x00000000200007c0                PROVIDE (_highcode_vma_end = .)

.text           0x00000000000007c4     0x1be0
                0x00000000000007c4                . = ALIGN (0x4)
 *(SORT_NONE(.handle_reset))
 .handle_reset  0x00000000000007c4       0xa4 ./Startup/startup_CH583.o
                0x00000000000007c4                handle_reset
 *(.text)
 .text          0x0000000000000868       0xa8 y:/mounriver/mounriver_studio/toolchain/risc-v embedded gcc/bin/../lib/gcc/riscv-none-embed/8.2.0/../../../../riscv-none-embed/lib/rv32imac/ilp32\libg_nano.a(lib_a-memset.o)
                0x0000000000000868                memset
 *(.text.*)
 .text.startup.main
                0x0000000000000910       0xb4 ./src/Main.o
                0x0000000000000910                main
 .text.GPIOA_ModeCfg
                0x00000000000009c4       0xa6 ./StdPeriphDriver/CH58x_gpio.o
                0x00000000000009c4                GPIOA_ModeCfg
 .text.GPIOB_ModeCfg
                0x0000000000000a6a       0xa6 ./StdPeriphDriver/CH58x_gpio.o
                0x0000000000000a6a                GPIOB_ModeCfg
 .text.GPIOB_ITModeCfg
                0x0000000000000b10       0x8a ./StdPeriphDriver/CH58x_gpio.o
                0x0000000000000b10                GPIOB_ITModeCfg
 .text.GetSysClock
                0x0000000000000b9a       0x42 ./StdPeriphDriver/CH58x_sys.o
                0x0000000000000b9a                GetSysClock
 .text._write   0x0000000000000bdc       0x28 ./StdPeriphDriver/CH58x_sys.o
                0x0000000000000bdc                _write
 .text.UART1_BaudRateCfg
                0x0000000000000c04       0x30 ./StdPeriphDriver/CH58x_uart1.o
                0x0000000000000c04                UART1_BaudRateCfg
 .text.UART1_DefInit
                0x0000000000000c34       0x32 ./StdPeriphDriver/CH58x_uart1.o
                0x0000000000000c34                UART1_DefInit
 .text.PS2_WriteByte
                0x0000000000000c66      0x13e ./HAL/PS2Driver.o
                0x0000000000000c66                PS2_WriteByte
 .text.PS2_En_Data_Report
                0x0000000000000da4       0x16 ./HAL/PS2Driver.o
                0x0000000000000da4                PS2_En_Data_Report
 .text.PS2_Dis_Data_Report
                0x0000000000000dba       0x20 ./HAL/PS2Driver.o
                0x0000000000000dba                PS2_Dis_Data_Report
 .text.PS2_ReadByte
                0x0000000000000dda       0xc2 ./HAL/PS2Driver.o
                0x0000000000000dda                PS2_ReadByte
 .text.PS2_Config
                0x0000000000000e9c       0x2c ./HAL/PS2Driver.o
                0x0000000000000e9c                PS2_Config
 .text.PS2_Init
                0x0000000000000ec8       0xe6 ./HAL/PS2Driver.o
                0x0000000000000ec8                PS2_Init
 .text.UART1_Init
                0x0000000000000fae       0x2a ./HAL/UART1.o
                0x0000000000000fae                UART1_Init
 .text.printf   0x0000000000000fd8       0x44 y:/mounriver/mounriver_studio/toolchain/risc-v embedded gcc/bin/../lib/gcc/riscv-none-embed/8.2.0/../../../../riscv-none-embed/lib/rv32imac/ilp32\libg_nano.a(lib_a-printf.o)
                0x0000000000000fd8                iprintf
                0x0000000000000fd8                printf
 .text._puts_r  0x000000000000101c       0xda y:/mounriver/mounriver_studio/toolchain/risc-v embedded gcc/bin/../lib/gcc/riscv-none-embed/8.2.0/../../../../riscv-none-embed/lib/rv32imac/ilp32\libg_nano.a(lib_a-puts.o)
                0x000000000000101c                _puts_r
 .text.puts     0x00000000000010f6        0xe y:/mounriver/mounriver_studio/toolchain/risc-v embedded gcc/bin/../lib/gcc/riscv-none-embed/8.2.0/../../../../riscv-none-embed/lib/rv32imac/ilp32\libg_nano.a(lib_a-puts.o)
                0x00000000000010f6                puts
 .text.strcpy   0x0000000000001104       0x12 y:/mounriver/mounriver_studio/toolchain/risc-v embedded gcc/bin/../lib/gcc/riscv-none-embed/8.2.0/../../../../riscv-none-embed/lib/rv32imac/ilp32\libg_nano.a(lib_a-strcpy.o)
                0x0000000000001104                strcpy
 .text.__swbuf_r
                0x0000000000001116       0xc0 y:/mounriver/mounriver_studio/toolchain/risc-v embedded gcc/bin/../lib/gcc/riscv-none-embed/8.2.0/../../../../riscv-none-embed/lib/rv32imac/ilp32\libg_nano.a(lib_a-wbuf.o)
                0x0000000000001116                __swbuf_r
 .text.__swsetup_r
                0x00000000000011d6      0x110 y:/mounriver/mounriver_studio/toolchain/risc-v embedded gcc/bin/../lib/gcc/riscv-none-embed/8.2.0/../../../../riscv-none-embed/lib/rv32imac/ilp32\libg_nano.a(lib_a-wsetup.o)
                0x00000000000011d6                __swsetup_r
 .text.__sflush_r
                0x00000000000012e6      0x13c y:/mounriver/mounriver_studio/toolchain/risc-v embedded gcc/bin/../lib/gcc/riscv-none-embed/8.2.0/../../../../riscv-none-embed/lib/rv32imac/ilp32\libg_nano.a(lib_a-fflush.o)
                0x00000000000012e6                __sflush_r
 .text._fflush_r
                0x0000000000001422       0x64 y:/mounriver/mounriver_studio/toolchain/risc-v embedded gcc/bin/../lib/gcc/riscv-none-embed/8.2.0/../../../../riscv-none-embed/lib/rv32imac/ilp32\libg_nano.a(lib_a-fflush.o)
                0x0000000000001422                _fflush_r
 .text.std      0x0000000000001486       0x6a y:/mounriver/mounriver_studio/toolchain/risc-v embedded gcc/bin/../lib/gcc/riscv-none-embed/8.2.0/../../../../riscv-none-embed/lib/rv32imac/ilp32\libg_nano.a(lib_a-findfp.o)
 .text._cleanup_r
                0x00000000000014f0        0xa y:/mounriver/mounriver_studio/toolchain/risc-v embedded gcc/bin/../lib/gcc/riscv-none-embed/8.2.0/../../../../riscv-none-embed/lib/rv32imac/ilp32\libg_nano.a(lib_a-findfp.o)
                0x00000000000014f0                _cleanup_r
 .text.__sfmoreglue
                0x00000000000014fa       0x46 y:/mounriver/mounriver_studio/toolchain/risc-v embedded gcc/bin/../lib/gcc/riscv-none-embed/8.2.0/../../../../riscv-none-embed/lib/rv32imac/ilp32\libg_nano.a(lib_a-findfp.o)
                0x00000000000014fa                __sfmoreglue
 .text.__sinit  0x0000000000001540       0x6a y:/mounriver/mounriver_studio/toolchain/risc-v embedded gcc/bin/../lib/gcc/riscv-none-embed/8.2.0/../../../../riscv-none-embed/lib/rv32imac/ilp32\libg_nano.a(lib_a-findfp.o)
                0x0000000000001540                __sinit
 .text.__sfp    0x00000000000015aa       0xa0 y:/mounriver/mounriver_studio/toolchain/risc-v embedded gcc/bin/../lib/gcc/riscv-none-embed/8.2.0/../../../../riscv-none-embed/lib/rv32imac/ilp32\libg_nano.a(lib_a-findfp.o)
                0x00000000000015aa                __sfp
 .text._fwalk_reent
                0x000000000000164a       0x6c y:/mounriver/mounriver_studio/toolchain/risc-v embedded gcc/bin/../lib/gcc/riscv-none-embed/8.2.0/../../../../riscv-none-embed/lib/rv32imac/ilp32\libg_nano.a(lib_a-fwalk.o)
                0x000000000000164a                _fwalk_reent
 .text.__swhatbuf_r
                0x00000000000016b6       0x5a y:/mounriver/mounriver_studio/toolchain/risc-v embedded gcc/bin/../lib/gcc/riscv-none-embed/8.2.0/../../../../riscv-none-embed/lib/rv32imac/ilp32\libg_nano.a(lib_a-makebuf.o)
                0x00000000000016b6                __swhatbuf_r
 .text.__smakebuf_r
                0x0000000000001710       0x9e y:/mounriver/mounriver_studio/toolchain/risc-v embedded gcc/bin/../lib/gcc/riscv-none-embed/8.2.0/../../../../riscv-none-embed/lib/rv32imac/ilp32\libg_nano.a(lib_a-makebuf.o)
                0x0000000000001710                __smakebuf_r
 .text._free_r  0x00000000000017ae       0xa8 y:/mounriver/mounriver_studio/toolchain/risc-v embedded gcc/bin/../lib/gcc/riscv-none-embed/8.2.0/../../../../riscv-none-embed/lib/rv32imac/ilp32\libg_nano.a(lib_a-nano-freer.o)
                0x00000000000017ae                _free_r
 .text._malloc_r
                0x0000000000001856       0xd4 y:/mounriver/mounriver_studio/toolchain/risc-v embedded gcc/bin/../lib/gcc/riscv-none-embed/8.2.0/../../../../riscv-none-embed/lib/rv32imac/ilp32\libg_nano.a(lib_a-nano-mallocr.o)
                0x0000000000001856                _malloc_r
 .text.__sfputc_r
                0x000000000000192a       0x2a y:/mounriver/mounriver_studio/toolchain/risc-v embedded gcc/bin/../lib/gcc/riscv-none-embed/8.2.0/../../../../riscv-none-embed/lib/rv32imac/ilp32\libg_nano.a(lib_a-nano-vfprintf.o)
 .text.__sfputs_r
                0x0000000000001954       0x42 y:/mounriver/mounriver_studio/toolchain/risc-v embedded gcc/bin/../lib/gcc/riscv-none-embed/8.2.0/../../../../riscv-none-embed/lib/rv32imac/ilp32\libg_nano.a(lib_a-nano-vfprintf.o)
                0x0000000000001954                __sfputs_r
 .text._vfprintf_r
                0x0000000000001996      0x298 y:/mounriver/mounriver_studio/toolchain/risc-v embedded gcc/bin/../lib/gcc/riscv-none-embed/8.2.0/../../../../riscv-none-embed/lib/rv32imac/ilp32\libg_nano.a(lib_a-nano-vfprintf.o)
                0x0000000000001996                _vfprintf_r
                0x0000000000001996                _vfiprintf_r
 .text._printf_common
                0x0000000000001c2e      0x10c y:/mounriver/mounriver_studio/toolchain/risc-v embedded gcc/bin/../lib/gcc/riscv-none-embed/8.2.0/../../../../riscv-none-embed/lib/rv32imac/ilp32\libg_nano.a(lib_a-nano-vfprintf_i.o)
                0x0000000000001c2e                _printf_common
 .text._printf_i
                0x0000000000001d3a      0x2a2 y:/mounriver/mounriver_studio/toolchain/risc-v embedded gcc/bin/../lib/gcc/riscv-none-embed/8.2.0/../../../../riscv-none-embed/lib/rv32imac/ilp32\libg_nano.a(lib_a-nano-vfprintf_i.o)
                0x0000000000001d3a                _printf_i
 .text._sbrk_r  0x0000000000001fdc       0x28 y:/mounriver/mounriver_studio/toolchain/risc-v embedded gcc/bin/../lib/gcc/riscv-none-embed/8.2.0/../../../../riscv-none-embed/lib/rv32imac/ilp32\libg_nano.a(lib_a-sbrkr.o)
                0x0000000000001fdc                _sbrk_r
 .text.__sread  0x0000000000002004       0x30 y:/mounriver/mounriver_studio/toolchain/risc-v embedded gcc/bin/../lib/gcc/riscv-none-embed/8.2.0/../../../../riscv-none-embed/lib/rv32imac/ilp32\libg_nano.a(lib_a-stdio.o)
                0x0000000000002004                __sread
 .text.__swrite
                0x0000000000002034       0x4e y:/mounriver/mounriver_studio/toolchain/risc-v embedded gcc/bin/../lib/gcc/riscv-none-embed/8.2.0/../../../../riscv-none-embed/lib/rv32imac/ilp32\libg_nano.a(lib_a-stdio.o)
                0x0000000000002034                __swrite
 .text.__sseek  0x0000000000002082       0x36 y:/mounriver/mounriver_studio/toolchain/risc-v embedded gcc/bin/../lib/gcc/riscv-none-embed/8.2.0/../../../../riscv-none-embed/lib/rv32imac/ilp32\libg_nano.a(lib_a-stdio.o)
                0x0000000000002082                __sseek
 .text.__sclose
                0x00000000000020b8        0x6 y:/mounriver/mounriver_studio/toolchain/risc-v embedded gcc/bin/../lib/gcc/riscv-none-embed/8.2.0/../../../../riscv-none-embed/lib/rv32imac/ilp32\libg_nano.a(lib_a-stdio.o)
                0x00000000000020b8                __sclose
 .text._write_r
                0x00000000000020be       0x2e y:/mounriver/mounriver_studio/toolchain/risc-v embedded gcc/bin/../lib/gcc/riscv-none-embed/8.2.0/../../../../riscv-none-embed/lib/rv32imac/ilp32\libg_nano.a(lib_a-writer.o)
                0x00000000000020be                _write_r
 .text._close_r
                0x00000000000020ec       0x28 y:/mounriver/mounriver_studio/toolchain/risc-v embedded gcc/bin/../lib/gcc/riscv-none-embed/8.2.0/../../../../riscv-none-embed/lib/rv32imac/ilp32\libg_nano.a(lib_a-closer.o)
                0x00000000000020ec                _close_r
 .text._fstat_r
                0x0000000000002114       0x2a y:/mounriver/mounriver_studio/toolchain/risc-v embedded gcc/bin/../lib/gcc/riscv-none-embed/8.2.0/../../../../riscv-none-embed/lib/rv32imac/ilp32\libg_nano.a(lib_a-fstatr.o)
                0x0000000000002114                _fstat_r
 .text._isatty_r
                0x000000000000213e       0x28 y:/mounriver/mounriver_studio/toolchain/risc-v embedded gcc/bin/../lib/gcc/riscv-none-embed/8.2.0/../../../../riscv-none-embed/lib/rv32imac/ilp32\libg_nano.a(lib_a-isattyr.o)
                0x000000000000213e                _isatty_r
 .text._lseek_r
                0x0000000000002166       0x2c y:/mounriver/mounriver_studio/toolchain/risc-v embedded gcc/bin/../lib/gcc/riscv-none-embed/8.2.0/../../../../riscv-none-embed/lib/rv32imac/ilp32\libg_nano.a(lib_a-lseekr.o)
                0x0000000000002166                _lseek_r
 .text.memchr   0x0000000000002192       0x1a y:/mounriver/mounriver_studio/toolchain/risc-v embedded gcc/bin/../lib/gcc/riscv-none-embed/8.2.0/../../../../riscv-none-embed/lib/rv32imac/ilp32\libg_nano.a(lib_a-memchr.o)
                0x0000000000002192                memchr
 .text.__malloc_lock
                0x00000000000021ac        0x2 y:/mounriver/mounriver_studio/toolchain/risc-v embedded gcc/bin/../lib/gcc/riscv-none-embed/8.2.0/../../../../riscv-none-embed/lib/rv32imac/ilp32\libg_nano.a(lib_a-mlock.o)
                0x00000000000021ac                __malloc_lock
 .text.__malloc_unlock
                0x00000000000021ae        0x2 y:/mounriver/mounriver_studio/toolchain/risc-v embedded gcc/bin/../lib/gcc/riscv-none-embed/8.2.0/../../../../riscv-none-embed/lib/rv32imac/ilp32\libg_nano.a(lib_a-mlock.o)
                0x00000000000021ae                __malloc_unlock
 .text._read_r  0x00000000000021b0       0x2c y:/mounriver/mounriver_studio/toolchain/risc-v embedded gcc/bin/../lib/gcc/riscv-none-embed/8.2.0/../../../../riscv-none-embed/lib/rv32imac/ilp32\libg_nano.a(lib_a-readr.o)
                0x00000000000021b0                _read_r
 .text._close   0x00000000000021dc        0xc y:/mounriver/mounriver_studio/toolchain/risc-v embedded gcc/bin/../lib/gcc/riscv-none-embed/8.2.0/../../../../riscv-none-embed/lib/rv32imac/ilp32\libnosys.a(close.o)
                0x00000000000021dc                _close
 .text._fstat   0x00000000000021e8        0xc y:/mounriver/mounriver_studio/toolchain/risc-v embedded gcc/bin/../lib/gcc/riscv-none-embed/8.2.0/../../../../riscv-none-embed/lib/rv32imac/ilp32\libnosys.a(fstat.o)
                0x00000000000021e8                _fstat
 .text._isatty  0x00000000000021f4        0xc y:/mounriver/mounriver_studio/toolchain/risc-v embedded gcc/bin/../lib/gcc/riscv-none-embed/8.2.0/../../../../riscv-none-embed/lib/rv32imac/ilp32\libnosys.a(isatty.o)
                0x00000000000021f4                _isatty
 .text._lseek   0x0000000000002200        0xc y:/mounriver/mounriver_studio/toolchain/risc-v embedded gcc/bin/../lib/gcc/riscv-none-embed/8.2.0/../../../../riscv-none-embed/lib/rv32imac/ilp32\libnosys.a(lseek.o)
                0x0000000000002200                _lseek
 .text._read    0x000000000000220c        0xc y:/mounriver/mounriver_studio/toolchain/risc-v embedded gcc/bin/../lib/gcc/riscv-none-embed/8.2.0/../../../../riscv-none-embed/lib/rv32imac/ilp32\libnosys.a(read.o)
                0x000000000000220c                _read
 .text._sbrk    0x0000000000002218       0x20 y:/mounriver/mounriver_studio/toolchain/risc-v embedded gcc/bin/../lib/gcc/riscv-none-embed/8.2.0/../../../../riscv-none-embed/lib/rv32imac/ilp32\libnosys.a(sbrk.o)
                0x0000000000002218                _sbrk
 *(.rodata)
 *(.rodata*)
 .rodata.main.str1.4
                0x0000000000002238       0x1d ./src/Main.o
 *fill*         0x0000000000002255        0x3 
 .rodata.GPIOA_ModeCfg
                0x0000000000002258       0x14 ./StdPeriphDriver/CH58x_gpio.o
 .rodata.GPIOB_ModeCfg
                0x000000000000226c       0x14 ./StdPeriphDriver/CH58x_gpio.o
 .rodata.PS2_Init.str1.4
                0x0000000000002280       0x81 ./HAL/PS2Driver.o
 *fill*         0x0000000000002301        0x3 
 .rodata.__sf_fake_stderr
                0x0000000000002304       0x20 y:/mounriver/mounriver_studio/toolchain/risc-v embedded gcc/bin/../lib/gcc/riscv-none-embed/8.2.0/../../../../riscv-none-embed/lib/rv32imac/ilp32\libg_nano.a(lib_a-findfp.o)
                0x0000000000002304                __sf_fake_stderr
 .rodata.__sf_fake_stdin
                0x0000000000002324       0x20 y:/mounriver/mounriver_studio/toolchain/risc-v embedded gcc/bin/../lib/gcc/riscv-none-embed/8.2.0/../../../../riscv-none-embed/lib/rv32imac/ilp32\libg_nano.a(lib_a-findfp.o)
                0x0000000000002324                __sf_fake_stdin
 .rodata.__sf_fake_stdout
                0x0000000000002344       0x20 y:/mounriver/mounriver_studio/toolchain/risc-v embedded gcc/bin/../lib/gcc/riscv-none-embed/8.2.0/../../../../riscv-none-embed/lib/rv32imac/ilp32\libg_nano.a(lib_a-findfp.o)
                0x0000000000002344                __sf_fake_stdout
 .rodata._vfprintf_r.str1.4
                0x0000000000002364       0x13 y:/mounriver/mounriver_studio/toolchain/risc-v embedded gcc/bin/../lib/gcc/riscv-none-embed/8.2.0/../../../../riscv-none-embed/lib/rv32imac/ilp32\libg_nano.a(lib_a-nano-vfprintf.o)
 *fill*         0x0000000000002377        0x1 
 .rodata._printf_i.str1.4
                0x0000000000002378       0x28 y:/mounriver/mounriver_studio/toolchain/risc-v embedded gcc/bin/../lib/gcc/riscv-none-embed/8.2.0/../../../../riscv-none-embed/lib/rv32imac/ilp32\libg_nano.a(lib_a-nano-vfprintf_i.o)
                                         0x25 (size before relaxing)
 *(.sdata2.*)
 .sdata2._global_impure_ptr
                0x00000000000023a0        0x4 y:/mounriver/mounriver_studio/toolchain/risc-v embedded gcc/bin/../lib/gcc/riscv-none-embed/8.2.0/../../../../riscv-none-embed/lib/rv32imac/ilp32\libg_nano.a(lib_a-impure.o)
                0x00000000000023a0                _global_impure_ptr
 *(.glue_7)
 *(.glue_7t)
 *(.gnu.linkonce.t.*)
                0x00000000000023a4                . = ALIGN (0x4)

.rela.dyn       0x00000000000023a4        0x0
 .rela.text.startup.main
                0x00000000000023a4        0x0 ./src/Main.o
 .rela.highcode
                0x00000000000023a4        0x0 ./src/Main.o
 .rela.init     0x00000000000023a4        0x0 ./src/Main.o
 .rela.vector   0x00000000000023a4        0x0 ./src/Main.o
 .rela.handle_reset
                0x00000000000023a4        0x0 ./src/Main.o
 .rela.text._vfprintf_r
                0x00000000000023a4        0x0 ./src/Main.o
 .rela.text._sbrk_r
                0x00000000000023a4        0x0 ./src/Main.o
 .rela.text._write_r
                0x00000000000023a4        0x0 ./src/Main.o
 .rela.text._close_r
                0x00000000000023a4        0x0 ./src/Main.o
 .rela.text._fstat_r
                0x00000000000023a4        0x0 ./src/Main.o
 .rela.text._isatty_r
                0x00000000000023a4        0x0 ./src/Main.o
 .rela.text._lseek_r
                0x00000000000023a4        0x0 ./src/Main.o
 .rela.text._read_r
                0x00000000000023a4        0x0 ./src/Main.o
 .rela.text._close
                0x00000000000023a4        0x0 ./src/Main.o
 .rela.text._fstat
                0x00000000000023a4        0x0 ./src/Main.o
 .rela.text._isatty
                0x00000000000023a4        0x0 ./src/Main.o
 .rela.text._lseek
                0x00000000000023a4        0x0 ./src/Main.o
 .rela.text._read
                0x00000000000023a4        0x0 ./src/Main.o
 .rela.text._sbrk
                0x00000000000023a4        0x0 ./src/Main.o

.fini           0x00000000000023a4        0x0
 *(SORT_NONE(.fini))
                0x00000000000023a4                . = ALIGN (0x4)
                [!provide]                        PROVIDE (_etext = .)
                [!provide]                        PROVIDE (_eitcm = .)

.preinit_array  0x00000000000023a4        0x0
                [!provide]                        PROVIDE (__preinit_array_start = .)
 *(.preinit_array)
                [!provide]                        PROVIDE (__preinit_array_end = .)

.init_array     0x00000000000023a4        0x0
                [!provide]                        PROVIDE (__init_array_start = .)
 *(SORT_BY_INIT_PRIORITY(.init_array.*) SORT_BY_INIT_PRIORITY(.ctors.*))
 *(.init_array EXCLUDE_FILE(*crtend?.o *crtend.o *crtbegin?.o *crtbegin.o) .ctors)
                [!provide]                        PROVIDE (__init_array_end = .)

.fini_array     0x00000000000023a4        0x0
                [!provide]                        PROVIDE (__fini_array_start = .)
 *(SORT_BY_INIT_PRIORITY(.fini_array.*) SORT_BY_INIT_PRIORITY(.dtors.*))
 *(.fini_array EXCLUDE_FILE(*crtend?.o *crtend.o *crtbegin?.o *crtbegin.o) .dtors)
                [!provide]                        PROVIDE (__fini_array_end = .)

.ctors
 *crtbegin.o(.ctors)
 *crtbegin?.o(.ctors)
 *(EXCLUDE_FILE(*crtend?.o *crtend.o) .ctors)
 *(SORT_BY_NAME(.ctors.*))
 *(.ctors)

.dtors
 *crtbegin.o(.dtors)
 *crtbegin?.o(.dtors)
 *(EXCLUDE_FILE(*crtend?.o *crtend.o) .dtors)
 *(SORT_BY_NAME(.dtors.*))
 *(.dtors)

.dalign         0x00000000200007c0       0x40 load address 0x00000000000023a4
                0x0000000020000800                . = (ORIGIN (RAM) + MAX (0x800, SIZEOF (.highcode)))
 *fill*         0x00000000200007c0       0x40 

.dlalign        0x00000000000023a4        0x0
                0x00000000000023a4                . = ALIGN (0x4)
                0x00000000000023a4                PROVIDE (_data_lma = .)

.data           0x0000000020000800       0x68 load address 0x00000000000023a4
                0x0000000020000800                . = ALIGN (0x4)
                0x0000000020000800                PROVIDE (_data_vma = .)
 *(.gnu.linkonce.r.*)
 *(.data .data.*)
 .data.impure_data
                0x0000000020000800       0x60 y:/mounriver/mounriver_studio/toolchain/risc-v embedded gcc/bin/../lib/gcc/riscv-none-embed/8.2.0/../../../../riscv-none-embed/lib/rv32imac/ilp32\libg_nano.a(lib_a-impure.o)
 *(.gnu.linkonce.d.*)
                0x0000000020000860                . = ALIGN (0x8)
                0x0000000020001060                PROVIDE (__global_pointer$ = (. + 0x800))
 *(.sdata .sdata.*)
 .sdata._impure_ptr
                0x0000000020000860        0x4 y:/mounriver/mounriver_studio/toolchain/risc-v embedded gcc/bin/../lib/gcc/riscv-none-embed/8.2.0/../../../../riscv-none-embed/lib/rv32imac/ilp32\libg_nano.a(lib_a-impure.o)
                0x0000000020000860                _impure_ptr
 *(.gnu.linkonce.s.*)
                0x0000000020000868                . = ALIGN (0x8)
 *fill*         0x0000000020000864        0x4 
 *(.srodata.cst16)
 *(.srodata.cst8)
 *(.srodata.cst4)
 *(.srodata.cst2)
 *(.srodata .srodata.*)
                0x0000000020000868                . = ALIGN (0x4)
                0x0000000020000868                PROVIDE (_edata = .)

.bss            0x0000000020000868      0x224 load address 0x000000000000240c
                0x0000000020000868                . = ALIGN (0x4)
                0x0000000020000868                PROVIDE (_sbss = .)
 *(.sbss*)
 .sbss.PS2_bit_cnt
                0x0000000020000868        0x1 ./src/Main.o
                0x0000000020000868                PS2_bit_cnt
 .sbss.PS2_byte
                0x0000000020000869        0x1 ./src/Main.o
                0x0000000020000869                PS2_byte
 .sbss.PS2_byte_cnt
                0x000000002000086a        0x1 ./src/Main.o
                0x000000002000086a                PS2_byte_cnt
 .sbss.PS2_data_ready
                0x000000002000086b        0x1 ./src/Main.o
                0x000000002000086b                PS2_data_ready
 .sbss.PS2_high_cnt
                0x000000002000086c        0x1 ./src/Main.o
                0x000000002000086c                PS2_high_cnt
 *fill*         0x000000002000086d        0x3 
 .sbss.__malloc_free_list
                0x0000000020000870        0x4 y:/mounriver/mounriver_studio/toolchain/risc-v embedded gcc/bin/../lib/gcc/riscv-none-embed/8.2.0/../../../../riscv-none-embed/lib/rv32imac/ilp32\libg_nano.a(lib_a-nano-mallocr.o)
                0x0000000020000870                __malloc_free_list
 .sbss.__malloc_sbrk_start
                0x0000000020000874        0x4 y:/mounriver/mounriver_studio/toolchain/risc-v embedded gcc/bin/../lib/gcc/riscv-none-embed/8.2.0/../../../../riscv-none-embed/lib/rv32imac/ilp32\libg_nano.a(lib_a-nano-mallocr.o)
                0x0000000020000874                __malloc_sbrk_start
 .sbss.heap_end.1518
                0x0000000020000878        0x4 y:/mounriver/mounriver_studio/toolchain/risc-v embedded gcc/bin/../lib/gcc/riscv-none-embed/8.2.0/../../../../riscv-none-embed/lib/rv32imac/ilp32\libnosys.a(sbrk.o)
 *(.gnu.linkonce.sb.*)
 *(.bss*)
 *(.gnu.linkonce.b.*)
 *(COMMON*)
 COMMON         0x000000002000087c      0x208 ./src/Main.o
                0x000000002000087c                buf
 COMMON         0x0000000020000a84        0x4 ./HAL/PS2Driver.o
                0x0000000020000a84                PS2dat
 COMMON         0x0000000020000a88        0x4 y:/mounriver/mounriver_studio/toolchain/risc-v embedded gcc/bin/../lib/gcc/riscv-none-embed/8.2.0/../../../../riscv-none-embed/lib/rv32imac/ilp32\libg_nano.a(lib_a-reent.o)
                0x0000000020000a88                errno
                0x0000000020000a8c                . = ALIGN (0x4)
                0x0000000020000a8c                PROVIDE (_ebss = .)
                [!provide]                        PROVIDE (_end = _ebss)
                0x0000000020000a8c                PROVIDE (end = .)

.stack          0x0000000020008000        0x0
                0x0000000020008000                . = ALIGN (0x4)
                0x0000000020008000                PROVIDE (_eusrstack = .)
OUTPUT(CH582M.elf elf32-littleriscv)

.debug_info     0x0000000000000000     0x5d2c
 .debug_info    0x0000000000000000      0xf67 ./src/Main.o
 .debug_info    0x0000000000000f67      0xd83 ./StdPeriphDriver/CH58x_gpio.o
 .debug_info    0x0000000000001cea     0x11bf ./StdPeriphDriver/CH58x_sys.o
 .debug_info    0x0000000000002ea9      0xd5b ./StdPeriphDriver/CH58x_uart1.o
 .debug_info    0x0000000000003c04       0x22 ./Startup/startup_CH583.o
 .debug_info    0x0000000000003c26     0x14d8 ./HAL/PS2Driver.o
 .debug_info    0x00000000000050fe      0xc2e ./HAL/UART1.o

.debug_abbrev   0x0000000000000000     0x118a
 .debug_abbrev  0x0000000000000000      0x2ed ./src/Main.o
 .debug_abbrev  0x00000000000002ed      0x268 ./StdPeriphDriver/CH58x_gpio.o
 .debug_abbrev  0x0000000000000555      0x346 ./StdPeriphDriver/CH58x_sys.o
 .debug_abbrev  0x000000000000089b      0x2aa ./StdPeriphDriver/CH58x_uart1.o
 .debug_abbrev  0x0000000000000b45       0x12 ./Startup/startup_CH583.o
 .debug_abbrev  0x0000000000000b57      0x3e6 ./HAL/PS2Driver.o
 .debug_abbrev  0x0000000000000f3d      0x24d ./HAL/UART1.o

.debug_aranges  0x0000000000000000      0x1f8
 .debug_aranges
                0x0000000000000000       0x30 ./src/Main.o
 .debug_aranges
                0x0000000000000030       0x48 ./StdPeriphDriver/CH58x_gpio.o
 .debug_aranges
                0x0000000000000078       0x88 ./StdPeriphDriver/CH58x_sys.o
 .debug_aranges
                0x0000000000000100       0x50 ./StdPeriphDriver/CH58x_uart1.o
 .debug_aranges
                0x0000000000000150       0x30 ./Startup/startup_CH583.o
 .debug_aranges
                0x0000000000000180       0x50 ./HAL/PS2Driver.o
 .debug_aranges
                0x00000000000001d0       0x28 ./HAL/UART1.o

.debug_ranges   0x0000000000000000      0x190
 .debug_ranges  0x0000000000000000       0x20 ./src/Main.o
 .debug_ranges  0x0000000000000020       0x38 ./StdPeriphDriver/CH58x_gpio.o
 .debug_ranges  0x0000000000000058       0x78 ./StdPeriphDriver/CH58x_sys.o
 .debug_ranges  0x00000000000000d0       0x40 ./StdPeriphDriver/CH58x_uart1.o
 .debug_ranges  0x0000000000000110       0x28 ./Startup/startup_CH583.o
 .debug_ranges  0x0000000000000138       0x40 ./HAL/PS2Driver.o
 .debug_ranges  0x0000000000000178       0x18 ./HAL/UART1.o

.debug_line     0x0000000000000000     0x2be7
 .debug_line    0x0000000000000000      0x591 ./src/Main.o
 .debug_line    0x0000000000000591      0x696 ./StdPeriphDriver/CH58x_gpio.o
 .debug_line    0x0000000000000c27      0xbea ./StdPeriphDriver/CH58x_sys.o
 .debug_line    0x0000000000001811      0x4cb ./StdPeriphDriver/CH58x_uart1.o
 .debug_line    0x0000000000001cdc      0x1db ./Startup/startup_CH583.o
 .debug_line    0x0000000000001eb7      0xb49 ./HAL/PS2Driver.o
 .debug_line    0x0000000000002a00      0x1e7 ./HAL/UART1.o

.debug_str      0x0000000000000000     0x10ba
 .debug_str     0x0000000000000000      0xab5 ./src/Main.o
                                        0xb30 (size before relaxing)
 .debug_str     0x0000000000000ab5      0x106 ./StdPeriphDriver/CH58x_gpio.o
                                        0x95b (size before relaxing)
 .debug_str     0x0000000000000bbb      0x223 ./StdPeriphDriver/CH58x_sys.o
                                        0xbb5 (size before relaxing)
 .debug_str     0x0000000000000dde       0xeb ./StdPeriphDriver/CH58x_uart1.o
                                        0x900 (size before relaxing)
 .debug_str     0x0000000000000ec9       0x47 ./Startup/startup_CH583.o
 .debug_str     0x0000000000000f10      0x18a ./HAL/PS2Driver.o
                                        0xbbe (size before relaxing)
 .debug_str     0x000000000000109a       0x20 ./HAL/UART1.o
                                        0x87e (size before relaxing)

.comment        0x0000000000000000       0x33
 .comment       0x0000000000000000       0x33 ./src/Main.o
                                         0x34 (size before relaxing)
 .comment       0x0000000000000033       0x34 ./StdPeriphDriver/CH58x_gpio.o
 .comment       0x0000000000000033       0x34 ./StdPeriphDriver/CH58x_sys.o
 .comment       0x0000000000000033       0x34 ./StdPeriphDriver/CH58x_uart1.o
 .comment       0x0000000000000033       0x34 ./HAL/PS2Driver.o
 .comment       0x0000000000000033       0x34 ./HAL/UART1.o
 .comment       0x0000000000000033       0x34 ../StdPeriphDriver\libISP583.a(ISP583.o)

.debug_frame    0x0000000000000000      0xd84
 .debug_frame   0x0000000000000000       0xac ./src/Main.o
 .debug_frame   0x00000000000000ac       0x70 ./StdPeriphDriver/CH58x_gpio.o
 .debug_frame   0x000000000000011c      0x13c ./StdPeriphDriver/CH58x_sys.o
 .debug_frame   0x0000000000000258       0x9c ./StdPeriphDriver/CH58x_uart1.o
 .debug_frame   0x00000000000002f4      0x100 ./HAL/PS2Driver.o
 .debug_frame   0x00000000000003f4       0x3c ./HAL/UART1.o
 .debug_frame   0x0000000000000430       0x54 y:/mounriver/mounriver_studio/toolchain/risc-v embedded gcc/bin/../lib/gcc/riscv-none-embed/8.2.0/../../../../riscv-none-embed/lib/rv32imac/ilp32\libg_nano.a(lib_a-printf.o)
 .debug_frame   0x0000000000000484       0x54 y:/mounriver/mounriver_studio/toolchain/risc-v embedded gcc/bin/../lib/gcc/riscv-none-embed/8.2.0/../../../../riscv-none-embed/lib/rv32imac/ilp32\libg_nano.a(lib_a-puts.o)
 .debug_frame   0x00000000000004d8       0x20 y:/mounriver/mounriver_studio/toolchain/risc-v embedded gcc/bin/../lib/gcc/riscv-none-embed/8.2.0/../../../../riscv-none-embed/lib/rv32imac/ilp32\libg_nano.a(lib_a-strcpy.o)
 .debug_frame   0x00000000000004f8       0x50 y:/mounriver/mounriver_studio/toolchain/risc-v embedded gcc/bin/../lib/gcc/riscv-none-embed/8.2.0/../../../../riscv-none-embed/lib/rv32imac/ilp32\libg_nano.a(lib_a-wbuf.o)
 .debug_frame   0x0000000000000548       0x3c y:/mounriver/mounriver_studio/toolchain/risc-v embedded gcc/bin/../lib/gcc/riscv-none-embed/8.2.0/../../../../riscv-none-embed/lib/rv32imac/ilp32\libg_nano.a(lib_a-wsetup.o)
 .debug_frame   0x0000000000000584       0x7c y:/mounriver/mounriver_studio/toolchain/risc-v embedded gcc/bin/../lib/gcc/riscv-none-embed/8.2.0/../../../../riscv-none-embed/lib/rv32imac/ilp32\libg_nano.a(lib_a-fflush.o)
 .debug_frame   0x0000000000000600      0x148 y:/mounriver/mounriver_studio/toolchain/risc-v embedded gcc/bin/../lib/gcc/riscv-none-embed/8.2.0/../../../../riscv-none-embed/lib/rv32imac/ilp32\libg_nano.a(lib_a-findfp.o)
 .debug_frame   0x0000000000000748       0x88 y:/mounriver/mounriver_studio/toolchain/risc-v embedded gcc/bin/../lib/gcc/riscv-none-embed/8.2.0/../../../../riscv-none-embed/lib/rv32imac/ilp32\libg_nano.a(lib_a-fwalk.o)
 .debug_frame   0x00000000000007d0       0x64 y:/mounriver/mounriver_studio/toolchain/risc-v embedded gcc/bin/../lib/gcc/riscv-none-embed/8.2.0/../../../../riscv-none-embed/lib/rv32imac/ilp32\libg_nano.a(lib_a-makebuf.o)
 .debug_frame   0x0000000000000834       0x40 y:/mounriver/mounriver_studio/toolchain/risc-v embedded gcc/bin/../lib/gcc/riscv-none-embed/8.2.0/../../../../riscv-none-embed/lib/rv32imac/ilp32\libg_nano.a(lib_a-nano-freer.o)
 .debug_frame   0x0000000000000874       0x40 y:/mounriver/mounriver_studio/toolchain/risc-v embedded gcc/bin/../lib/gcc/riscv-none-embed/8.2.0/../../../../riscv-none-embed/lib/rv32imac/ilp32\libg_nano.a(lib_a-nano-mallocr.o)
 .debug_frame   0x00000000000008b4       0xd0 y:/mounriver/mounriver_studio/toolchain/risc-v embedded gcc/bin/../lib/gcc/riscv-none-embed/8.2.0/../../../../riscv-none-embed/lib/rv32imac/ilp32\libg_nano.a(lib_a-nano-vfprintf.o)
 .debug_frame   0x0000000000000984       0x8c y:/mounriver/mounriver_studio/toolchain/risc-v embedded gcc/bin/../lib/gcc/riscv-none-embed/8.2.0/../../../../riscv-none-embed/lib/rv32imac/ilp32\libg_nano.a(lib_a-nano-vfprintf_i.o)
 .debug_frame   0x0000000000000a10       0x30 y:/mounriver/mounriver_studio/toolchain/risc-v embedded gcc/bin/../lib/gcc/riscv-none-embed/8.2.0/../../../../riscv-none-embed/lib/rv32imac/ilp32\libg_nano.a(lib_a-sbrkr.o)
 .debug_frame   0x0000000000000a40       0xa4 y:/mounriver/mounriver_studio/toolchain/risc-v embedded gcc/bin/../lib/gcc/riscv-none-embed/8.2.0/../../../../riscv-none-embed/lib/rv32imac/ilp32\libg_nano.a(lib_a-stdio.o)
 .debug_frame   0x0000000000000ae4       0x30 y:/mounriver/mounriver_studio/toolchain/risc-v embedded gcc/bin/../lib/gcc/riscv-none-embed/8.2.0/../../../../riscv-none-embed/lib/rv32imac/ilp32\libg_nano.a(lib_a-writer.o)
 .debug_frame   0x0000000000000b14       0x30 y:/mounriver/mounriver_studio/toolchain/risc-v embedded gcc/bin/../lib/gcc/riscv-none-embed/8.2.0/../../../../riscv-none-embed/lib/rv32imac/ilp32\libg_nano.a(lib_a-closer.o)
 .debug_frame   0x0000000000000b44       0x30 y:/mounriver/mounriver_studio/toolchain/risc-v embedded gcc/bin/../lib/gcc/riscv-none-embed/8.2.0/../../../../riscv-none-embed/lib/rv32imac/ilp32\libg_nano.a(lib_a-fstatr.o)
 .debug_frame   0x0000000000000b74       0x30 y:/mounriver/mounriver_studio/toolchain/risc-v embedded gcc/bin/../lib/gcc/riscv-none-embed/8.2.0/../../../../riscv-none-embed/lib/rv32imac/ilp32\libg_nano.a(lib_a-isattyr.o)
 .debug_frame   0x0000000000000ba4       0x30 y:/mounriver/mounriver_studio/toolchain/risc-v embedded gcc/bin/../lib/gcc/riscv-none-embed/8.2.0/../../../../riscv-none-embed/lib/rv32imac/ilp32\libg_nano.a(lib_a-lseekr.o)
 .debug_frame   0x0000000000000bd4       0x20 y:/mounriver/mounriver_studio/toolchain/risc-v embedded gcc/bin/../lib/gcc/riscv-none-embed/8.2.0/../../../../riscv-none-embed/lib/rv32imac/ilp32\libg_nano.a(lib_a-memchr.o)
 .debug_frame   0x0000000000000bf4       0x30 y:/mounriver/mounriver_studio/toolchain/risc-v embedded gcc/bin/../lib/gcc/riscv-none-embed/8.2.0/../../../../riscv-none-embed/lib/rv32imac/ilp32\libg_nano.a(lib_a-mlock.o)
 .debug_frame   0x0000000000000c24       0x30 y:/mounriver/mounriver_studio/toolchain/risc-v embedded gcc/bin/../lib/gcc/riscv-none-embed/8.2.0/../../../../riscv-none-embed/lib/rv32imac/ilp32\libg_nano.a(lib_a-readr.o)
 .debug_frame   0x0000000000000c54       0x70 y:/mounriver/mounriver_studio/toolchain/risc-v embedded gcc/bin/../lib/gcc/riscv-none-embed/8.2.0/../../../../riscv-none-embed/lib/rv32imac/ilp32\libg_nano.a(lib_a-reent.o)
 .debug_frame   0x0000000000000cc4       0x20 y:/mounriver/mounriver_studio/toolchain/risc-v embedded gcc/bin/../lib/gcc/riscv-none-embed/8.2.0/../../../../riscv-none-embed/lib/rv32imac/ilp32\libnosys.a(close.o)
 .debug_frame   0x0000000000000ce4       0x20 y:/mounriver/mounriver_studio/toolchain/risc-v embedded gcc/bin/../lib/gcc/riscv-none-embed/8.2.0/../../../../riscv-none-embed/lib/rv32imac/ilp32\libnosys.a(fstat.o)
 .debug_frame   0x0000000000000d04       0x20 y:/mounriver/mounriver_studio/toolchain/risc-v embedded gcc/bin/../lib/gcc/riscv-none-embed/8.2.0/../../../../riscv-none-embed/lib/rv32imac/ilp32\libnosys.a(isatty.o)
 .debug_frame   0x0000000000000d24       0x20 y:/mounriver/mounriver_studio/toolchain/risc-v embedded gcc/bin/../lib/gcc/riscv-none-embed/8.2.0/../../../../riscv-none-embed/lib/rv32imac/ilp32\libnosys.a(lseek.o)
 .debug_frame   0x0000000000000d44       0x20 y:/mounriver/mounriver_studio/toolchain/risc-v embedded gcc/bin/../lib/gcc/riscv-none-embed/8.2.0/../../../../riscv-none-embed/lib/rv32imac/ilp32\libnosys.a(read.o)
 .debug_frame   0x0000000000000d64       0x20 y:/mounriver/mounriver_studio/toolchain/risc-v embedded gcc/bin/../lib/gcc/riscv-none-embed/8.2.0/../../../../riscv-none-embed/lib/rv32imac/ilp32\libnosys.a(sbrk.o)

.debug_loc      0x0000000000000000      0xa76
 .debug_loc     0x0000000000000000      0x361 ./StdPeriphDriver/CH58x_gpio.o
 .debug_loc     0x0000000000000361      0x25a ./StdPeriphDriver/CH58x_sys.o
 .debug_loc     0x00000000000005bb      0x1ed ./StdPeriphDriver/CH58x_uart1.o
 .debug_loc     0x00000000000007a8      0x2ce ./HAL/PS2Driver.o

.stab           0x0000000000000000       0x84
 .stab          0x0000000000000000       0x24 y:/mounriver/mounriver_studio/toolchain/risc-v embedded gcc/bin/../lib/gcc/riscv-none-embed/8.2.0/../../../../riscv-none-embed/lib/rv32imac/ilp32\libnosys.a(close.o)
 .stab          0x0000000000000024       0x18 y:/mounriver/mounriver_studio/toolchain/risc-v embedded gcc/bin/../lib/gcc/riscv-none-embed/8.2.0/../../../../riscv-none-embed/lib/rv32imac/ilp32\libnosys.a(fstat.o)
                                         0x24 (size before relaxing)
 .stab          0x000000000000003c       0x18 y:/mounriver/mounriver_studio/toolchain/risc-v embedded gcc/bin/../lib/gcc/riscv-none-embed/8.2.0/../../../../riscv-none-embed/lib/rv32imac/ilp32\libnosys.a(isatty.o)
                                         0x24 (size before relaxing)
 .stab          0x0000000000000054       0x18 y:/mounriver/mounriver_studio/toolchain/risc-v embedded gcc/bin/../lib/gcc/riscv-none-embed/8.2.0/../../../../riscv-none-embed/lib/rv32imac/ilp32\libnosys.a(lseek.o)
                                         0x24 (size before relaxing)
 .stab          0x000000000000006c       0x18 y:/mounriver/mounriver_studio/toolchain/risc-v embedded gcc/bin/../lib/gcc/riscv-none-embed/8.2.0/../../../../riscv-none-embed/lib/rv32imac/ilp32\libnosys.a(read.o)
                                         0x24 (size before relaxing)

.stabstr        0x0000000000000000      0x117
 .stabstr       0x0000000000000000      0x117 y:/mounriver/mounriver_studio/toolchain/risc-v embedded gcc/bin/../lib/gcc/riscv-none-embed/8.2.0/../../../../riscv-none-embed/lib/rv32imac/ilp32\libnosys.a(close.o)
