Archive member included to satisfy reference by file (symbol)

E:\Project\tp78\mounriver_project\BLE_CH582M\StdPeriphDriver\libISP583.a(ISP583.o)
                              ./TMOS/BLE.o (FLASH_EEPROM_CMD)
E:\Project\tp78\mounriver_project\BLE_CH582M\LIB\libCH58xBLE.a(message.o)
                              ./TMOS/BLE.o (tmos_msg_deallocate)
E:\Project\tp78\mounriver_project\BLE_CH582M\LIB\libCH58xBLE.a(tmos.o)
                              E:\Project\tp78\mounriver_project\BLE_CH582M\LIB\libCH58xBLE.a(message.o) (gTmosPara)
E:\Project\tp78\mounriver_project\BLE_CH582M\LIB\libCH58xBLE.a(tmos_hw.o)
                              E:\Project\tp78\mounriver_project\BLE_CH582M\LIB\libCH58xBLE.a(tmos.o) (RTC_Get32KClock)
E:\Project\tp78\mounriver_project\BLE_CH582M\LIB\libCH58xBLE.a(gap.o)
                              ./Profile/hiddev.o (GAP_SetParamValue)
E:\Project\tp78\mounriver_project\BLE_CH582M\LIB\libCH58xBLE.a(gap_central.o)
                              E:\Project\tp78\mounriver_project\BLE_CH582M\LIB\libCH58xBLE.a(gap.o) (gapProcessPeriodicAdvertisingSyncEstablishedEvt)
E:\Project\tp78\mounriver_project\BLE_CH582M\LIB\libCH58xBLE.a(gap_peripheral.o)
                              ./TMOS/BLE.o (GAP_ConfigDeviceAddr)
E:\Project\tp78\mounriver_project\BLE_CH582M\LIB\libCH58xBLE.a(gapgattserver.o)
                              ./TMOS/BLE.o (GGS_SetParameter)
E:\Project\tp78\mounriver_project\BLE_CH582M\LIB\libCH58xBLE.a(gatt.o)
                              ./Profile/battservice.o (GATT_bm_alloc)
E:\Project\tp78\mounriver_project\BLE_CH582M\LIB\libCH58xBLE.a(gatt_uuid.o)
                              ./Profile/battservice.o (reportRefUUID)
E:\Project\tp78\mounriver_project\BLE_CH582M\LIB\libCH58xBLE.a(gattclientapp.o)
                              E:\Project\tp78\mounriver_project\BLE_CH582M\LIB\libCH58xBLE.a(gatt.o) (gattGetClientStatus)
E:\Project\tp78\mounriver_project\BLE_CH582M\LIB\libCH58xBLE.a(gattservapp.o)
                              ./Profile/battservice.o (GATTServApp_ReadCharCfg)
E:\Project\tp78\mounriver_project\BLE_CH582M\LIB\libCH58xBLE.a(l2cap.o)
                              E:\Project\tp78\mounriver_project\BLE_CH582M\LIB\libCH58xBLE.a(gatt.o) (L2CAP_GetMTU)
E:\Project\tp78\mounriver_project\BLE_CH582M\LIB\libCH58xBLE.a(l2cap_input.o)
                              E:\Project\tp78\mounriver_project\BLE_CH582M\LIB\libCH58xBLE.a(l2cap.o) (l2capProcessRxData)
E:\Project\tp78\mounriver_project\BLE_CH582M\LIB\libCH58xBLE.a(l2cap_output.o)
                              E:\Project\tp78\mounriver_project\BLE_CH582M\LIB\libCH58xBLE.a(l2cap_input.o) (l2capNotifyData)
E:\Project\tp78\mounriver_project\BLE_CH582M\LIB\libCH58xBLE.a(l2cap_sdu.o)
                              E:\Project\tp78\mounriver_project\BLE_CH582M\LIB\libCH58xBLE.a(l2cap_input.o) (l2capBuildDisconnectRsp)
E:\Project\tp78\mounriver_project\BLE_CH582M\LIB\libCH58xBLE.a(linkdb.o)
                              E:\Project\tp78\mounriver_project\BLE_CH582M\LIB\libCH58xBLE.a(l2cap.o) (linkDB_Init)
E:\Project\tp78\mounriver_project\BLE_CH582M\LIB\libCH58xBLE.a(sm.o)
                              E:\Project\tp78\mounriver_project\BLE_CH582M\LIB\libCH58xBLE.a(gap.o) (smStartEncryption)
E:\Project\tp78\mounriver_project\BLE_CH582M\LIB\libCH58xBLE.a(host_input.o)
                              E:\Project\tp78\mounriver_project\BLE_CH582M\LIB\libCH58xBLE.a(gap.o) (gBleHostPara)
E:\Project\tp78\mounriver_project\BLE_CH582M\LIB\libCH58xBLE.a(host_output.o)
                              E:\Project\tp78\mounriver_project\BLE_CH582M\LIB\libCH58xBLE.a(gap.o) (HCI_DisconnectCmd)
E:\Project\tp78\mounriver_project\BLE_CH582M\LIB\libCH58xBLE.a(ll_connect.o)
                              E:\Project\tp78\mounriver_project\BLE_CH582M\LIB\libCH58xBLE.a(tmos.o) (LL_GetNextConnectEventTime)
E:\Project\tp78\mounriver_project\BLE_CH582M\LIB\libCH58xBLE.a(ll_core.o)
                              E:\Project\tp78\mounriver_project\BLE_CH582M\LIB\libCH58xBLE.a(ll_connect.o) (LL_CoreGetCore)
E:\Project\tp78\mounriver_project\BLE_CH582M\LIB\libCH58xBLE.a(ll_hop.o)
                              E:\Project\tp78\mounriver_project\BLE_CH582M\LIB\libCH58xBLE.a(ll_connect.o) (LL_HopGetChannel)
E:\Project\tp78\mounriver_project\BLE_CH582M\LIB\libCH58xBLE.a(ll_master.o)
                              E:\Project\tp78\mounriver_project\BLE_CH582M\LIB\libCH58xBLE.a(ll_connect.o) (ll_master_process)
E:\Project\tp78\mounriver_project\BLE_CH582M\LIB\libCH58xBLE.a(ll_pdu.o)
                              E:\Project\tp78\mounriver_project\BLE_CH582M\LIB\libCH58xBLE.a(ll_master.o) (LL_SendAck)
E:\Project\tp78\mounriver_project\BLE_CH582M\LIB\libCH58xBLE.a(ll_report.o)
                              E:\Project\tp78\mounriver_project\BLE_CH582M\LIB\libCH58xBLE.a(ll_connect.o) (LL_ReportGenerateEvent)
E:\Project\tp78\mounriver_project\BLE_CH582M\LIB\libCH58xBLE.a(ll_scan.o)
[...]
Memory Configuration

Name             Origin             Length             Attributes
FLASH            0x0000000000000000 0x0000000000070000 xr
RAM              0x0000000020000000 0x0000000000008000 xrw
*default*        0x0000000000000000 0xffffffffffffffff

Linker script and memory map

LOAD ./TMOS/BLE.o
LOAD ./TMOS/MCU.o
LOAD ./StdPeriphDriver/CH58x_adc.o
LOAD ./StdPeriphDriver/CH58x_clk.o
LOAD ./StdPeriphDriver/CH58x_flash.o
LOAD ./StdPeriphDriver/CH58x_gpio.o
LOAD ./StdPeriphDriver/CH58x_i2c.o
LOAD ./StdPeriphDriver/CH58x_pwm.o
LOAD ./StdPeriphDriver/CH58x_pwr.o
LOAD ./StdPeriphDriver/CH58x_spi0.o
LOAD ./StdPeriphDriver/CH58x_spi1.o
LOAD ./StdPeriphDriver/CH58x_sys.o
LOAD ./StdPeriphDriver/CH58x_timer0.o
LOAD ./StdPeriphDriver/CH58x_timer1.o
LOAD ./StdPeriphDriver/CH58x_timer2.o
LOAD ./StdPeriphDriver/CH58x_timer3.o
LOAD ./StdPeriphDriver/CH58x_uart0.o
LOAD ./StdPeriphDriver/CH58x_uart1.o
LOAD ./StdPeriphDriver/CH58x_uart2.o
LOAD ./StdPeriphDriver/CH58x_uart3.o
LOAD ./StdPeriphDriver/CH58x_usb2dev.o
LOAD ./StdPeriphDriver/CH58x_usb2hostBase.o
LOAD ./StdPeriphDriver/CH58x_usb2hostClass.o
LOAD ./StdPeriphDriver/CH58x_usbdev.o
LOAD ./StdPeriphDriver/CH58x_usbhostBase.o
LOAD ./StdPeriphDriver/CH58x_usbhostClass.o
LOAD ./Startup/startup_CH583.o
LOAD ./RVMSIS/core_riscv.o
LOAD ./Profile/battservice.o
LOAD ./Profile/devinfoservice.o
LOAD ./Profile/hiddev.o
LOAD ./Profile/hidkbmservice.o
LOAD ./Profile/scanparamservice.o
LOAD ./HAL/BATTERY.o
LOAD ./HAL/ISP.o
LOAD ./HAL/KEY.o
LOAD ./HAL/KEYBOARD.o
LOAD ./HAL/LED.o
LOAD ./HAL/OLED.o
LOAD ./HAL/OLEDFONT.o
LOAD ./HAL/PS2.o
LOAD ./HAL/RTC.o
LOAD ./HAL/SLEEP.o
LOAD ./HAL/USB.o
LOAD ./HAL/WS2812.o
LOAD ./APP/main.o
LOAD ./APP/snake.o
LOAD E:\Project\tp78\mounriver_project\BLE_CH582M\StdPeriphDriver\libISP583.a
LOAD E:\Project\tp78\mounriver_project\BLE_CH582M\LIB\libCH58xBLE.a
LOAD d:/mounriver/mounriver_studio/toolchain/risc-v embedded gcc/bin/../lib/gcc/riscv-none-embed/8.2.0/rv32imac/ilp32\libgcc.a
LOAD d:/mounriver/mounriver_studio/toolchain/risc-v embedded gcc/bin/../lib/gcc/riscv-none-embed/8.2.0/../../../../riscv-none-embed/lib/rv32imac/ilp32\libg_nano.a
LOAD d:/mounriver/mounriver_studio/toolchain/risc-v embedded gcc/bin/../lib/gcc/riscv-none-embed/8.2.0/../../../../riscv-none-embed/lib/rv32imac/ilp32\libc_nano.a
LOAD d:/mounriver/mounriver_studio/toolchain/risc-v embedded gcc/bin/../lib/gcc/riscv-none-embed/8.2.0/rv32imac/ilp32\libgcc.a
START GROUP
LOAD d:/mounriver/mounriver_studio/toolchain/risc-v embedded gcc/bin/../lib/gcc/riscv-none-embed/8.2.0/rv32imac/ilp32\libgcc.a
LOAD d:/mounriver/mounriver_studio/toolchain/risc-v embedded gcc/bin/../lib/gcc/riscv-none-embed/8.2.0/../../../../riscv-none-embed/lib/rv32imac/ilp32\libc_nano.a
LOAD d:/mounriver/mounriver_studio/toolchain/risc-v embedded gcc/bin/../lib/gcc/riscv-none-embed/8.2.0/../../../../riscv-none-embed/lib/rv32imac/ilp32\libnosys.a
END GROUP
START GROUP
LOAD d:/mounriver/mounriver_studio/toolchain/risc-v embedded gcc/bin/../lib/gcc/riscv-none-embed/8.2.0/rv32imac/ilp32\libgcc.a
LOAD d:/mounriver/mounriver_studio/toolchain/risc-v embedded gcc/bin/../lib/gcc/riscv-none-embed/8.2.0/../../../../riscv-none-embed/lib/rv32imac/ilp32\libc_nano.a
LOAD d:/mounriver/mounriver_studio/toolchain/risc-v embedded gcc/bin/../lib/gcc/riscv-none-embed/8.2.0/../../../../riscv-none-embed/lib/rv32imac/ilp32\libnosys.a
END GROUP

.init           0x0000000000000000        0x4
                0x0000000000000000                _sinit = .
                0x0000000000000000                . = ALIGN (0x4)
 *(SORT_NONE(.init))
 .init          0x0000000000000000        0x4 ./Startup/startup_CH583.o
                0x0000000000000000                _start
                0x0000000000000004                . = ALIGN (0x4)
                0x0000000000000004                _einit = .

.highcodelalign
                0x0000000000000004        0x0
                0x0000000000000004                . = ALIGN (0x4)
                0x0000000000000004                PROVIDE (_highcode_lma = .)

.highcode       0x0000000020000000     0x2108 load address 0x0000000000000004
                0x0000000020000000                . = ALIGN (0x4)
                0x0000000020000000                PROVIDE (_highcode_vma_start = .)
 *(.vector)
 .vector        0x0000000020000000       0x90 ./Startup/startup_CH583.o
 *(SORT_NONE(.vector_handler))
 .vector_handler
                0x0000000020000090       0x36 ./Startup/startup_CH583.o
                0x0000000020000090                NMI_Handler
                0x0000000020000094                Ecall_M_Mode_Handler
                0x0000000020000096                Ecall_U_Mode_Handler
                0x0000000020000098                Break_Point_Handler
                0x000000002000009a                SysTick_Handler
                0x000000002000009c                SW_Handler
                0x000000002000009e                TMR0_IRQHandler
                0x00000000200000a0                GPIOA_IRQHandler
                0x00000000200000a4                SPI0_IRQHandler
                0x00000000200000a6                BB_IRQHandler
                0x00000000200000a8                LLE_IRQHandler
                0x00000000200000ac                USB2_IRQHandler
                0x00000000200000ae                TMR1_IRQHandler
                0x00000000200000b0                TMR2_IRQHandler
                0x00000000200000b2                UART0_IRQHandler
                0x00000000200000b4                UART1_IRQHandler
                0x00000000200000b8                ADC_IRQHandler
                0x00000000200000ba                I2C_IRQHandler
                0x00000000200000bc                PWMX_IRQHandler
                0x00000000200000be                TMR3_IRQHandler
                0x00000000200000c0                UART2_IRQHandler
                0x00000000200000c2                UART3_IRQHandler
                0x00000000200000c4                WDOG_BAT_IRQHandler
 *(.highcode)
 .highcode      0x00000000200000c6      0x1c6 ./StdPeriphDriver/CH58x_sys.o
                0x00000000200000c6                SetSysClock
                0x000000002000021c                HardFault_Handler
                0x0000000020000256                mDelayuS
                0x0000000020000264                mDelaymS
 .highcode      0x000000002000028c       0x7a ./HAL/ISP.o
                0x000000002000028c                APPJumpBoot
                0x00000000200002d6                SoftReset
 .highcode      0x0000000020000306        0xc ./HAL/PS2.o
                0x0000000020000306                GPIOB_IRQHandler
 .highcode      0x0000000020000312       0x1a ./HAL/RTC.o
                0x0000000020000312                RTC_IRQHandler
 .highcode      0x000000002000032c        0xc ./HAL/USB.o
                0x000000002000032c                USB_IRQHandler
 .highcode      0x0000000020000338        0xa ./APP/main.o
                0x0000000020000338                Main_Circulation
 .highcode      0x0000000020000342      0x426 E:\Project\tp78\mounriver_project\BLE_CH582M\StdPeriphDriver\libISP583.a(ISP583.o)
                0x0000000020000342                FLASH_ROM_BEG
                0x0000000020000354                FLASH_ROM_END
                0x0000000020000362                FLASH_ROM_IN
                0x0000000020000370                FLASH_ROM_OUT
                0x000000002000037e                FLASH_ROM_ADDR
                0x00000000200003c6                FLASH_ROM_WAIT
                0x00000000200003fe                FLASH_EEPROM_CMD
 .highcode      0x0000000020000768      0x4ae E:\Project\tp78\mounriver_project\BLE_CH582M\LIB\libCH58xBLE.a(tmos.o)
                0x0000000020000768                tmos_proces_sleep
                0x00000000200008b8                tmos_memcpy
                0x00000000200008d8                tmos_memcpy_word
                0x00000000200008f0                tmos_memcmp
                0x000000002000091e                tmos_proces_system_time
                0x0000000020000a6a                TMOS_SystemProcess
 .highcode      0x0000000020000c16       0x4a E:\Project\tp78\mounriver_project\BLE_CH582M\LIB\libCH58xBLE.a(tmos_hw.o)
                0x0000000020000c16                BLE_GetHSEClock
                0x0000000020000c48                RTC_Get32KClock
 .highcode      0x0000000020000c60      0x758 E:\Project\tp78\mounriver_project\BLE_CH582M\LIB\libCH58xBLE.a(ll_connect.o)
                0x0000000020000c60                ll_connect_send_data
                0x0000000020000d6e                ll_connect_recv_data
                0x0000000020000e48                ll_connect_event_continue
                0x0000000020000f42                ll_connect_process_event
 .highcode      0x00000000200013b8      0x310 E:\Project\tp78\mounriver_project\BLE_CH582M\LIB\libCH58xBLE.a(ll_hop.o)
                0x00000000200013b8                LL_HopGetChannel
                0x000000002000145e                LL_HopGetChannel2
 .highcode      0x00000000200016c8       0x4e E:\Project\tp78\mounriver_project\BLE_CH582M\LIB\libCH58xBLE.a(ll_whitelist.o)
                0x00000000200016c8                LL_WhitelistLookup
 .highcode      0x0000000020001716      0x10a E:\Project\tp78\mounriver_project\BLE_CH582M\LIB\libCH58xBLE.a(bb.o)
                0x0000000020001716                BB_RAM_IRQHandler
 .highcode      0x0000000020001820      0x3d6 E:\Project\tp78\mounriver_project\BLE_CH582M\LIB\libCH58xBLE.a(ip.o)
                0x0000000020001820                ll_rx_wait_finish
                0x0000000020001842                ble_ll_chkcrc
                0x0000000020001950                ll_tx_wait_finish
                0x0000000020001a88                BLE_CheckHoppingMap
 .highcode      0x0000000020001bf6      0x1d2 E:\Project\tp78\mounriver_project\BLE_CH582M\LIB\libCH58xBLE.a(rf_fh.o)
                0x0000000020001bf6                RF_HopGetChannel
                0x0000000020001c78                RF_FrequencyHoppingGet
                0x0000000020001d2e                RF_FrequencyHoppingChange
 .highcode      0x0000000020001dc8       0x30 E:\Project\tp78\mounriver_project\BLE_CH582M\LIB\libCH58xBLE.a(rfend.o)
                0x0000000020001dc8                RFEND_WaitTune
 .highcode      0x0000000020001df8      0x1d8 E:\Project\tp78\mounriver_project\BLE_CH582M\LIB\libCH58xBLE.a(memory.o)
                0x0000000020001df8                tmos_memory_allocate
                0x0000000020001ef0                tmos_memory_free
 .highcode      0x0000000020001fd0      0x138 E:\Project\tp78\mounriver_project\BLE_CH582M\LIB\libCH58xBLE.a(ll_resolvinglist.o)
                0x0000000020001fd0                LL_ResolvinglistPeerIdentifyAddressGetIrk
                0x0000000020002024                LL_ResolvinglistPeerRpaAddressGetIrk
                0x0000000020002066                LL_ResolvinglistLocalRpaAddressGetIrk
                0x00000000200020a8                LL_ResolvinglistCheckPeerResolution
 *(.highcode.*)
                0x0000000020002108                . = ALIGN (0x4)
 *fill*         0x0000000020002108        0x0 
                0x0000000020002108                PROVIDE (_highcode_vma_end = .)

.text           0x000000000000210c    0x244c0
                0x000000000000210c                . = ALIGN (0x4)
 *(SORT_NONE(.handle_reset))
 .handle_reset  0x000000000000210c       0xae ./Startup/startup_CH583.o
                0x000000000000210c                handle_reset
 *(.text)
 .text          0x00000000000021ba       0xa8 d:/mounriver/mounriver_studio/toolchain/risc-v embedded gcc/bin/../lib/gcc/riscv-none-embed/8.2.0/../../../../riscv-none-embed/lib/rv32imac/ilp32\libg_nano.a(lib_a-memset.o)
                0x00000000000021ba                memset
 *(.text.*)
 .text.hidEmuEvtCB
                0x0000000000002262        0x2 ./TMOS/BLE.o
 .text.hidEmuStateCB
                0x0000000000002264      0x104 ./TMOS/BLE.o
 .text.hidEmuSendKbdReport
                0x0000000000002368       0x24 ./TMOS/BLE.o
 .text.hidEmuRptCB
                0x000000000000238c       0x78 ./TMOS/BLE.o
 .text.HidEmu_ProcessEvent
                0x0000000000002404      0x206 ./TMOS/BLE.o
                0x0000000000002404                HidEmu_ProcessEvent
 .text.FLASH_Read_DeviceID
                0x000000000000260a       0x30 ./TMOS/BLE.o
                0x000000000000260a                FLASH_Read_DeviceID
 .text.FLASH_Write_DeviceID
                0x000000000000263a       0x24 ./TMOS/BLE.o
                0x000000000000263a                FLASH_Write_DeviceID
 .text.HidEmu_Init
                0x000000000000265e       0xec ./TMOS/BLE.o
                0x000000000000265e                HidEmu_Init
 .text.SW_PaintedEgg_Process
                0x000000000000274a       0x80 ./TMOS/MCU.o
                0x000000000000274a                SW_PaintedEgg_Process
 .text.SW_OLED_UBStatus_Process
                0x00000000000027ca       0xde ./TMOS/MCU.o
                0x00000000000027ca                SW_OLED_UBStatus_Process
 .text.HW_Battery_Process
                0x00000000000028a8       0x6e ./TMOS/MCU.o
                0x00000000000028a8                HW_Battery_Process
 .text.HW_WS2812_Process
                0x0000000000002916       0x10 ./TMOS/MCU.o
                0x0000000000002916                HW_WS2812_Process
 .text.Lib_Calibration_LSI
                0x0000000000002926        0x4 ./TMOS/MCU.o
                0x0000000000002926                Lib_Calibration_LSI
 .text.Lib_Read_Flash
                0x000000000000292a       0x1c ./TMOS/MCU.o
                0x000000000000292a                Lib_Read_Flash
 .text.Lib_Write_Flash
                0x0000000000002946       0x42 ./TMOS/MCU.o
                0x0000000000002946                Lib_Write_Flash
 .text.HAL_GetInterTempValue
                0x0000000000002988       0x70 ./TMOS/MCU.o
                0x0000000000002988                HAL_GetInterTempValue
 .text.HID_VOL_Process
                0x00000000000029f8       0x20 ./TMOS/MCU.o
                0x00000000000029f8                HID_VOL_Process
 .text.HID_KEYBOARD_Process
                0x0000000000002a18       0xc4 ./TMOS/MCU.o
                0x0000000000002a18                HID_KEYBOARD_Process
 .text.HID_PS2TP_Process
                0x0000000000002adc       0x6c ./TMOS/MCU.o
                0x0000000000002adc                HID_PS2TP_Process
 .text.SW_OLED_Capslock_Process
                0x0000000000002b48       0x40 ./TMOS/MCU.o
                0x0000000000002b48                SW_OLED_Capslock_Process
 .text.HAL_ProcessEvent
                0x0000000000002b88      0x13c ./TMOS/MCU.o
                0x0000000000002b88                HAL_ProcessEvent
 .text.CH57X_BLEInit
                0x0000000000002cc4      0x13a ./TMOS/MCU.o
                0x0000000000002cc4                CH57X_BLEInit
 .text.HAL_Init
                0x0000000000002dfe      0x11e ./TMOS/MCU.o
                0x0000000000002dfe                HAL_Init
 .text.ADC_ExtSingleChSampInit
                0x0000000000002f1c       0x24 ./StdPeriphDriver/CH58x_adc.o
                0x0000000000002f1c                ADC_ExtSingleChSampInit
 .text.ADC_InterTSSampInit
                0x0000000000002f40       0x28 ./StdPeriphDriver/CH58x_adc.o
                0x0000000000002f40                ADC_InterTSSampInit
 .text.Calibration_LSI
                0x0000000000002f68      0x226 ./StdPeriphDriver/CH58x_clk.o
                0x0000000000002f68                Calibration_LSI
 .text.GPIOA_ModeCfg
                0x000000000000318e       0xa6 ./StdPeriphDriver/CH58x_gpio.o
                0x000000000000318e                GPIOA_ModeCfg
 .text.GPIOB_ModeCfg
                0x0000000000003234       0xa6 ./StdPeriphDriver/CH58x_gpio.o
                0x0000000000003234                GPIOB_ModeCfg
 .text.GPIOB_ITModeCfg
                0x00000000000032da       0x8a ./StdPeriphDriver/CH58x_gpio.o
                0x00000000000032da                GPIOB_ITModeCfg
 .text.GPIOPinRemap
                0x0000000000003364       0x1a ./StdPeriphDriver/CH58x_gpio.o
                0x0000000000003364                GPIOPinRemap
 .text.GetSysClock
                0x000000000000337e       0x42 ./StdPeriphDriver/CH58x_sys.o
                0x000000000000337e                GetSysClock
 .text.SYS_GetSysTickCnt
                0x00000000000033c0        0xa ./StdPeriphDriver/CH58x_sys.o
                0x00000000000033c0                SYS_GetSysTickCnt
 .text._write   0x00000000000033ca       0x28 ./StdPeriphDriver/CH58x_sys.o
                0x00000000000033ca                _write
 .text.TMR1_PWMInit
                0x00000000000033f2       0x18 ./StdPeriphDriver/CH58x_timer1.o
                0x00000000000033f2                TMR1_PWMInit
 .text.TMR1_DMACfg
                0x000000000000340a       0x20 ./StdPeriphDriver/CH58x_timer1.o
                0x000000000000340a                TMR1_DMACfg
 .text.UART3_BaudRateCfg
                0x000000000000342a       0x30 ./StdPeriphDriver/CH58x_uart3.o
                0x000000000000342a                UART3_BaudRateCfg
 .text.UART3_DefInit
                0x000000000000345a       0x32 ./StdPeriphDriver/CH58x_uart3.o
                0x000000000000345a                UART3_DefInit
 .text.USB_DeviceInit
                0x000000000000348c       0x8e ./StdPeriphDriver/CH58x_usbdev.o
                0x000000000000348c                USB_DeviceInit
 .text.DevEP1_IN_Deal
                0x000000000000351a       0x16 ./StdPeriphDriver/CH58x_usbdev.o
                0x000000000000351a                DevEP1_IN_Deal
 .text.DevEP2_IN_Deal
                0x0000000000003530       0x16 ./StdPeriphDriver/CH58x_usbdev.o
                0x0000000000003530                DevEP2_IN_Deal
 .text.DevEP3_IN_Deal
                0x0000000000003546       0x16 ./StdPeriphDriver/CH58x_usbdev.o
                0x0000000000003546                DevEP3_IN_Deal
 .text.DevEP4_IN_Deal
                0x000000000000355c       0x16 ./StdPeriphDriver/CH58x_usbdev.o
                0x000000000000355c                DevEP4_IN_Deal
 .text.battMeasure
                0x0000000000003572       0x8a ./Profile/battservice.o
 .text.battWriteAttrCB
                0x00000000000035fc       0x5e ./Profile/battservice.o
 .text.battReadAttrCB
                0x000000000000365a       0x72 ./Profile/battservice.o
 .text.battNotifyCB
                0x00000000000036cc       0x72 ./Profile/battservice.o
 .text.Batt_AddService
                0x000000000000373e       0x2c ./Profile/battservice.o
                0x000000000000373e                Batt_AddService
 .text.Batt_Register
                0x000000000000376a        0x6 ./Profile/battservice.o
                0x000000000000376a                Batt_Register
 .text.Batt_SetParameter
                0x0000000000003770       0x36 ./Profile/battservice.o
                0x0000000000003770                Batt_SetParameter
 .text.Batt_GetParameter
                0x00000000000037a6       0x66 ./Profile/battservice.o
                0x00000000000037a6                Batt_GetParameter
 .text.Batt_MeasLevel
                0x000000000000380c       0x26 ./Profile/battservice.o
                0x000000000000380c                Batt_MeasLevel
 .text.Batt_HandleConnStatusCB
                0x0000000000003832       0x3e ./Profile/battservice.o
                0x0000000000003832                Batt_HandleConnStatusCB
 .text.devInfo_ReadAttrCB
                0x0000000000003870      0x196 ./Profile/devinfoservice.o
 .text.DevInfo_AddService
                0x0000000000003a06       0x18 ./Profile/devinfoservice.o
                0x0000000000003a06                DevInfo_AddService
 .text.hidDevScanParamCB
                0x0000000000003a1e        0x2 ./Profile/hiddev.o
 .text.hidDevRptByHandle
                0x0000000000003a20       0x30 ./Profile/hiddev.o
 .text.hidDevParamUpdateCB
                0x0000000000003a50       0x12 ./Profile/hiddev.o
 .text.hidDevInitialAdvertising
                0x0000000000003a62       0x3c ./Profile/hiddev.o
 .text.hidDevPasscodeCB
                0x0000000000003a9e       0x28 ./Profile/hiddev.o
 .text.hidDevBattCB
                0x0000000000003ac6       0x30 ./Profile/hiddev.o
 .text.hidDevPairStateCB
                0x0000000000003af6       0x28 ./Profile/hiddev.o
 .text.HidDev_ProcessEvent
                0x0000000000003b1e       0xf0 ./Profile/hiddev.o
                0x0000000000003b1e                HidDev_ProcessEvent
 .text.hidDevGapStateCB
                0x0000000000003c0e      0x124 ./Profile/hiddev.o
 .text.HidDev_Init
                0x0000000000003d32       0x6e ./Profile/hiddev.o
                0x0000000000003d32                HidDev_Init
 .text.HidDev_Register
                0x0000000000003da0        0xa ./Profile/hiddev.o
                0x0000000000003da0                HidDev_Register
 .text.HidDev_RegisterReports
                0x0000000000003daa        0xa ./Profile/hiddev.o
                0x0000000000003daa                HidDev_RegisterReports
 .text.HidDev_Report
                0x0000000000003db4      0x12c ./Profile/hiddev.o
                0x0000000000003db4                HidDev_Report
 .text.HidDev_ReadAttrCB
                0x0000000000003ee0      0x106 ./Profile/hiddev.o
                0x0000000000003ee0                HidDev_ReadAttrCB
 .text.HidDev_WriteAttrCB
                0x0000000000003fe6      0x148 ./Profile/hiddev.o
                0x0000000000003fe6                HidDev_WriteAttrCB
 .text.Hid_AddService
                0x000000000000412e      0x134 ./Profile/hidkbmservice.o
                0x000000000000412e                Hid_AddService
 .text.Hid_SetParameter
                0x0000000000004262       0x5a ./Profile/hidkbmservice.o
                0x0000000000004262                Hid_SetParameter
 .text.Hid_GetParameter
                0x00000000000042bc       0x42 ./Profile/hidkbmservice.o
                0x00000000000042bc                Hid_GetParameter
 .text.scanParamReadAttrCB
                0x00000000000042fe        0x4 ./Profile/scanparamservice.o
 .text.scanParamWriteAttrCB
                0x0000000000004302       0x66 ./Profile/scanparamservice.o
 .text.ScanParam_AddService
                0x0000000000004368       0x2c ./Profile/scanparamservice.o
                0x0000000000004368                ScanParam_AddService
 .text.ScanParam_Register
                0x0000000000004394        0x6 ./Profile/scanparamservice.o
                0x0000000000004394                ScanParam_Register
 .text.ScanParam_RefreshNotify
                0x000000000000439a       0x5c ./Profile/scanparamservice.o
                0x000000000000439a                ScanParam_RefreshNotify
 .text.ScanParam_HandleConnStatusCB
                0x00000000000043f6       0x3e ./Profile/scanparamservice.o
                0x00000000000043f6                ScanParam_HandleConnStatusCB
 .text.BATTERY_ADC_GetLevel
                0x0000000000004434       0x3a ./HAL/BATTERY.o
 .text.BATTERY_DMA_ENABLE
                0x000000000000446e       0x26 ./HAL/BATTERY.o
                0x000000000000446e                BATTERY_DMA_ENABLE
 .text.BATTERY_Init
                0x0000000000004494       0x46 ./HAL/BATTERY.o
                0x0000000000004494                BATTERY_Init
 .text.BATTERY_ADC_Calculation
                0x00000000000044da       0x42 ./HAL/BATTERY.o
                0x00000000000044da                BATTERY_ADC_Calculation
 .text.BATTERY_DrawBMP
                0x000000000000451c      0x150 ./HAL/BATTERY.o
                0x000000000000451c                BATTERY_DrawBMP
 .text.FLASH_Read_KeyArray
                0x000000000000466c       0x3c ./HAL/KEYBOARD.o
                0x000000000000466c                FLASH_Read_KeyArray
 .text.FLASH_Write_KeyArray
                0x00000000000046a8       0x4c ./HAL/KEYBOARD.o
                0x00000000000046a8                FLASH_Write_KeyArray
 .text.KEYBOARD_Reset
                0x00000000000046f4       0x74 ./HAL/KEYBOARD.o
                0x00000000000046f4                KEYBOARD_Reset
 .text.KEYBOARD_ChangeKey
                0x0000000000004768       0x2e ./HAL/KEYBOARD.o
                0x0000000000004768                KEYBOARD_ChangeKey
 .text.KEYBOARD_Custom_Function
                0x0000000000004796      0x56c ./HAL/KEYBOARD.o
                0x0000000000004796                KEYBOARD_Custom_Function
 .text.KEYBOARD_Init
                0x0000000000004d02       0x8c ./HAL/KEYBOARD.o
                0x0000000000004d02                KEYBOARD_Init
 .text.KEYBOARD_Detection
                0x0000000000004d8e      0x3b4 ./HAL/KEYBOARD.o
                0x0000000000004d8e                KEYBOARD_Detection
 .text.KEYBOARD_EnterPasskey
                0x0000000000005142      0x132 ./HAL/KEYBOARD.o
                0x0000000000005142                KEYBOARD_EnterPasskey
 .text.OLED_IIC_Start
                0x0000000000005274       0x36 ./HAL/OLED.o
                0x0000000000005274                OLED_IIC_Start
 .text.OLED_IIC_Stop
                0x00000000000052aa       0x2a ./HAL/OLED.o
                0x00000000000052aa                OLED_IIC_Stop
 .text.OLED_IIC_SendByte
                0x00000000000052d4       0x84 ./HAL/OLED.o
                0x00000000000052d4                OLED_IIC_SendByte
 .text.OLED_WR_Byte
                0x0000000000005358       0x2a ./HAL/OLED.o
                0x0000000000005358                OLED_WR_Byte
 .text.OLED_Set_Pos
                0x0000000000005382       0x32 ./HAL/OLED.o
                0x0000000000005382                OLED_Set_Pos
 .text.OLED_Clear
                0x00000000000053b4       0x48 ./HAL/OLED.o
                0x00000000000053b4                OLED_Clear
 .text.OLED_ShowChar
                0x00000000000053fc       0x5a ./HAL/OLED.o
                0x00000000000053fc                OLED_ShowChar
 .text.OLED_ShowNum
                0x0000000000005456       0x9e ./HAL/OLED.o
                0x0000000000005456                OLED_ShowNum
 .text.OLED_ShowString
                0x00000000000054f4       0x54 ./HAL/OLED.o
                0x00000000000054f4                OLED_ShowString
 .text.OLED_DrawBMP
                0x0000000000005548       0x64 ./HAL/OLED.o
                0x0000000000005548                OLED_DrawBMP
 .text.OLED_Clr
                0x00000000000055ac       0x4c ./HAL/OLED.o
                0x00000000000055ac                OLED_Clr
 .text.OLED_Midx
                0x00000000000055f8       0x22 ./HAL/OLED.o
                0x00000000000055f8                OLED_Midx
 .text.OLED_TP78Info
                0x000000000000561a       0x42 ./HAL/OLED.o
                0x000000000000561a                OLED_TP78Info
 .text.OLED_ShowOK
                0x000000000000565c       0x4c ./HAL/OLED.o
                0x000000000000565c                OLED_ShowOK
 .text.OLED_ShowCapslock
                0x00000000000056a8       0x4c ./HAL/OLED.o
                0x00000000000056a8                OLED_ShowCapslock
 .text.OLED_printf
                0x00000000000056f4       0x60 ./HAL/OLED.o
                0x00000000000056f4                OLED_printf
 .text.HAL_OLED_Init
                0x0000000000005754      0x12e ./HAL/OLED.o
                0x0000000000005754                HAL_OLED_Init
 .text.PS2_WaitCLKState.part.0
                0x0000000000005882       0x3a ./HAL/PS2.o
 .text.PS2_WaitCLKState
                0x00000000000058bc       0x3e ./HAL/PS2.o
                0x00000000000058bc                PS2_WaitCLKState
 .text.PS2_WriteByte
                0x00000000000058fa      0x128 ./HAL/PS2.o
                0x00000000000058fa                PS2_WriteByte
 .text.PS2_En_Data_Report
                0x0000000000005a22       0x18 ./HAL/PS2.o
                0x0000000000005a22                PS2_En_Data_Report
 .text.PS2_Dis_Data_Report
                0x0000000000005a3a       0x34 ./HAL/PS2.o
                0x0000000000005a3a                PS2_Dis_Data_Report
 .text.PS2_ReadByte
                0x0000000000005a6e       0x8c ./HAL/PS2.o
                0x0000000000005a6e                PS2_ReadByte
 .text.PS2_Config
                0x0000000000005afa       0x2a ./HAL/PS2.o
                0x0000000000005afa                PS2_Config
 .text.PS2_IT_handler
                0x0000000000005b24       0xa2 ./HAL/PS2.o
                0x0000000000005b24                PS2_IT_handler
 .text.PS2_Init
                0x0000000000005bc6       0xfa ./HAL/PS2.o
                0x0000000000005bc6                PS2_Init
 .text.HAL_TimeInit
                0x0000000000005cc0       0x3e ./HAL/RTC.o
                0x0000000000005cc0                HAL_TimeInit
 .text.USB_ProcessEvent
                0x0000000000005cfe       0xea ./HAL/USB.o
                0x0000000000005cfe                USB_ProcessEvent
 .text.HAL_USBInit
                0x0000000000005de8       0x70 ./HAL/USB.o
                0x0000000000005de8                HAL_USBInit
 .text.DevEP1_OUT_Deal
                0x0000000000005e58       0x2a ./HAL/USB.o
                0x0000000000005e58                DevEP1_OUT_Deal
 .text.DevEP2_OUT_Deal
                0x0000000000005e82       0x2a ./HAL/USB.o
                0x0000000000005e82                DevEP2_OUT_Deal
 .text.DevEP3_OUT_Deal
                0x0000000000005eac       0x2a ./HAL/USB.o
                0x0000000000005eac                DevEP3_OUT_Deal
 .text.DevEP4_OUT_Deal
                0x0000000000005ed6      0x298 ./HAL/USB.o
                0x0000000000005ed6                DevEP4_OUT_Deal
 .text.USB_DevTransProcess
                0x000000000000616e      0x564 ./HAL/USB.o
                0x000000000000616e                USB_DevTransProcess
 .text.WS2812_Style_Off
                0x00000000000066d2       0x1c ./HAL/WS2812.o
                0x00000000000066d2                WS2812_Style_Off
 .text.WS2812_Style_Breath
                0x00000000000066ee       0xf2 ./HAL/WS2812.o
                0x00000000000066ee                WS2812_Style_Breath
 .text.WS2812_Style_Waterful
                0x00000000000067e0       0xa8 ./HAL/WS2812.o
                0x00000000000067e0                WS2812_Style_Waterful
 .text.WS2812_Style_Touch
                0x0000000000006888       0xcc ./HAL/WS2812.o
                0x0000000000006888                WS2812_Style_Touch
 .text.WS2812_Style_Rainbow
                0x0000000000006954      0x33c ./HAL/WS2812.o
                0x0000000000006954                WS2812_Style_Rainbow
 .text.FLASH_Read_LEDStyle
                0x0000000000006c90       0x8c ./HAL/WS2812.o
                0x0000000000006c90                FLASH_Read_LEDStyle
 .text.FLASH_Write_LEDStyle
                0x0000000000006d1c       0x24 ./HAL/WS2812.o
                0x0000000000006d1c                FLASH_Write_LEDStyle
 .text.WS2812_PWM_Init
                0x0000000000006d40       0x4a ./HAL/WS2812.o
                0x0000000000006d40                WS2812_PWM_Init
 .text.WS2812_Style_Custom
                0x0000000000006d8a       0xb0 ./HAL/WS2812.o
                0x0000000000006d8a                WS2812_Style_Custom
 .text.WS2812_Send
                0x0000000000006e3a       0x62 ./HAL/WS2812.o
                0x0000000000006e3a                WS2812_Send
 .text.startup.main
                0x0000000000006e9c       0x90 ./APP/main.o
                0x0000000000006e9c                main
 .text.ProduceFood
                0x0000000000006f2c       0xaa ./APP/snake.o
 .text.Snake_Init
                0x0000000000006fd6       0x6a ./APP/snake.o
                0x0000000000006fd6                Snake_Init
 .text.MoveSnake
                0x0000000000007040      0x232 ./APP/snake.o
                0x0000000000007040                MoveSnake
 .text.tmos_msg_enqueue
                0x0000000000007272       0x1e E:\Project\tp78\mounriver_project\BLE_CH582M\LIB\libCH58xBLE.a(message.o)
                0x0000000000007272                tmos_msg_enqueue
 .text.tmos_msg_deallocate
                0x0000000000007290       0x2c E:\Project\tp78\mounriver_project\BLE_CH582M\LIB\libCH58xBLE.a(message.o)
                0x0000000000007290                tmos_msg_deallocate
 .text.tmos_msg_allocate
                0x00000000000072bc       0x3e E:\Project\tp78\mounriver_project\BLE_CH582M\LIB\libCH58xBLE.a(message.o)
                0x00000000000072bc                tmos_msg_allocate
 .text.tmos_msg_receive
                0x00000000000072fa       0x70 E:\Project\tp78\mounriver_project\BLE_CH582M\LIB\libCH58xBLE.a(message.o)
                0x00000000000072fa                tmos_msg_receive
 .text.tmos_msg_send
                0x000000000000736a       0x66 E:\Project\tp78\mounriver_project\BLE_CH582M\LIB\libCH58xBLE.a(message.o)
                0x000000000000736a                tmos_msg_send
 .text.tmos_msg_init
                0x00000000000073d0        0xa E:\Project\tp78\mounriver_project\BLE_CH582M\LIB\libCH58xBLE.a(message.o)
                0x00000000000073d0                tmos_msg_init
 .text.tmosFindTask
                0x00000000000073da       0x24 E:\Project\tp78\mounriver_project\BLE_CH582M\LIB\libCH58xBLE.a(tmos.o)
 .text.TMOS_CB_PeriodicProcessEvent
                0x00000000000073fe       0x62 E:\Project\tp78\mounriver_project\BLE_CH582M\LIB\libCH58xBLE.a(tmos.o)
                0x00000000000073fe                TMOS_CB_PeriodicProcessEvent
 .text.TMOS_CB_ProcessEvent
                0x0000000000007460       0x80 E:\Project\tp78\mounriver_project\BLE_CH582M\LIB\libCH58xBLE.a(tmos.o)
                0x0000000000007460                TMOS_CB_ProcessEvent
 .text.tmos_rand
                0x00000000000074e0       0x54 E:\Project\tp78\mounriver_project\BLE_CH582M\LIB\libCH58xBLE.a(tmos.o)
                0x00000000000074e0                tmos_rand
 .text.tmos_memset
                0x0000000000007534       0x12 E:\Project\tp78\mounriver_project\BLE_CH582M\LIB\libCH58xBLE.a(tmos.o)
                0x0000000000007534                tmos_memset
 .text.tmos_strlen
                0x0000000000007546       0x14 E:\Project\tp78\mounriver_project\BLE_CH582M\LIB\libCH58xBLE.a(tmos.o)
                0x0000000000007546                tmos_strlen
 .text.tmos_memdup
                0x000000000000755a       0x3c E:\Project\tp78\mounriver_project\BLE_CH582M\LIB\libCH58xBLE.a(tmos.o)
                0x000000000000755a                tmos_memdup
 .text.tmos_revmemcpy
                0x0000000000007596       0x1c E:\Project\tp78\mounriver_project\BLE_CH582M\LIB\libCH58xBLE.a(tmos.o)
                0x0000000000007596                tmos_revmemcpy
 .text.tmos_isbufset
                0x00000000000075b2       0x22 E:\Project\tp78\mounriver_project\BLE_CH582M\LIB\libCH58xBLE.a(tmos.o)
                0x00000000000075b2                tmos_isbufset
 .text.tmos_start_periodic_callback_task
                0x00000000000075d4      0x116 E:\Project\tp78\mounriver_project\BLE_CH582M\LIB\libCH58xBLE.a(tmos.o)
                0x00000000000075d4                tmos_start_periodic_callback_task
 .text.tmos_set_event
                0x00000000000076ea       0x2e E:\Project\tp78\mounriver_project\BLE_CH582M\LIB\libCH58xBLE.a(tmos.o)
                0x00000000000076ea                tmos_set_event
 .text.tmos_clear_event
                0x0000000000007718       0x32 E:\Project\tp78\mounriver_project\BLE_CH582M\LIB\libCH58xBLE.a(tmos.o)
                0x0000000000007718                tmos_clear_event
 .text.tmos_get_event
                0x000000000000774a       0x14 E:\Project\tp78\mounriver_project\BLE_CH582M\LIB\libCH58xBLE.a(tmos.o)
                0x000000000000774a                tmos_get_event
 .text.tmos_start_task
                0x000000000000775e      0x10e E:\Project\tp78\mounriver_project\BLE_CH582M\LIB\libCH58xBLE.a(tmos.o)
                0x000000000000775e                tmos_start_task
 .text.tmos_update_callback_timer
                0x000000000000786c       0x6a E:\Project\tp78\mounriver_project\BLE_CH582M\LIB\libCH58xBLE.a(tmos.o)
                0x000000000000786c                tmos_update_callback_timer
 .text.tmos_start_callback_task
                0x00000000000078d6       0x9a E:\Project\tp78\mounriver_project\BLE_CH582M\LIB\libCH58xBLE.a(tmos.o)
                0x00000000000078d6                tmos_start_callback_task
 .text.tmos_start_reload_task
                0x0000000000007970       0x76 E:\Project\tp78\mounriver_project\BLE_CH582M\LIB\libCH58xBLE.a(tmos.o)
                0x0000000000007970                tmos_start_reload_task
 .text.tmos_stop_task
                0x00000000000079e6       0x34 E:\Project\tp78\mounriver_project\BLE_CH582M\LIB\libCH58xBLE.a(tmos.o)
                0x00000000000079e6                tmos_stop_task
 .text.tmos_stop_callback_task
                0x0000000000007a1a       0x58 E:\Project\tp78\mounriver_project\BLE_CH582M\LIB\libCH58xBLE.a(tmos.o)
                0x0000000000007a1a                tmos_stop_callback_task
 .text.TMOS_TimerRegister
                0x0000000000007a72       0x1e E:\Project\tp78\mounriver_project\BLE_CH582M\LIB\libCH58xBLE.a(tmos.o)
                0x0000000000007a72                TMOS_TimerRegister
 .text.TMOS_ProcessRegister
                0x0000000000007a90       0x16 E:\Project\tp78\mounriver_project\BLE_CH582M\LIB\libCH58xBLE.a(tmos.o)
                0x0000000000007a90                TMOS_ProcessRegister
 .text.TMOS_Init
                0x0000000000007aa6       0xf0 E:\Project\tp78\mounriver_project\BLE_CH582M\LIB\libCH58xBLE.a(tmos.o)
                0x0000000000007aa6                TMOS_Init
 .text.TMOS_ProcessEventRegister
                0x0000000000007b96       0x3c E:\Project\tp78\mounriver_project\BLE_CH582M\LIB\libCH58xBLE.a(tmos.o)
                0x0000000000007b96                TMOS_ProcessEventRegister
 .text.BLE_LibInit
                0x0000000000007bd2      0x158 E:\Project\tp78\mounriver_project\BLE_CH582M\LIB\libCH58xBLE.a(tmos.o)
                0x0000000000007bd2                BLE_LibInit
 .text.SYS_GetTickCount
                0x0000000000007d2a       0x72 E:\Project\tp78\mounriver_project\BLE_CH582M\LIB\libCH58xBLE.a(tmos_hw.o)
                0x0000000000007d2a                SYS_GetTickCount
 .text.ble_ll_common_rand8
                0x0000000000007d9c       0x24 E:\Project\tp78\mounriver_project\BLE_CH582M\LIB\libCH58xBLE.a(tmos_hw.o)
                0x0000000000007d9c                ble_ll_common_rand8
 .text.ble_ll_common_rand16
                0x0000000000007dc0       0x24 E:\Project\tp78\mounriver_project\BLE_CH582M\LIB\libCH58xBLE.a(tmos_hw.o)
                0x0000000000007dc0                ble_ll_common_rand16
 .text.ble_ll_common_rand32
                0x0000000000007de4       0x20 E:\Project\tp78\mounriver_project\BLE_CH582M\LIB\libCH58xBLE.a(tmos_hw.o)
                0x0000000000007de4                ble_ll_common_rand32
 .text.BLE_GetSleepClockAccuracy
                0x0000000000007e04       0x2a E:\Project\tp78\mounriver_project\BLE_CH582M\LIB\libCH58xBLE.a(tmos_hw.o)
                0x0000000000007e04                BLE_GetSleepClockAccuracy
 .text.TMOS_TempSample
                0x0000000000007e2e       0x62 E:\Project\tp78\mounriver_project\BLE_CH582M\LIB\libCH58xBLE.a(tmos_hw.o)
                0x0000000000007e2e                TMOS_TempSample
 .text.TMOS_TimerInit
                0x0000000000007e90       0x70 E:\Project\tp78\mounriver_project\BLE_CH582M\LIB\libCH58xBLE.a(tmos_hw.o)
                0x0000000000007e90                TMOS_TimerInit
 .text.disconnectNext
                0x0000000000007f00       0x22 E:\Project\tp78\mounriver_project\BLE_CH582M\LIB\libCH58xBLE.a(gap.o)
 .text.GAP_ParamInit
                0x0000000000007f22      0x140 E:\Project\tp78\mounriver_project\BLE_CH582M\LIB\libCH58xBLE.a(gap.o)
                0x0000000000007f22                GAP_ParamInit
 .text.sendTerminateEvent
                0x0000000000008062       0x58 E:\Project\tp78\mounriver_project\BLE_CH582M\LIB\libCH58xBLE.a(gap.o)
                0x0000000000008062                sendTerminateEvent
 .text.gapRegisterCentral
                0x00000000000080ba        0x6 E:\Project\tp78\mounriver_project\BLE_CH582M\LIB\libCH58xBLE.a(gap.o)
                0x00000000000080ba                gapRegisterCentral
 .text.gapRegisterCentralConn
                0x00000000000080c0        0x6 E:\Project\tp78\mounriver_project\BLE_CH582M\LIB\libCH58xBLE.a(gap.o)
                0x00000000000080c0                gapRegisterCentralConn
 .text.gapRegisterPeripheral
                0x00000000000080c6        0x6 E:\Project\tp78\mounriver_project\BLE_CH582M\LIB\libCH58xBLE.a(gap.o)
                0x00000000000080c6                gapRegisterPeripheral
 .text.gapRegisterPeripheralConn
                0x00000000000080cc        0x6 E:\Project\tp78\mounriver_project\BLE_CH582M\LIB\libCH58xBLE.a(gap.o)
                0x00000000000080cc                gapRegisterPeripheralConn
 .text.smGenerateRandBuf
                0x00000000000080d2       0x56 E:\Project\tp78\mounriver_project\BLE_CH582M\LIB\libCH58xBLE.a(gap.o)
                0x00000000000080d2                smGenerateRandBuf
 .text.gapL2capConnParamUpdateReq
                0x0000000000008128       0x36 E:\Project\tp78\mounriver_project\BLE_CH582M\LIB\libCH58xBLE.a(gap.o)
                0x0000000000008128                gapL2capConnParamUpdateReq
 .text.gapValidADType
                0x000000000000815e       0x16 E:\Project\tp78\mounriver_project\BLE_CH582M\LIB\libCH58xBLE.a(gap.o)
                0x000000000000815e                gapValidADType
 .text.gapFindADType
                0x0000000000008174       0x80 E:\Project\tp78\mounriver_project\BLE_CH582M\LIB\libCH58xBLE.a(gap.o)
                0x0000000000008174                gapFindADType
 .text.GAP_SecParamsInit
                0x00000000000081f4       0x9e E:\Project\tp78\mounriver_project\BLE_CH582M\LIB\libCH58xBLE.a(gap.o)
                0x00000000000081f4                GAP_SecParamsInit
 .text.GAP_ParamsInit
                0x0000000000008292       0x4c E:\Project\tp78\mounriver_project\BLE_CH582M\LIB\libCH58xBLE.a(gap.o)
                0x0000000000008292                GAP_ParamsInit
 .text.gapAddAddrAdj
                0x00000000000082de       0x48 E:\Project\tp78\mounriver_project\BLE_CH582M\LIB\libCH58xBLE.a(gap.o)
                0x00000000000082de                gapAddAddrAdj
 .text.gapDetermineAddrType
                0x0000000000008326       0x28 E:\Project\tp78\mounriver_project\BLE_CH582M\LIB\libCH58xBLE.a(gap.o)
                0x0000000000008326                gapDetermineAddrType
 .text.gapFreeAuthLink
                0x000000000000834e       0x4a E:\Project\tp78\mounriver_project\BLE_CH582M\LIB\libCH58xBLE.a(gap.o)
                0x000000000000834e                gapFreeAuthLink
 .text.gapGetDevAddress
                0x0000000000008398       0x24 E:\Project\tp78\mounriver_project\BLE_CH582M\LIB\libCH58xBLE.a(gap.o)
                0x0000000000008398                gapGetDevAddress
 .text.gapGetDevAddressMode
                0x00000000000083bc        0xa E:\Project\tp78\mounriver_project\BLE_CH582M\LIB\libCH58xBLE.a(gap.o)
                0x00000000000083bc                gapGetDevAddressMode
 .text.gapGetIRK
                0x00000000000083c6        0xc E:\Project\tp78\mounriver_project\BLE_CH582M\LIB\libCH58xBLE.a(gap.o)
                0x00000000000083c6                gapGetIRK
 .text.gapGetSRK
                0x00000000000083d2        0xc E:\Project\tp78\mounriver_project\BLE_CH582M\LIB\libCH58xBLE.a(gap.o)
                0x00000000000083d2                gapGetSRK
 .text.gapGetSignCounter
                0x00000000000083de        0xe E:\Project\tp78\mounriver_project\BLE_CH582M\LIB\libCH58xBLE.a(gap.o)
                0x00000000000083de                gapGetSignCounter
 .text.gapIncSignCounter
                0x00000000000083ec       0x28 E:\Project\tp78\mounriver_project\BLE_CH582M\LIB\libCH58xBLE.a(gap.o)
                0x00000000000083ec                gapIncSignCounter
 .text.gapProcessConnEvt
                0x0000000000008414       0x48 E:\Project\tp78\mounriver_project\BLE_CH582M\LIB\libCH58xBLE.a(gap.o)
                0x0000000000008414                gapProcessConnEvt
 .text.gapProcessDisconnectCompleteEvt
                0x000000000000845c       0xaa E:\Project\tp78\mounriver_project\BLE_CH582M\LIB\libCH58xBLE.a(gap.o)
                0x000000000000845c                gapProcessDisconnectCompleteEvt
 .text.sendAuthEvent
                0x0000000000008506      0x11c E:\Project\tp78\mounriver_project\BLE_CH582M\LIB\libCH58xBLE.a(gap.o)
                0x0000000000008506                sendAuthEvent
 .text.gapSendBondCompleteEvent
                0x0000000000008622       0x70 E:\Project\tp78\mounriver_project\BLE_CH582M\LIB\libCH58xBLE.a(gap.o)
                0x0000000000008622                gapSendBondCompleteEvent
 .text.gapSendPairingReqEvent
                0x0000000000008692       0x92 E:\Project\tp78\mounriver_project\BLE_CH582M\LIB\libCH58xBLE.a(gap.o)
                0x0000000000008692                gapSendPairingReqEvent
 .text.gapSendSlaveSecurityReqEvent
                0x0000000000008724       0x68 E:\Project\tp78\mounriver_project\BLE_CH582M\LIB\libCH58xBLE.a(gap.o)
                0x0000000000008724                gapSendSlaveSecurityReqEvent
 .text.gapSendDeviceInitDoneEvent
                0x000000000000878c       0x88 E:\Project\tp78\mounriver_project\BLE_CH582M\LIB\libCH58xBLE.a(gap.o)
                0x000000000000878c                gapSendDeviceInitDoneEvent
 .text.gapSendLinkUpdateEvent
                0x0000000000008814       0xb4 E:\Project\tp78\mounriver_project\BLE_CH582M\LIB\libCH58xBLE.a(gap.o)
                0x0000000000008814                gapSendLinkUpdateEvent
 .text.gapSendPhyUpdateEvent
                0x00000000000088c8       0x88 E:\Project\tp78\mounriver_project\BLE_CH582M\LIB\libCH58xBLE.a(gap.o)
                0x00000000000088c8                gapSendPhyUpdateEvent
 .text.gapSendEstLinkEvent
                0x0000000000008950       0xb8 E:\Project\tp78\mounriver_project\BLE_CH582M\LIB\libCH58xBLE.a(gap.o)
                0x0000000000008950                gapSendEstLinkEvent
 .text.gapProcessNewAddr
                0x0000000000008a08       0x3e E:\Project\tp78\mounriver_project\BLE_CH582M\LIB\libCH58xBLE.a(gap.o)
                0x0000000000008a08                gapProcessNewAddr
 .text.gapProcessRandomAddrComplete
                0x0000000000008a46       0xa6 E:\Project\tp78\mounriver_project\BLE_CH582M\LIB\libCH58xBLE.a(gap.o)
                0x0000000000008a46                gapProcessRandomAddrComplete
 .text.GAP_Authenticate
                0x0000000000008aec       0xda E:\Project\tp78\mounriver_project\BLE_CH582M\LIB\libCH58xBLE.a(gap.o)
                0x0000000000008aec                GAP_Authenticate
 .text.GAP_Bond
                0x0000000000008bc6       0xa6 E:\Project\tp78\mounriver_project\BLE_CH582M\LIB\libCH58xBLE.a(gap.o)
                0x0000000000008bc6                GAP_Bond
 .text.GAP_GetParamValue
                0x0000000000008c6c       0x20 E:\Project\tp78\mounriver_project\BLE_CH582M\LIB\libCH58xBLE.a(gap.o)
                0x0000000000008c6c                GAP_GetParamValue
 .text.GAP_PasscodeUpdate
                0x0000000000008c8c       0x50 E:\Project\tp78\mounriver_project\BLE_CH582M\LIB\libCH58xBLE.a(gap.o)
                0x0000000000008c8c                GAP_PasscodeUpdate
 .text.GAP_RegisterForMsgs
                0x0000000000008cdc        0xa E:\Project\tp78\mounriver_project\BLE_CH582M\LIB\libCH58xBLE.a(gap.o)
                0x0000000000008cdc                GAP_RegisterForMsgs
 .text.GAP_ResolvePrivateAddr
                0x0000000000008ce6        0x4 E:\Project\tp78\mounriver_project\BLE_CH582M\LIB\libCH58xBLE.a(gap.o)
                0x0000000000008ce6                GAP_ResolvePrivateAddr
 .text.gapPairingCompleteCB
                0x0000000000008cea      0x188 E:\Project\tp78\mounriver_project\BLE_CH582M\LIB\libCH58xBLE.a(gap.o)
                0x0000000000008cea                gapPairingCompleteCB
 .text.gapPasskeyNeededCB
                0x0000000000008e72       0x8e E:\Project\tp78\mounriver_project\BLE_CH582M\LIB\libCH58xBLE.a(gap.o)
                0x0000000000008e72                gapPasskeyNeededCB
 .text.gapFreeEstLink
                0x0000000000008f00       0x20 E:\Project\tp78\mounriver_project\BLE_CH582M\LIB\libCH58xBLE.a(gap.o)
                0x0000000000008f00                gapFreeEstLink
 .text.gapUpdateConnSignCounter
                0x0000000000008f20       0x7a E:\Project\tp78\mounriver_project\BLE_CH582M\LIB\libCH58xBLE.a(gap.o)
                0x0000000000008f20                gapUpdateConnSignCounter
 .text.GAP_SendSlaveSecurityRequest
                0x0000000000008f9a       0x4c E:\Project\tp78\mounriver_project\BLE_CH582M\LIB\libCH58xBLE.a(gap.o)
                0x0000000000008f9a                GAP_SendSlaveSecurityRequest
 .text.GAP_Signable
                0x0000000000008fe6       0x6a E:\Project\tp78\mounriver_project\BLE_CH582M\LIB\libCH58xBLE.a(gap.o)
                0x0000000000008fe6                GAP_Signable
 .text.GAP_TerminateAuth
                0x0000000000009050       0x2a E:\Project\tp78\mounriver_project\BLE_CH582M\LIB\libCH58xBLE.a(gap.o)
                0x0000000000009050                GAP_TerminateAuth
 .text.GAP_NumActiveConnections
                0x000000000000907a        0x4 E:\Project\tp78\mounriver_project\BLE_CH582M\LIB\libCH58xBLE.a(gap.o)
                0x000000000000907a                GAP_NumActiveConnections
 .text.GAP_TerminateLinkReq
                0x000000000000907e       0x8e E:\Project\tp78\mounriver_project\BLE_CH582M\LIB\libCH58xBLE.a(gap.o)
                0x000000000000907e                GAP_TerminateLinkReq
 .text.GAP_SetParamValue
                0x000000000000910c       0x5a E:\Project\tp78\mounriver_project\BLE_CH582M\LIB\libCH58xBLE.a(gap.o)
                0x000000000000910c                GAP_SetParamValue
 .text.GAP_Init
                0x0000000000009166       0x48 E:\Project\tp78\mounriver_project\BLE_CH582M\LIB\libCH58xBLE.a(gap.o)
                0x0000000000009166                GAP_Init
 .text.GAP_ProcessEvent
                0x00000000000091ae      0x670 E:\Project\tp78\mounriver_project\BLE_CH582M\LIB\libCH58xBLE.a(gap.o)
                0x00000000000091ae                GAP_ProcessEvent
 .text.gapSendScanEnable
                0x000000000000981e       0x3a E:\Project\tp78\mounriver_project\BLE_CH582M\LIB\libCH58xBLE.a(gap_central.o)
 .text.gapCentProcessConnEvt
                0x0000000000009858      0x120 E:\Project\tp78\mounriver_project\BLE_CH582M\LIB\libCH58xBLE.a(gap_central.o)
                0x0000000000009858                gapCentProcessConnEvt
 .text.gapProcessScanningPeriodicAdvEvt
                0x0000000000009978       0x98 E:\Project\tp78\mounriver_project\BLE_CH582M\LIB\libCH58xBLE.a(gap_central.o)
                0x0000000000009978                gapProcessScanningPeriodicAdvEvt
 .text.gapCancelLinkReq
                0x0000000000009a10       0x38 E:\Project\tp78\mounriver_project\BLE_CH582M\LIB\libCH58xBLE.a(gap_central.o)
                0x0000000000009a10                gapCancelLinkReq
 .text.gapProcessAdvertDevInfo
                0x0000000000009a48      0x24a E:\Project\tp78\mounriver_project\BLE_CH582M\LIB\libCH58xBLE.a(gap_central.o)
                0x0000000000009a48                gapProcessAdvertDevInfo
 .text.gapProcessPeriodicAdvertisingSyncEstablishedEvt
                0x0000000000009c92       0x54 E:\Project\tp78\mounriver_project\BLE_CH582M\LIB\libCH58xBLE.a(gap_central.o)
                0x0000000000009c92                gapProcessPeriodicAdvertisingSyncEstablishedEvt
 .text.gapProcessPeriodicAdvertisingSyncLostEvt
                0x0000000000009ce6       0x4e E:\Project\tp78\mounriver_project\BLE_CH582M\LIB\libCH58xBLE.a(gap_central.o)
                0x0000000000009ce6                gapProcessPeriodicAdvertisingSyncLostEvt
 .text.gapFreeScanRecs
                0x0000000000009d34       0xa2 E:\Project\tp78\mounriver_project\BLE_CH582M\LIB\libCH58xBLE.a(gap_central.o)
                0x0000000000009d34                gapFreeScanRecs
 .text.gapSendDevDiscEvent
                0x0000000000009dd6      0x126 E:\Project\tp78\mounriver_project\BLE_CH582M\LIB\libCH58xBLE.a(gap_central.o)
                0x0000000000009dd6                gapSendDevDiscEvent
 .text.gapSetScanParamStatus
                0x0000000000009efc       0x58 E:\Project\tp78\mounriver_project\BLE_CH582M\LIB\libCH58xBLE.a(gap_central.o)
 .text.gapCentProcessHCICmdEvt
                0x0000000000009f54       0x3e E:\Project\tp78\mounriver_project\BLE_CH582M\LIB\libCH58xBLE.a(gap_central.o)
                0x0000000000009f54                gapCentProcessHCICmdEvt
 .text.gapProcessScanningEvt
                0x0000000000009f92      0x120 E:\Project\tp78\mounriver_project\BLE_CH582M\LIB\libCH58xBLE.a(gap_central.o)
                0x0000000000009f92                gapProcessScanningEvt
 .text.gapProcessScanningDirectEvt
                0x000000000000a0b2       0xfe E:\Project\tp78\mounriver_project\BLE_CH582M\LIB\libCH58xBLE.a(gap_central.o)
                0x000000000000a0b2                gapProcessScanningDirectEvt
 .text.gapProcessScanningExtAdvEvt
                0x000000000000a1b0      0x1b6 E:\Project\tp78\mounriver_project\BLE_CH582M\LIB\libCH58xBLE.a(gap_central.o)
                0x000000000000a1b0                gapProcessScanningExtAdvEvt
 .text.GAP_CentConnRegister
                0x000000000000a366       0x1a E:\Project\tp78\mounriver_project\BLE_CH582M\LIB\libCH58xBLE.a(gap_central.o)
                0x000000000000a366                GAP_CentConnRegister
 .text.GAP_CentralParamInit
                0x000000000000a380       0x6a E:\Project\tp78\mounriver_project\BLE_CH582M\LIB\libCH58xBLE.a(gap_central.o)
                0x000000000000a380                GAP_CentralParamInit
 .text.GAP_CentDevMgrInit
                0x000000000000a3ea       0x98 E:\Project\tp78\mounriver_project\BLE_CH582M\LIB\libCH58xBLE.a(gap_central.o)
                0x000000000000a3ea                GAP_CentDevMgrInit
 .text.gapFreeAdvertState
                0x000000000000a482       0x20 E:\Project\tp78\mounriver_project\BLE_CH582M\LIB\libCH58xBLE.a(gap_peripheral.o)
 .text.gapSetPeriodicAdvParams
                0x000000000000a4a2       0x30 E:\Project\tp78\mounriver_project\BLE_CH582M\LIB\libCH58xBLE.a(gap_peripheral.o)
 .text.gapSetAdvParams
                0x000000000000a4d2      0x190 E:\Project\tp78\mounriver_project\BLE_CH582M\LIB\libCH58xBLE.a(gap_peripheral.o)
 .text.gapPeriProcessConnEvt
                0x000000000000a662       0xd8 E:\Project\tp78\mounriver_project\BLE_CH582M\LIB\libCH58xBLE.a(gap_peripheral.o)
 .text.gapWriteAdvDataStatus
                0x000000000000a73a       0x54 E:\Project\tp78\mounriver_project\BLE_CH582M\LIB\libCH58xBLE.a(gap_peripheral.o)
 .text.GAP_MakeDiscoverable
                0x000000000000a78e       0xc6 E:\Project\tp78\mounriver_project\BLE_CH582M\LIB\libCH58xBLE.a(gap_peripheral.o)
                0x000000000000a78e                GAP_MakeDiscoverable
 .text.GAP_EndDiscoverable
                0x000000000000a854       0x6e E:\Project\tp78\mounriver_project\BLE_CH582M\LIB\libCH58xBLE.a(gap_peripheral.o)
                0x000000000000a854                GAP_EndDiscoverable
 .text.gapProcessAdvertisingEvt
                0x000000000000a8c2      0x114 E:\Project\tp78\mounriver_project\BLE_CH582M\LIB\libCH58xBLE.a(gap_peripheral.o)
 .text.GAP_MakePeriodic
                0x000000000000a9d6       0x2e E:\Project\tp78\mounriver_project\BLE_CH582M\LIB\libCH58xBLE.a(gap_peripheral.o)
                0x000000000000a9d6                GAP_MakePeriodic
 .text.GAP_EndPeriodic
                0x000000000000aa04        0xc E:\Project\tp78\mounriver_project\BLE_CH582M\LIB\libCH58xBLE.a(gap_peripheral.o)
                0x000000000000aa04                GAP_EndPeriodic
 .text.GAP_SetAdvertisingAdvData
                0x000000000000aa10       0xfa E:\Project\tp78\mounriver_project\BLE_CH582M\LIB\libCH58xBLE.a(gap_peripheral.o)
                0x000000000000aa10                GAP_SetAdvertisingAdvData
 .text.GAP_SetAdvertisingRspData
                0x000000000000ab0a       0xfa E:\Project\tp78\mounriver_project\BLE_CH582M\LIB\libCH58xBLE.a(gap_peripheral.o)
                0x000000000000ab0a                GAP_SetAdvertisingRspData
 .text.GAP_SetPeriodicAdvertisingData
                0x000000000000ac04       0xbc E:\Project\tp78\mounriver_project\BLE_CH582M\LIB\libCH58xBLE.a(gap_peripheral.o)
                0x000000000000ac04                GAP_SetPeriodicAdvertisingData
 .text.GAP_GetAdvertisingAdvData
                0x000000000000acc0       0x26 E:\Project\tp78\mounriver_project\BLE_CH582M\LIB\libCH58xBLE.a(gap_peripheral.o)
                0x000000000000acc0                GAP_GetAdvertisingAdvData
 .text.GAP_GetAdvertisingRspData
                0x000000000000ace6       0x34 E:\Project\tp78\mounriver_project\BLE_CH582M\LIB\libCH58xBLE.a(gap_peripheral.o)
                0x000000000000ace6                GAP_GetAdvertisingRspData
 .text.GAP_GetPeriodicAdvertisingData
                0x000000000000ad1a       0x34 E:\Project\tp78\mounriver_project\BLE_CH582M\LIB\libCH58xBLE.a(gap_peripheral.o)
                0x000000000000ad1a                GAP_GetPeriodicAdvertisingData
 .text.GAP_ConfigDeviceAddr
                0x000000000000ad4e      0x11e E:\Project\tp78\mounriver_project\BLE_CH582M\LIB\libCH58xBLE.a(gap_peripheral.o)
                0x000000000000ad4e                GAP_ConfigDeviceAddr
 .text.GAP_PeriConnRegister
                0x000000000000ae6c       0x2e E:\Project\tp78\mounriver_project\BLE_CH582M\LIB\libCH58xBLE.a(gap_peripheral.o)
                0x000000000000ae6c                GAP_PeriConnRegister
 .text.GAP_PeripheralParamInit
                0x000000000000ae9a       0x58 E:\Project\tp78\mounriver_project\BLE_CH582M\LIB\libCH58xBLE.a(gap_peripheral.o)
                0x000000000000ae9a                GAP_PeripheralParamInit
 .text.gapSendMakeDiscEvent
                0x000000000000aef2       0x50 E:\Project\tp78\mounriver_project\BLE_CH582M\LIB\libCH58xBLE.a(gap_peripheral.o)
                0x000000000000aef2                gapSendMakeDiscEvent
 .text.gapWriteAdvEnableStatus
                0x000000000000af42      0x112 E:\Project\tp78\mounriver_project\BLE_CH582M\LIB\libCH58xBLE.a(gap_peripheral.o)
 .text.gapSendMakePeriodicEvent
                0x000000000000b054       0x3a E:\Project\tp78\mounriver_project\BLE_CH582M\LIB\libCH58xBLE.a(gap_peripheral.o)
                0x000000000000b054                gapSendMakePeriodicEvent
 .text.gapPeriProcessHCICmdCompleteEvt
                0x000000000000b08e      0x180 E:\Project\tp78\mounriver_project\BLE_CH582M\LIB\libCH58xBLE.a(gap_peripheral.o)
 .text.GAP_PeriDevMgrInit
                0x000000000000b20e       0x2e E:\Project\tp78\mounriver_project\BLE_CH582M\LIB\libCH58xBLE.a(gap_peripheral.o)
                0x000000000000b20e                GAP_PeriDevMgrInit
 .text.ggs_SetAttrWPermit
                0x000000000000b23c       0x68 E:\Project\tp78\mounriver_project\BLE_CH582M\LIB\libCH58xBLE.a(gapgattserver.o)
 .text.ggs_ReadAttrCB
                0x000000000000b2a4      0x152 E:\Project\tp78\mounriver_project\BLE_CH582M\LIB\libCH58xBLE.a(gapgattserver.o)
 .text.ggs_WriteAttrCB
                0x000000000000b3f6      0x154 E:\Project\tp78\mounriver_project\BLE_CH582M\LIB\libCH58xBLE.a(gapgattserver.o)
 .text.GGS_ParamInit
                0x000000000000b54a      0x23a E:\Project\tp78\mounriver_project\BLE_CH582M\LIB\libCH58xBLE.a(gapgattserver.o)
                0x000000000000b54a                GGS_ParamInit
 .text.GGS_SetParameter
                0x000000000000b784       0xde E:\Project\tp78\mounriver_project\BLE_CH582M\LIB\libCH58xBLE.a(gapgattserver.o)
                0x000000000000b784                GGS_SetParameter
 .text.GGS_AddService
                0x000000000000b862       0x2c E:\Project\tp78\mounriver_project\BLE_CH582M\LIB\libCH58xBLE.a(gapgattserver.o)
                0x000000000000b862                GGS_AddService
 .text.GAP_DeviceInit
                0x000000000000b88e       0xd8 E:\Project\tp78\mounriver_project\BLE_CH582M\LIB\libCH58xBLE.a(gapgattserver.o)
                0x000000000000b88e                GAP_DeviceInit
 .text.gattGetPayload
                0x000000000000b966       0x7e E:\Project\tp78\mounriver_project\BLE_CH582M\LIB\libCH58xBLE.a(gatt.o)
                0x000000000000b966                gattGetPayload
 .text.gattNotifyEvent
                0x000000000000b9e4       0x80 E:\Project\tp78\mounriver_project\BLE_CH582M\LIB\libCH58xBLE.a(gatt.o)
                0x000000000000b9e4                gattNotifyEvent
 .text.gattSendFlowCtrlEvt
                0x000000000000ba64       0x4a E:\Project\tp78\mounriver_project\BLE_CH582M\LIB\libCH58xBLE.a(gatt.o)
                0x000000000000ba64                gattSendFlowCtrlEvt
 .text.gattStartTimer
                0x000000000000baae        0xc E:\Project\tp78\mounriver_project\BLE_CH582M\LIB\libCH58xBLE.a(gatt.o)
                0x000000000000baae                gattStartTimer
 .text.gattStopTimer
                0x000000000000baba       0x32 E:\Project\tp78\mounriver_project\BLE_CH582M\LIB\libCH58xBLE.a(gatt.o)
                0x000000000000baba                gattStopTimer
 .text.GATT_AppCompletedMsg
                0x000000000000baec       0x30 E:\Project\tp78\mounriver_project\BLE_CH582M\LIB\libCH58xBLE.a(gatt.o)
                0x000000000000baec                GATT_AppCompletedMsg
 .text.GATT_NotifyEvent
                0x000000000000bb1c       0x4e E:\Project\tp78\mounriver_project\BLE_CH582M\LIB\libCH58xBLE.a(gatt.o)
                0x000000000000bb1c                GATT_NotifyEvent
 .text.gattRegisterServer
                0x000000000000bb6a        0x6 E:\Project\tp78\mounriver_project\BLE_CH582M\LIB\libCH58xBLE.a(gatt.o)
                0x000000000000bb6a                gattRegisterServer
 .text.GATT_UpdateMTU
                0x000000000000bb70       0x5c E:\Project\tp78\mounriver_project\BLE_CH582M\LIB\libCH58xBLE.a(gatt.o)
                0x000000000000bb70                GATT_UpdateMTU
 .text.GATT_bm_alloc
                0x000000000000bbcc       0xe8 E:\Project\tp78\mounriver_project\BLE_CH582M\LIB\libCH58xBLE.a(gatt.o)
                0x000000000000bbcc                GATT_bm_alloc
 .text.GATT_ServiceChangedInd
                0x000000000000bcb4       0x94 E:\Project\tp78\mounriver_project\BLE_CH582M\LIB\libCH58xBLE.a(gatt.o)
                0x000000000000bcb4                GATT_ServiceChangedInd
 .text.GATT_bm_free
                0x000000000000bd48       0x1c E:\Project\tp78\mounriver_project\BLE_CH582M\LIB\libCH58xBLE.a(gatt.o)
                0x000000000000bd48                GATT_bm_free
 .text.GATT_RegisterForPeriMsgs
                0x000000000000bd64        0x6 E:\Project\tp78\mounriver_project\BLE_CH582M\LIB\libCH58xBLE.a(gatt.o)
                0x000000000000bd64                GATT_RegisterForPeriMsgs
 .text.GATT_Init
                0x000000000000bd6a       0x34 E:\Project\tp78\mounriver_project\BLE_CH582M\LIB\libCH58xBLE.a(gatt.o)
                0x000000000000bd6a                GATT_Init
 .text.GATT_ProcessEvent
                0x000000000000bd9e      0x13a E:\Project\tp78\mounriver_project\BLE_CH582M\LIB\libCH58xBLE.a(gatt.o)
                0x000000000000bd9e                GATT_ProcessEvent
 .text.gattProcessExchangeMTUReq
                0x000000000000bed8        0x4 E:\Project\tp78\mounriver_project\BLE_CH582M\LIB\libCH58xBLE.a(gattservapp.o)
 .text.gattServApp_FindCharCfgItem
                0x000000000000bedc       0x24 E:\Project\tp78\mounriver_project\BLE_CH582M\LIB\libCH58xBLE.a(gattservapp.o)
 .text.gattServerHandleTimerCB
                0x000000000000bf00       0x3c E:\Project\tp78\mounriver_project\BLE_CH582M\LIB\libCH58xBLE.a(gattservapp.o)
 .text.gattProcessExecuteWriteReq
                0x000000000000bf3c        0x4 E:\Project\tp78\mounriver_project\BLE_CH582M\LIB\libCH58xBLE.a(gattservapp.o)
 .text.GATTServApp_ParamInit
                0x000000000000bf40       0xd8 E:\Project\tp78\mounriver_project\BLE_CH582M\LIB\libCH58xBLE.a(gattservapp.o)
                0x000000000000bf40                GATTServApp_ParamInit
 .text.GATTServApp_ReadCharCfg
                0x000000000000c018       0x18 E:\Project\tp78\mounriver_project\BLE_CH582M\LIB\libCH58xBLE.a(gattservapp.o)
                0x000000000000c018                GATTServApp_ReadCharCfg
 .text.GATTServApp_WriteCharCfg
                0x000000000000c030       0x3c E:\Project\tp78\mounriver_project\BLE_CH582M\LIB\libCH58xBLE.a(gattservapp.o)
                0x000000000000c030                GATTServApp_WriteCharCfg
 .text.GATTServApp_ProcessCCCWriteReq
                0x000000000000c06c       0x60 E:\Project\tp78\mounriver_project\BLE_CH582M\LIB\libCH58xBLE.a(gattservapp.o)
                0x000000000000c06c                GATTServApp_ProcessCCCWriteReq
 .text.gattServApp_WriteAttrCB
                0x000000000000c0cc       0x34 E:\Project\tp78\mounriver_project\BLE_CH582M\LIB\libCH58xBLE.a(gattservapp.o)
                0x000000000000c0cc                gattServApp_WriteAttrCB
 .text.GATTServApp_SendCCCUpdatedEvent
                0x000000000000c100       0x5e E:\Project\tp78\mounriver_project\BLE_CH582M\LIB\libCH58xBLE.a(gattservapp.o)
                0x000000000000c100                GATTServApp_SendCCCUpdatedEvent
 .text.GATTServApp_SendServiceChangedInd
                0x000000000000c15e       0x38 E:\Project\tp78\mounriver_project\BLE_CH582M\LIB\libCH58xBLE.a(gattservapp.o)
                0x000000000000c15e                GATTServApp_SendServiceChangedInd
 .text.gattServApp_ClearPrepareWriteQ
                0x000000000000c196       0x4c E:\Project\tp78\mounriver_project\BLE_CH582M\LIB\libCH58xBLE.a(gattservapp.o)
                0x000000000000c196                gattServApp_ClearPrepareWriteQ
 .text.gattServApp_FindPrepareWriteQ
                0x000000000000c1e2       0x32 E:\Project\tp78\mounriver_project\BLE_CH582M\LIB\libCH58xBLE.a(gattservapp.o)
                0x000000000000c1e2                gattServApp_FindPrepareWriteQ
 .text.gattServApp_FindServiceCBs
                0x000000000000c214       0x18 E:\Project\tp78\mounriver_project\BLE_CH582M\LIB\libCH58xBLE.a(gattservapp.o)
                0x000000000000c214                gattServApp_FindServiceCBs
 .text.gattServApp_FindAuthorizeAttrCB
                0x000000000000c22c       0x16 E:\Project\tp78\mounriver_project\BLE_CH582M\LIB\libCH58xBLE.a(gattservapp.o)
                0x000000000000c22c                gattServApp_FindAuthorizeAttrCB
 .text.gattServApp_IsWriteLong
                0x000000000000c242       0xe6 E:\Project\tp78\mounriver_project\BLE_CH582M\LIB\libCH58xBLE.a(gattservapp.o)
                0x000000000000c242                gattServApp_IsWriteLong
 .text.gattFindService
                0x000000000000c328       0x1c E:\Project\tp78\mounriver_project\BLE_CH582M\LIB\libCH58xBLE.a(gattservapp.o)
                0x000000000000c328                gattFindService
 .text.GATT_ServiceNumAttrs
                0x000000000000c344       0x18 E:\Project\tp78\mounriver_project\BLE_CH582M\LIB\libCH58xBLE.a(gattservapp.o)
                0x000000000000c344                GATT_ServiceNumAttrs
 .text.GATT_ServiceEncKeySize
                0x000000000000c35c       0x18 E:\Project\tp78\mounriver_project\BLE_CH582M\LIB\libCH58xBLE.a(gattservapp.o)
                0x000000000000c35c                GATT_ServiceEncKeySize
 .text.GATT_VerifyWritePermissions.part.7
                0x000000000000c374       0x2e E:\Project\tp78\mounriver_project\BLE_CH582M\LIB\libCH58xBLE.a(gattservapp.o)
 .text.gattResetServerInfo
                0x000000000000c3a2       0x1c E:\Project\tp78\mounriver_project\BLE_CH582M\LIB\libCH58xBLE.a(gattservapp.o)
                0x000000000000c3a2                gattResetServerInfo
 .text.gattFindServerInfo
                0x000000000000c3be       0x44 E:\Project\tp78\mounriver_project\BLE_CH582M\LIB\libCH58xBLE.a(gattservapp.o)
                0x000000000000c3be                gattFindServerInfo
 .text.gattServerHandleConnStatusCB
                0x000000000000c402       0x98 E:\Project\tp78\mounriver_project\BLE_CH582M\LIB\libCH58xBLE.a(gattservapp.o)
                0x000000000000c402                gattServerHandleConnStatusCB
 .text.gattServerProcessMsgCB
                0x000000000000c49a      0x1c0 E:\Project\tp78\mounriver_project\BLE_CH582M\LIB\libCH58xBLE.a(gattservapp.o)
                0x000000000000c49a                gattServerProcessMsgCB
 .text.gattServerNotifyTxCB
                0x000000000000c65a       0x28 E:\Project\tp78\mounriver_project\BLE_CH582M\LIB\libCH58xBLE.a(gattservapp.o)
 .text.GATT_FindHandle
                0x000000000000c682       0x4a E:\Project\tp78\mounriver_project\BLE_CH582M\LIB\libCH58xBLE.a(gattservapp.o)
                0x000000000000c682                GATT_FindHandle
 .text.GATTServApp_WriteAttr
                0x000000000000c6cc       0xa8 E:\Project\tp78\mounriver_project\BLE_CH582M\LIB\libCH58xBLE.a(gattservapp.o)
                0x000000000000c6cc                GATTServApp_WriteAttr
 .text.gattServApp_ProcessExecuteWriteReq
                0x000000000000c774      0x100 E:\Project\tp78\mounriver_project\BLE_CH582M\LIB\libCH58xBLE.a(gattservapp.o)
                0x000000000000c774                gattServApp_ProcessExecuteWriteReq
 .text.GATTServApp_UpdateCharCfg
                0x000000000000c874       0x1e E:\Project\tp78\mounriver_project\BLE_CH582M\LIB\libCH58xBLE.a(gattservapp.o)
                0x000000000000c874                GATTServApp_UpdateCharCfg
 .text.gattServApp_ProcessPrepareWriteReq
                0x000000000000c892      0x10e E:\Project\tp78\mounriver_project\BLE_CH582M\LIB\libCH58xBLE.a(gattservapp.o)
                0x000000000000c892                gattServApp_ProcessPrepareWriteReq
 .text.gattServApp_ProcessWriteReq
                0x000000000000c9a0       0xb0 E:\Project\tp78\mounriver_project\BLE_CH582M\LIB\libCH58xBLE.a(gattservapp.o)
                0x000000000000c9a0                gattServApp_ProcessWriteReq
 .text.GATT_Indication
                0x000000000000ca50       0xa4 E:\Project\tp78\mounriver_project\BLE_CH582M\LIB\libCH58xBLE.a(gattservapp.o)
                0x000000000000ca50                GATT_Indication
 .text.GATT_FindHandleUUID
                0x000000000000caf4       0x94 E:\Project\tp78\mounriver_project\BLE_CH582M\LIB\libCH58xBLE.a(gattservapp.o)
                0x000000000000caf4                GATT_FindHandleUUID
 .text.gattProcessReadByGrpTypeReq
                0x000000000000cb88       0x60 E:\Project\tp78\mounriver_project\BLE_CH582M\LIB\libCH58xBLE.a(gattservapp.o)
 .text.gattProcessReadByTypeReq
                0x000000000000cbe8       0x34 E:\Project\tp78\mounriver_project\BLE_CH582M\LIB\libCH58xBLE.a(gattservapp.o)
 .text.gattProcessFindByTypeValueReq
                0x000000000000cc1c       0x34 E:\Project\tp78\mounriver_project\BLE_CH582M\LIB\libCH58xBLE.a(gattservapp.o)
 .text.gattProcessFindInfoReq
                0x000000000000cc50      0x1aa E:\Project\tp78\mounriver_project\BLE_CH582M\LIB\libCH58xBLE.a(gattservapp.o)
 .text.GATT_Notification
                0x000000000000cdfa       0x70 E:\Project\tp78\mounriver_project\BLE_CH582M\LIB\libCH58xBLE.a(gattservapp.o)
                0x000000000000cdfa                GATT_Notification
 .text.GATT_VerifyWritePermissions
                0x000000000000ce6a       0x6a E:\Project\tp78\mounriver_project\BLE_CH582M\LIB\libCH58xBLE.a(gattservapp.o)
                0x000000000000ce6a                GATT_VerifyWritePermissions
 .text.gattProcessWriteReq
                0x000000000000ced4       0x36 E:\Project\tp78\mounriver_project\BLE_CH582M\LIB\libCH58xBLE.a(gattservapp.o)
 .text.GATT_VerifyPrepareWritePermissions
                0x000000000000cf0a       0x56 E:\Project\tp78\mounriver_project\BLE_CH582M\LIB\libCH58xBLE.a(gattservapp.o)
                0x000000000000cf0a                GATT_VerifyPrepareWritePermissions
 .text.gattProcessPrepareWriteReq
                0x000000000000cf60       0x36 E:\Project\tp78\mounriver_project\BLE_CH582M\LIB\libCH58xBLE.a(gattservapp.o)
 .text.GATT_FindNextAttr
                0x000000000000cf96       0xc2 E:\Project\tp78\mounriver_project\BLE_CH582M\LIB\libCH58xBLE.a(gattservapp.o)
                0x000000000000cf96                GATT_FindNextAttr
 .text.GATTServApp_ReadAttr
                0x000000000000d058      0x2e2 E:\Project\tp78\mounriver_project\BLE_CH582M\LIB\libCH58xBLE.a(gattservapp.o)
                0x000000000000d058                GATTServApp_ReadAttr
 .text.gattServApp_ProcessReadMultiReq
                0x000000000000d33a      0x16e E:\Project\tp78\mounriver_project\BLE_CH582M\LIB\libCH58xBLE.a(gattservapp.o)
                0x000000000000d33a                gattServApp_ProcessReadMultiReq
 .text.gattServApp_ProcessFindByTypeValueReq
                0x000000000000d4a8      0x1a0 E:\Project\tp78\mounriver_project\BLE_CH582M\LIB\libCH58xBLE.a(gattservapp.o)
                0x000000000000d4a8                gattServApp_ProcessFindByTypeValueReq
 .text.GATT_VerifyReadPermissions
                0x000000000000d648       0x68 E:\Project\tp78\mounriver_project\BLE_CH582M\LIB\libCH58xBLE.a(gattservapp.o)
                0x000000000000d648                GATT_VerifyReadPermissions
 .text.gattProcessReadMultiReq
                0x000000000000d6b0       0xae E:\Project\tp78\mounriver_project\BLE_CH582M\LIB\libCH58xBLE.a(gattservapp.o)
 .text.gattProcessReadReq
                0x000000000000d75e       0x30 E:\Project\tp78\mounriver_project\BLE_CH582M\LIB\libCH58xBLE.a(gattservapp.o)
 .text.gattServApp_ProcessReadByGrpTypeReq
                0x000000000000d78e      0x21c E:\Project\tp78\mounriver_project\BLE_CH582M\LIB\libCH58xBLE.a(gattservapp.o)
                0x000000000000d78e                gattServApp_ProcessReadByGrpTypeReq
 .text.gattServApp_ProcessReadByTypeReq
                0x000000000000d9aa      0x1ae E:\Project\tp78\mounriver_project\BLE_CH582M\LIB\libCH58xBLE.a(gattservapp.o)
                0x000000000000d9aa                gattServApp_ProcessReadByTypeReq
 .text.GATT_RegisterService
                0x000000000000db58       0xee E:\Project\tp78\mounriver_project\BLE_CH582M\LIB\libCH58xBLE.a(gattservapp.o)
                0x000000000000db58                GATT_RegisterService
 .text.GATTServApp_RegisterService
                0x000000000000dc46       0x7c E:\Project\tp78\mounriver_project\BLE_CH582M\LIB\libCH58xBLE.a(gattservapp.o)
                0x000000000000dc46                GATTServApp_RegisterService
 .text.GATTServApp_AddService
                0x000000000000dcc2       0x2c E:\Project\tp78\mounriver_project\BLE_CH582M\LIB\libCH58xBLE.a(gattservapp.o)
                0x000000000000dcc2                GATTServApp_AddService
 .text.GATTServApp_RegisterForMsg
                0x000000000000dcee        0x6 E:\Project\tp78\mounriver_project\BLE_CH582M\LIB\libCH58xBLE.a(gattservapp.o)
                0x000000000000dcee                GATTServApp_RegisterForMsg
 .text.GATTServApp_InitCharCfg
                0x000000000000dcf4       0x3e E:\Project\tp78\mounriver_project\BLE_CH582M\LIB\libCH58xBLE.a(gattservapp.o)
                0x000000000000dcf4                GATTServApp_InitCharCfg
 .text.gattServApp_HandleConnStatusCB
                0x000000000000dd32       0x74 E:\Project\tp78\mounriver_project\BLE_CH582M\LIB\libCH58xBLE.a(gattservapp.o)
                0x000000000000dd32                gattServApp_HandleConnStatusCB
 .text.GATT_InitServer
                0x000000000000dda6       0x56 E:\Project\tp78\mounriver_project\BLE_CH582M\LIB\libCH58xBLE.a(gattservapp.o)
                0x000000000000dda6                GATT_InitServer
 .text.GATTServApp_Init
                0x000000000000ddfc       0xb2 E:\Project\tp78\mounriver_project\BLE_CH582M\LIB\libCH58xBLE.a(gattservapp.o)
                0x000000000000ddfc                GATTServApp_Init
 .text.GATTServApp_ProcessEvent
                0x000000000000deae      0x3a4 E:\Project\tp78\mounriver_project\BLE_CH582M\LIB\libCH58xBLE.a(gattservapp.o)
                0x000000000000deae                GATTServApp_ProcessEvent
 .text.l2capAllocConnChannel
                0x000000000000e252       0xdc E:\Project\tp78\mounriver_project\BLE_CH582M\LIB\libCH58xBLE.a(l2cap.o)
                0x000000000000e252                l2capAllocConnChannel
 .text.l2capFindLocalCID
                0x000000000000e32e       0x2c E:\Project\tp78\mounriver_project\BLE_CH582M\LIB\libCH58xBLE.a(l2cap.o)
                0x000000000000e32e                l2capFindLocalCID
 .text.l2capFindLocalId
                0x000000000000e35a       0x30 E:\Project\tp78\mounriver_project\BLE_CH582M\LIB\libCH58xBLE.a(l2cap.o)
                0x000000000000e35a                l2capFindLocalId
 .text.l2capFindPsm
                0x000000000000e38a       0x30 E:\Project\tp78\mounriver_project\BLE_CH582M\LIB\libCH58xBLE.a(l2cap.o)
                0x000000000000e38a                l2capFindPsm
 .text.l2capFindRemoteCID
                0x000000000000e3ba       0x3c E:\Project\tp78\mounriver_project\BLE_CH582M\LIB\libCH58xBLE.a(l2cap.o)
                0x000000000000e3ba                l2capFindRemoteCID
 .text.l2capFreeChannel
                0x000000000000e3f6       0x4a E:\Project\tp78\mounriver_project\BLE_CH582M\LIB\libCH58xBLE.a(l2cap.o)
                0x000000000000e3f6                l2capFreeChannel
 .text.l2capDisconnectChannel
                0x000000000000e440       0x28 E:\Project\tp78\mounriver_project\BLE_CH582M\LIB\libCH58xBLE.a(l2cap.o)
                0x000000000000e440                l2capDisconnectChannel
 .text.l2capHandleTimerCB
                0x000000000000e468       0x2c E:\Project\tp78\mounriver_project\BLE_CH582M\LIB\libCH58xBLE.a(l2cap.o)
                0x000000000000e468                l2capHandleTimerCB
 .text.l2capFreePendingPkt
                0x000000000000e494       0x58 E:\Project\tp78\mounriver_project\BLE_CH582M\LIB\libCH58xBLE.a(l2cap.o)
                0x000000000000e494                l2capFreePendingPkt
 .text.l2capGetCoChannelInfo
                0x000000000000e4ec       0x82 E:\Project\tp78\mounriver_project\BLE_CH582M\LIB\libCH58xBLE.a(l2cap.o)
                0x000000000000e4ec                l2capGetCoChannelInfo
 .text.l2capNumActiveChannnels
                0x000000000000e56e       0x48 E:\Project\tp78\mounriver_project\BLE_CH582M\LIB\libCH58xBLE.a(l2cap.o)
                0x000000000000e56e                l2capNumActiveChannnels
 .text.l2capStartTimer
                0x000000000000e5b6       0x1a E:\Project\tp78\mounriver_project\BLE_CH582M\LIB\libCH58xBLE.a(l2cap.o)
                0x000000000000e5b6                l2capStartTimer
 .text.l2capStopTimer
                0x000000000000e5d0       0x1e E:\Project\tp78\mounriver_project\BLE_CH582M\LIB\libCH58xBLE.a(l2cap.o)
                0x000000000000e5d0                l2capStopTimer
 .text.l2capDisconnectAllChannels
                0x000000000000e5ee       0xdc E:\Project\tp78\mounriver_project\BLE_CH582M\LIB\libCH58xBLE.a(l2cap.o)
                0x000000000000e5ee                l2capDisconnectAllChannels
 .text.l2capHandleConnStatusCB
                0x000000000000e6ca       0x3c E:\Project\tp78\mounriver_project\BLE_CH582M\LIB\libCH58xBLE.a(l2cap.o)
                0x000000000000e6ca                l2capHandleConnStatusCB
 .text.l2capHandleRxError
                0x000000000000e706        0x6 E:\Project\tp78\mounriver_project\BLE_CH582M\LIB\libCH58xBLE.a(l2cap.o)
                0x000000000000e706                l2capHandleRxError
 .text.L2CAP_GetMTU
                0x000000000000e70c        0x6 E:\Project\tp78\mounriver_project\BLE_CH582M\LIB\libCH58xBLE.a(l2cap.o)
                0x000000000000e70c                L2CAP_GetMTU
 .text.L2CAP_HostNumCompletedPkts
                0x000000000000e712       0x28 E:\Project\tp78\mounriver_project\BLE_CH582M\LIB\libCH58xBLE.a(l2cap.o)
                0x000000000000e712                L2CAP_HostNumCompletedPkts
 .text.L2CAP_ParseConnectReq
                0x000000000000e73a       0x5e E:\Project\tp78\mounriver_project\BLE_CH582M\LIB\libCH58xBLE.a(l2cap.o)
                0x000000000000e73a                L2CAP_ParseConnectReq
 .text.L2CAP_ParseFlowCtrlCredit
                0x000000000000e798       0x2e E:\Project\tp78\mounriver_project\BLE_CH582M\LIB\libCH58xBLE.a(l2cap.o)
                0x000000000000e798                L2CAP_ParseFlowCtrlCredit
 .text.L2CAP_RegisterApp
                0x000000000000e7c6       0x30 E:\Project\tp78\mounriver_project\BLE_CH582M\LIB\libCH58xBLE.a(l2cap.o)
                0x000000000000e7c6                L2CAP_RegisterApp
 .text.L2CAP_SetBufSize
                0x000000000000e7f6       0x10 E:\Project\tp78\mounriver_project\BLE_CH582M\LIB\libCH58xBLE.a(l2cap.o)
                0x000000000000e7f6                L2CAP_SetBufSize
 .text.L2CAP_bm_alloc
                0x000000000000e806       0x2a E:\Project\tp78\mounriver_project\BLE_CH582M\LIB\libCH58xBLE.a(l2cap.o)
                0x000000000000e806                L2CAP_bm_alloc
 .text.L2CAP_Init
                0x000000000000e830      0x106 E:\Project\tp78\mounriver_project\BLE_CH582M\LIB\libCH58xBLE.a(l2cap.o)
                0x000000000000e830                L2CAP_Init
 .text.L2CAP_ProcessEvent
                0x000000000000e936       0xd4 E:\Project\tp78\mounriver_project\BLE_CH582M\LIB\libCH58xBLE.a(l2cap.o)
                0x000000000000e936                L2CAP_ProcessEvent
 .text.l2capParseCmdReject
                0x000000000000ea0a       0x5e E:\Project\tp78\mounriver_project\BLE_CH582M\LIB\libCH58xBLE.a(l2cap_input.o)
                0x000000000000ea0a                l2capParseCmdReject
 .text.l2capParseDisconnectReq
                0x000000000000ea68       0x2e E:\Project\tp78\mounriver_project\BLE_CH582M\LIB\libCH58xBLE.a(l2cap_input.o)
                0x000000000000ea68                l2capParseDisconnectReq
 .text.l2capParseDisconnectRsp
                0x000000000000ea96       0x2e E:\Project\tp78\mounriver_project\BLE_CH582M\LIB\libCH58xBLE.a(l2cap_input.o)
                0x000000000000ea96                l2capParseDisconnectRsp
 .text.L2CAP_ParseParamUpdateReq
                0x000000000000eac4       0x4e E:\Project\tp78\mounriver_project\BLE_CH582M\LIB\libCH58xBLE.a(l2cap_input.o)
                0x000000000000eac4                L2CAP_ParseParamUpdateReq
 .text.l2capParseParamUpdateRsp
                0x000000000000eb12       0x1e E:\Project\tp78\mounriver_project\BLE_CH582M\LIB\libCH58xBLE.a(l2cap_input.o)
                0x000000000000eb12                l2capParseParamUpdateRsp
 .text.l2capProcessConnectReq
                0x000000000000eb30       0xfc E:\Project\tp78\mounriver_project\BLE_CH582M\LIB\libCH58xBLE.a(l2cap_input.o)
                0x000000000000eb30                l2capProcessConnectReq
 .text.l2capParseConnectRsp
                0x000000000000ec2c       0x5e E:\Project\tp78\mounriver_project\BLE_CH582M\LIB\libCH58xBLE.a(l2cap_input.o)
                0x000000000000ec2c                l2capParseConnectRsp
 .text.l2capParseSignalHdr
                0x000000000000ec8a       0x22 E:\Project\tp78\mounriver_project\BLE_CH582M\LIB\libCH58xBLE.a(l2cap_input.o)
                0x000000000000ec8a                l2capParseSignalHdr
 .text.l2capParsePacket
                0x000000000000ecac       0x8c E:\Project\tp78\mounriver_project\BLE_CH582M\LIB\libCH58xBLE.a(l2cap_input.o)
                0x000000000000ecac                l2capParsePacket
 .text.l2capProcessReq
                0x000000000000ed38      0x15e E:\Project\tp78\mounriver_project\BLE_CH582M\LIB\libCH58xBLE.a(l2cap_input.o)
                0x000000000000ed38                l2capProcessReq
 .text.l2capProcessRsp
                0x000000000000ee96      0x150 E:\Project\tp78\mounriver_project\BLE_CH582M\LIB\libCH58xBLE.a(l2cap_input.o)
                0x000000000000ee96                l2capProcessRsp
 .text.l2capProcessRxData
                0x000000000000efe6       0xf8 E:\Project\tp78\mounriver_project\BLE_CH582M\LIB\libCH58xBLE.a(l2cap_input.o)
                0x000000000000efe6                l2capProcessRxData
 .text.l2capNotifyData
                0x000000000000f0de       0x5a E:\Project\tp78\mounriver_project\BLE_CH582M\LIB\libCH58xBLE.a(l2cap_output.o)
                0x000000000000f0de                l2capNotifyData
 .text.l2capNotifySignal
                0x000000000000f138       0x76 E:\Project\tp78\mounriver_project\BLE_CH582M\LIB\libCH58xBLE.a(l2cap_output.o)
                0x000000000000f138                l2capNotifySignal
 .text.l2capNotifyCreditEvt
                0x000000000000f1ae       0xa0 E:\Project\tp78\mounriver_project\BLE_CH582M\LIB\libCH58xBLE.a(l2cap_output.o)
                0x000000000000f1ae                l2capNotifyCreditEvt
 .text.l2capNotifyChannelEstEvt
                0x000000000000f24e       0x58 E:\Project\tp78\mounriver_project\BLE_CH582M\LIB\libCH58xBLE.a(l2cap_output.o)
                0x000000000000f24e                l2capNotifyChannelEstEvt
 .text.l2capNotifyChannelTermEvt
                0x000000000000f2a6       0x3e E:\Project\tp78\mounriver_project\BLE_CH582M\LIB\libCH58xBLE.a(l2cap_output.o)
                0x000000000000f2a6                l2capNotifyChannelTermEvt
 .text.l2capNotifyEvent
                0x000000000000f2e4       0x66 E:\Project\tp78\mounriver_project\BLE_CH582M\LIB\libCH58xBLE.a(l2cap_output.o)
                0x000000000000f2e4                l2capNotifyEvent
 .text.l2capStoreFCPkt
                0x000000000000f34a       0x32 E:\Project\tp78\mounriver_project\BLE_CH582M\LIB\libCH58xBLE.a(l2cap_output.o)
                0x000000000000f34a                l2capStoreFCPkt
 .text.l2capFreeTxSDU
                0x000000000000f37c       0x9a E:\Project\tp78\mounriver_project\BLE_CH582M\LIB\libCH58xBLE.a(l2cap_output.o)
                0x000000000000f37c                l2capFreeTxSDU
 .text.l2capReassembleSegment
                0x000000000000f416      0x178 E:\Project\tp78\mounriver_project\BLE_CH582M\LIB\libCH58xBLE.a(l2cap_output.o)
                0x000000000000f416                l2capReassembleSegment
 .text.l2capEncapSendData
                0x000000000000f58e       0xf0 E:\Project\tp78\mounriver_project\BLE_CH582M\LIB\libCH58xBLE.a(l2cap_output.o)
                0x000000000000f58e                l2capEncapSendData
 .text.l2capSendFCPkt.part.3
                0x000000000000f67e       0x70 E:\Project\tp78\mounriver_project\BLE_CH582M\LIB\libCH58xBLE.a(l2cap_output.o)
 .text.l2capSendSegment
                0x000000000000f6ee      0x108 E:\Project\tp78\mounriver_project\BLE_CH582M\LIB\libCH58xBLE.a(l2cap_output.o)
                0x000000000000f6ee                l2capSendSegment
 .text.l2capSendNextSegment
                0x000000000000f7f6       0xb4 E:\Project\tp78\mounriver_project\BLE_CH582M\LIB\libCH58xBLE.a(l2cap_output.o)
                0x000000000000f7f6                l2capSendNextSegment
 .text.l2capSendPkt
                0x000000000000f8aa       0x3a E:\Project\tp78\mounriver_project\BLE_CH582M\LIB\libCH58xBLE.a(l2cap_output.o)
                0x000000000000f8aa                l2capSendPkt
 .text.L2CAP_SendData
                0x000000000000f8e4       0x78 E:\Project\tp78\mounriver_project\BLE_CH582M\LIB\libCH58xBLE.a(l2cap_output.o)
                0x000000000000f8e4                L2CAP_SendData
 .text.l2capSendCmd
                0x000000000000f95c       0x8a E:\Project\tp78\mounriver_project\BLE_CH582M\LIB\libCH58xBLE.a(l2cap_output.o)
                0x000000000000f95c                l2capSendCmd
 .text.l2capSendReq
                0x000000000000f9e6       0xc4 E:\Project\tp78\mounriver_project\BLE_CH582M\LIB\libCH58xBLE.a(l2cap_output.o)
                0x000000000000f9e6                l2capSendReq
 .text.l2capBuildDisconnectReq
                0x000000000000faaa       0x28 E:\Project\tp78\mounriver_project\BLE_CH582M\LIB\libCH58xBLE.a(l2cap_sdu.o)
 .text.l2capBuildParamUpdateReq
                0x000000000000fad2       0x4c E:\Project\tp78\mounriver_project\BLE_CH582M\LIB\libCH58xBLE.a(l2cap_sdu.o)
 .text.l2capBuildParamUpdateRsp
                0x000000000000fb1e       0x16 E:\Project\tp78\mounriver_project\BLE_CH582M\LIB\libCH58xBLE.a(l2cap_sdu.o)
 .text.l2capBuildConnectRsp
                0x000000000000fb34       0x5e E:\Project\tp78\mounriver_project\BLE_CH582M\LIB\libCH58xBLE.a(l2cap_sdu.o)
 .text.l2capBuildCmdReject
                0x000000000000fb92       0x62 E:\Project\tp78\mounriver_project\BLE_CH582M\LIB\libCH58xBLE.a(l2cap_sdu.o)
                0x000000000000fb92                l2capBuildCmdReject
 .text.l2capBuildDisconnectRsp
                0x000000000000fbf4       0x28 E:\Project\tp78\mounriver_project\BLE_CH582M\LIB\libCH58xBLE.a(l2cap_sdu.o)
                0x000000000000fbf4                l2capBuildDisconnectRsp
 .text.l2capSendConnectRsp
                0x000000000000fc1c       0xa6 E:\Project\tp78\mounriver_project\BLE_CH582M\LIB\libCH58xBLE.a(l2cap_sdu.o)
                0x000000000000fc1c                l2capSendConnectRsp
 .text.L2CAP_CmdReject
                0x000000000000fcc2       0x12 E:\Project\tp78\mounriver_project\BLE_CH582M\LIB\libCH58xBLE.a(l2cap_sdu.o)
                0x000000000000fcc2                L2CAP_CmdReject
 .text.L2CAP_DisconnectReq
                0x000000000000fcd4       0x2a E:\Project\tp78\mounriver_project\BLE_CH582M\LIB\libCH58xBLE.a(l2cap_sdu.o)
                0x000000000000fcd4                L2CAP_DisconnectReq
 .text.L2CAP_ConnParamUpdateReq
                0x000000000000fcfe       0x16 E:\Project\tp78\mounriver_project\BLE_CH582M\LIB\libCH58xBLE.a(l2cap_sdu.o)
                0x000000000000fcfe                L2CAP_ConnParamUpdateReq
 .text.L2CAP_ConnParamUpdateRsp
                0x000000000000fd14       0x12 E:\Project\tp78\mounriver_project\BLE_CH582M\LIB\libCH58xBLE.a(l2cap_sdu.o)
                0x000000000000fd14                L2CAP_ConnParamUpdateRsp
 .text.reportStatusChange
                0x000000000000fd26       0x3e E:\Project\tp78\mounriver_project\BLE_CH582M\LIB\libCH58xBLE.a(linkdb.o)
 .text.linkDB_Init
                0x000000000000fd64       0x82 E:\Project\tp78\mounriver_project\BLE_CH582M\LIB\libCH58xBLE.a(linkdb.o)
                0x000000000000fd64                linkDB_Init
 .text.linkDB_Find
                0x000000000000fde6       0x34 E:\Project\tp78\mounriver_project\BLE_CH582M\LIB\libCH58xBLE.a(linkdb.o)
                0x000000000000fde6                linkDB_Find
 .text.linkDB_Authen
                0x000000000000fe1a       0x5c E:\Project\tp78\mounriver_project\BLE_CH582M\LIB\libCH58xBLE.a(linkdb.o)
                0x000000000000fe1a                linkDB_Authen
 .text.linkDB_FindFirst
                0x000000000000fe76       0x40 E:\Project\tp78\mounriver_project\BLE_CH582M\LIB\libCH58xBLE.a(linkdb.o)
                0x000000000000fe76                linkDB_FindFirst
 .text.linkDB_MTU
                0x000000000000feb6       0x18 E:\Project\tp78\mounriver_project\BLE_CH582M\LIB\libCH58xBLE.a(linkdb.o)
                0x000000000000feb6                linkDB_MTU
 .text.linkDB_NumActive
                0x000000000000fece       0x36 E:\Project\tp78\mounriver_project\BLE_CH582M\LIB\libCH58xBLE.a(linkdb.o)
                0x000000000000fece                linkDB_NumActive
 .text.linkDB_NumConns
                0x000000000000ff04        0xa E:\Project\tp78\mounriver_project\BLE_CH582M\LIB\libCH58xBLE.a(linkdb.o)
                0x000000000000ff04                linkDB_NumConns
 .text.linkDB_Register
                0x000000000000ff0e       0x28 E:\Project\tp78\mounriver_project\BLE_CH582M\LIB\libCH58xBLE.a(linkdb.o)
                0x000000000000ff0e                linkDB_Register
 .text.linkDB_Remove
                0x000000000000ff36       0x48 E:\Project\tp78\mounriver_project\BLE_CH582M\LIB\libCH58xBLE.a(linkdb.o)
                0x000000000000ff36                linkDB_Remove
 .text.linkDB_Role
                0x000000000000ff7e       0x18 E:\Project\tp78\mounriver_project\BLE_CH582M\LIB\libCH58xBLE.a(linkdb.o)
                0x000000000000ff7e                linkDB_Role
 .text.linkDB_State
                0x000000000000ff96       0x30 E:\Project\tp78\mounriver_project\BLE_CH582M\LIB\libCH58xBLE.a(linkdb.o)
                0x000000000000ff96                linkDB_State
 .text.linkDB_UpdateMTU
                0x000000000000ffc6       0x28 E:\Project\tp78\mounriver_project\BLE_CH582M\LIB\libCH58xBLE.a(linkdb.o)
                0x000000000000ffc6                linkDB_UpdateMTU
 .text.linkDB_PerformFunc
                0x000000000000ffee       0x5a E:\Project\tp78\mounriver_project\BLE_CH582M\LIB\libCH58xBLE.a(linkdb.o)
                0x000000000000ffee                linkDB_PerformFunc
 .text.linkDB_PeripheralLinkNum
                0x0000000000010048       0x46 E:\Project\tp78\mounriver_project\BLE_CH582M\LIB\libCH58xBLE.a(linkdb.o)
                0x0000000000010048                linkDB_PeripheralLinkNum
 .text.linkDB_GetSMEvtID