Archive member included to satisfy reference by file (symbol)

E:\Project\tp78\mounriver_project\BLE_CH582M\StdPeriphDriver\libISP583.a(ISP583.o)
                              ./StdPeriphDriver/CH58x_flash.o (FLASH_EEPROM_CMD)
E:\Project\tp78\mounriver_project\BLE_CH582M\LIB\libCH58xBLE.a(message.o)
                              ./Profile/hiddev.o (tmos_msg_deallocate)
E:\Project\tp78\mounriver_project\BLE_CH582M\LIB\libCH58xBLE.a(tmos.o)
                              E:\Project\tp78\mounriver_project\BLE_CH582M\LIB\libCH58xBLE.a(message.o) (gTmosPara)
E:\Project\tp78\mounriver_project\BLE_CH582M\LIB\libCH58xBLE.a(tmos_hw.o)
                              E:\Project\tp78\mounriver_project\BLE_CH582M\LIB\libCH58xBLE.a(tmos.o) (RTC_Get32KClock)
E:\Project\tp78\mounriver_project\BLE_CH582M\LIB\libCH58xBLE.a(gap.o)
                              ./Profile/hiddev.o (GAP_SetParamValue)
E:\Project\tp78\mounriver_project\BLE_CH582M\LIB\libCH58xBLE.a(gap_central.o)
                              E:\Project\tp78\mounriver_project\BLE_CH582M\LIB\libCH58xBLE.a(gap.o) (gapProcessPeriodicAdvertisingSyncEstablishedEvt)
E:\Project\tp78\mounriver_project\BLE_CH582M\LIB\libCH58xBLE.a(gap_peripheral.o)
                              ./HAL/BLE.o (GAP_ConfigDeviceAddr)
E:\Project\tp78\mounriver_project\BLE_CH582M\LIB\libCH58xBLE.a(gapgattserver.o)
                              ./HAL/BLE.o (GGS_SetParameter)
E:\Project\tp78\mounriver_project\BLE_CH582M\LIB\libCH58xBLE.a(gatt.o)
                              ./Profile/battservice.o (GATT_bm_alloc)
E:\Project\tp78\mounriver_project\BLE_CH582M\LIB\libCH58xBLE.a(gatt_uuid.o)
                              ./Profile/battservice.o (reportRefUUID)
E:\Project\tp78\mounriver_project\BLE_CH582M\LIB\libCH58xBLE.a(gattclientapp.o)
                              E:\Project\tp78\mounriver_project\BLE_CH582M\LIB\libCH58xBLE.a(gatt.o) (gattGetClientStatus)
E:\Project\tp78\mounriver_project\BLE_CH582M\LIB\libCH58xBLE.a(gattservapp.o)
                              ./Profile/battservice.o (GATTServApp_ReadCharCfg)
E:\Project\tp78\mounriver_project\BLE_CH582M\LIB\libCH58xBLE.a(l2cap.o)
                              E:\Project\tp78\mounriver_project\BLE_CH582M\LIB\libCH58xBLE.a(gatt.o) (L2CAP_GetMTU)
E:\Project\tp78\mounriver_project\BLE_CH582M\LIB\libCH58xBLE.a(l2cap_input.o)
                              E:\Project\tp78\mounriver_project\BLE_CH582M\LIB\libCH58xBLE.a(l2cap.o) (l2capProcessRxData)
E:\Project\tp78\mounriver_project\BLE_CH582M\LIB\libCH58xBLE.a(l2cap_output.o)
                              E:\Project\tp78\mounriver_project\BLE_CH582M\LIB\libCH58xBLE.a(l2cap_input.o) (l2capNotifyData)
E:\Project\tp78\mounriver_project\BLE_CH582M\LIB\libCH58xBLE.a(l2cap_sdu.o)
                              E:\Project\tp78\mounriver_project\BLE_CH582M\LIB\libCH58xBLE.a(l2cap_input.o) (l2capBuildDisconnectRsp)
E:\Project\tp78\mounriver_project\BLE_CH582M\LIB\libCH58xBLE.a(linkdb.o)
                              E:\Project\tp78\mounriver_project\BLE_CH582M\LIB\libCH58xBLE.a(l2cap.o) (linkDB_Init)
E:\Project\tp78\mounriver_project\BLE_CH582M\LIB\libCH58xBLE.a(sm.o)
                              E:\Project\tp78\mounriver_project\BLE_CH582M\LIB\libCH58xBLE.a(gap.o) (smStartEncryption)
E:\Project\tp78\mounriver_project\BLE_CH582M\LIB\libCH58xBLE.a(host_input.o)
                              E:\Project\tp78\mounriver_project\BLE_CH582M\LIB\libCH58xBLE.a(gap.o) (gBleHostPara)
E:\Project\tp78\mounriver_project\BLE_CH582M\LIB\libCH58xBLE.a(host_output.o)
                              E:\Project\tp78\mounriver_project\BLE_CH582M\LIB\libCH58xBLE.a(gap.o) (HCI_DisconnectCmd)
E:\Project\tp78\mounriver_project\BLE_CH582M\LIB\libCH58xBLE.a(ll_connect.o)
                              E:\Project\tp78\mounriver_project\BLE_CH582M\LIB\libCH58xBLE.a(tmos.o) (LL_GetNextConnectEventTime)
E:\Project\tp78\mounriver_project\BLE_CH582M\LIB\libCH58xBLE.a(ll_core.o)
                              E:\Project\tp78\mounriver_project\BLE_CH582M\LIB\libCH58xBLE.a(ll_connect.o) (LL_CoreGetCore)
E:\Project\tp78\mounriver_project\BLE_CH582M\LIB\libCH58xBLE.a(ll_hop.o)
                              E:\Project\tp78\mounriver_project\BLE_CH582M\LIB\libCH58xBLE.a(ll_connect.o) (LL_HopGetChannel)
E:\Project\tp78\mounriver_project\BLE_CH582M\LIB\libCH58xBLE.a(ll_master.o)
                              E:\Project\tp78\mounriver_project\BLE_CH582M\LIB\libCH58xBLE.a(ll_connect.o) (ll_master_process)
E:\Project\tp78\mounriver_project\BLE_CH582M\LIB\libCH58xBLE.a(ll_pdu.o)
                              E:\Project\tp78\mounriver_project\BLE_CH582M\LIB\libCH58xBLE.a(ll_master.o) (LL_SendAck)
E:\Project\tp78\mounriver_project\BLE_CH582M\LIB\libCH58xBLE.a(ll_report.o)
                              E:\Project\tp78\mounriver_project\BLE_CH582M\LIB\libCH58xBLE.a(ll_connect.o) (LL_ReportGenerateEvent)
E:\Project\tp78\mounriver_project\BLE_CH582M\LIB\libCH58xBLE.a(ll_scan.o)
[...]
Memory Configuration

Name             Origin             Length             Attributes
FLASH            0x0000000000000000 0x0000000000070000 xr
RAM              0x0000000020000000 0x0000000000008000 xrw
*default*        0x0000000000000000 0xffffffffffffffff

Linker script and memory map

LOAD ./StdPeriphDriver/CH58x_adc.o
LOAD ./StdPeriphDriver/CH58x_clk.o
LOAD ./StdPeriphDriver/CH58x_flash.o
LOAD ./StdPeriphDriver/CH58x_gpio.o
LOAD ./StdPeriphDriver/CH58x_i2c.o
LOAD ./StdPeriphDriver/CH58x_pwm.o
LOAD ./StdPeriphDriver/CH58x_pwr.o
LOAD ./StdPeriphDriver/CH58x_spi0.o
LOAD ./StdPeriphDriver/CH58x_spi1.o
LOAD ./StdPeriphDriver/CH58x_sys.o
LOAD ./StdPeriphDriver/CH58x_timer0.o
LOAD ./StdPeriphDriver/CH58x_timer1.o
LOAD ./StdPeriphDriver/CH58x_timer2.o
LOAD ./StdPeriphDriver/CH58x_timer3.o
LOAD ./StdPeriphDriver/CH58x_uart0.o
LOAD ./StdPeriphDriver/CH58x_uart1.o
LOAD ./StdPeriphDriver/CH58x_uart2.o
LOAD ./StdPeriphDriver/CH58x_uart3.o
LOAD ./StdPeriphDriver/CH58x_usb2dev.o
LOAD ./StdPeriphDriver/CH58x_usb2hostBase.o
LOAD ./StdPeriphDriver/CH58x_usb2hostClass.o
LOAD ./StdPeriphDriver/CH58x_usbdev.o
LOAD ./StdPeriphDriver/CH58x_usbhostBase.o
LOAD ./StdPeriphDriver/CH58x_usbhostClass.o
LOAD ./Startup/startup_CH583.o
LOAD ./RVMSIS/core_riscv.o
LOAD ./Profile/battservice.o
LOAD ./Profile/devinfoservice.o
LOAD ./Profile/hiddev.o
LOAD ./Profile/hidkbmservice.o
LOAD ./Profile/scanparamservice.o
LOAD ./HAL/BATTERY.o
LOAD ./HAL/BLE.o
LOAD ./HAL/ISP.o
LOAD ./HAL/KEY.o
LOAD ./HAL/KEYBOARD.o
LOAD ./HAL/LED.o
LOAD ./HAL/MCU.o
LOAD ./HAL/OLED.o
LOAD ./HAL/OLEDFONT.o
LOAD ./HAL/PS2.o
LOAD ./HAL/RTC.o
LOAD ./HAL/SLEEP.o
LOAD ./HAL/USB.o
LOAD ./HAL/WS2812.o
LOAD ./APP/main.o
LOAD ./APP/snake.o
LOAD E:\Project\tp78\mounriver_project\BLE_CH582M\StdPeriphDriver\libISP583.a
LOAD E:\Project\tp78\mounriver_project\BLE_CH582M\LIB\libCH58xBLE.a
LOAD d:/mounriver/mounriver_studio/toolchain/risc-v embedded gcc/bin/../lib/gcc/riscv-none-embed/8.2.0/rv32imac/ilp32\libgcc.a
LOAD d:/mounriver/mounriver_studio/toolchain/risc-v embedded gcc/bin/../lib/gcc/riscv-none-embed/8.2.0/../../../../riscv-none-embed/lib/rv32imac/ilp32\libg_nano.a
LOAD d:/mounriver/mounriver_studio/toolchain/risc-v embedded gcc/bin/../lib/gcc/riscv-none-embed/8.2.0/../../../../riscv-none-embed/lib/rv32imac/ilp32\libc_nano.a
LOAD d:/mounriver/mounriver_studio/toolchain/risc-v embedded gcc/bin/../lib/gcc/riscv-none-embed/8.2.0/rv32imac/ilp32\libgcc.a
START GROUP
LOAD d:/mounriver/mounriver_studio/toolchain/risc-v embedded gcc/bin/../lib/gcc/riscv-none-embed/8.2.0/rv32imac/ilp32\libgcc.a
LOAD d:/mounriver/mounriver_studio/toolchain/risc-v embedded gcc/bin/../lib/gcc/riscv-none-embed/8.2.0/../../../../riscv-none-embed/lib/rv32imac/ilp32\libc_nano.a
LOAD d:/mounriver/mounriver_studio/toolchain/risc-v embedded gcc/bin/../lib/gcc/riscv-none-embed/8.2.0/../../../../riscv-none-embed/lib/rv32imac/ilp32\libnosys.a
END GROUP
START GROUP
LOAD d:/mounriver/mounriver_studio/toolchain/risc-v embedded gcc/bin/../lib/gcc/riscv-none-embed/8.2.0/rv32imac/ilp32\libgcc.a
LOAD d:/mounriver/mounriver_studio/toolchain/risc-v embedded gcc/bin/../lib/gcc/riscv-none-embed/8.2.0/../../../../riscv-none-embed/lib/rv32imac/ilp32\libc_nano.a
LOAD d:/mounriver/mounriver_studio/toolchain/risc-v embedded gcc/bin/../lib/gcc/riscv-none-embed/8.2.0/../../../../riscv-none-embed/lib/rv32imac/ilp32\libnosys.a
END GROUP

.init           0x0000000000000000        0x4
                0x0000000000000000                _sinit = .
                0x0000000000000000                . = ALIGN (0x4)
 *(SORT_NONE(.init))
 .init          0x0000000000000000        0x4 ./Startup/startup_CH583.o
                0x0000000000000000                _start
                0x0000000000000004                . = ALIGN (0x4)
                0x0000000000000004                _einit = .

.highcodelalign
                0x0000000000000004        0x0
                0x0000000000000004                . = ALIGN (0x4)
                0x0000000000000004                PROVIDE (_highcode_lma = .)

.highcode       0x0000000020000000     0x2108 load address 0x0000000000000004
                0x0000000020000000                . = ALIGN (0x4)
                0x0000000020000000                PROVIDE (_highcode_vma_start = .)
 *(.vector)
 .vector        0x0000000020000000       0x90 ./Startup/startup_CH583.o
 *(SORT_NONE(.vector_handler))
 .vector_handler
                0x0000000020000090       0x36 ./Startup/startup_CH583.o
                0x0000000020000090                NMI_Handler
                0x0000000020000094                Ecall_M_Mode_Handler
                0x0000000020000096                Ecall_U_Mode_Handler
                0x0000000020000098                Break_Point_Handler
                0x000000002000009a                SysTick_Handler
                0x000000002000009c                SW_Handler
                0x000000002000009e                TMR0_IRQHandler
                0x00000000200000a0                GPIOA_IRQHandler
                0x00000000200000a4                SPI0_IRQHandler
                0x00000000200000a6                BB_IRQHandler
                0x00000000200000a8                LLE_IRQHandler
                0x00000000200000ac                USB2_IRQHandler
                0x00000000200000ae                TMR1_IRQHandler
                0x00000000200000b0                TMR2_IRQHandler
                0x00000000200000b2                UART0_IRQHandler
                0x00000000200000b4                UART1_IRQHandler
                0x00000000200000b8                ADC_IRQHandler
                0x00000000200000ba                I2C_IRQHandler
                0x00000000200000bc                PWMX_IRQHandler
                0x00000000200000be                TMR3_IRQHandler
                0x00000000200000c0                UART2_IRQHandler
                0x00000000200000c2                UART3_IRQHandler
                0x00000000200000c4                WDOG_BAT_IRQHandler
 *(.highcode)
 .highcode      0x00000000200000c6      0x1c6 ./StdPeriphDriver/CH58x_sys.o
                0x00000000200000c6                SetSysClock
                0x000000002000021c                HardFault_Handler
                0x0000000020000256                mDelayuS
                0x0000000020000264                mDelaymS
 .highcode      0x000000002000028c       0x7a ./HAL/ISP.o
                0x000000002000028c                APPJumpBoot
                0x00000000200002d6                SoftReset
 .highcode      0x0000000020000306        0xc ./HAL/PS2.o
                0x0000000020000306                GPIOB_IRQHandler
 .highcode      0x0000000020000312       0x1a ./HAL/RTC.o
                0x0000000020000312                RTC_IRQHandler
 .highcode      0x000000002000032c        0xc ./HAL/USB.o
                0x000000002000032c                USB_IRQHandler
 .highcode      0x0000000020000338        0xa ./APP/main.o
                0x0000000020000338                Main_Circulation
 .highcode      0x0000000020000342      0x426 E:\Project\tp78\mounriver_project\BLE_CH582M\StdPeriphDriver\libISP583.a(ISP583.o)
                0x0000000020000342                FLASH_ROM_BEG
                0x0000000020000354                FLASH_ROM_END
                0x0000000020000362                FLASH_ROM_IN
                0x0000000020000370                FLASH_ROM_OUT
                0x000000002000037e                FLASH_ROM_ADDR
                0x00000000200003c6                FLASH_ROM_WAIT
                0x00000000200003fe                FLASH_EEPROM_CMD
 .highcode      0x0000000020000768      0x4ae E:\Project\tp78\mounriver_project\BLE_CH582M\LIB\libCH58xBLE.a(tmos.o)
                0x0000000020000768                tmos_proces_sleep
                0x00000000200008b8                tmos_memcpy
                0x00000000200008d8                tmos_memcpy_word
                0x00000000200008f0                tmos_memcmp
                0x000000002000091e                tmos_proces_system_time
                0x0000000020000a6a                TMOS_SystemProcess
 .highcode      0x0000000020000c16       0x4a E:\Project\tp78\mounriver_project\BLE_CH582M\LIB\libCH58xBLE.a(tmos_hw.o)
                0x0000000020000c16                BLE_GetHSEClock
                0x0000000020000c48                RTC_Get32KClock
 .highcode      0x0000000020000c60      0x758 E:\Project\tp78\mounriver_project\BLE_CH582M\LIB\libCH58xBLE.a(ll_connect.o)
                0x0000000020000c60                ll_connect_send_data
                0x0000000020000d6e                ll_connect_recv_data
                0x0000000020000e48                ll_connect_event_continue
                0x0000000020000f42                ll_connect_process_event
 .highcode      0x00000000200013b8      0x310 E:\Project\tp78\mounriver_project\BLE_CH582M\LIB\libCH58xBLE.a(ll_hop.o)
                0x00000000200013b8                LL_HopGetChannel
                0x000000002000145e                LL_HopGetChannel2
 .highcode      0x00000000200016c8       0x4e E:\Project\tp78\mounriver_project\BLE_CH582M\LIB\libCH58xBLE.a(ll_whitelist.o)
                0x00000000200016c8                LL_WhitelistLookup
 .highcode      0x0000000020001716      0x10a E:\Project\tp78\mounriver_project\BLE_CH582M\LIB\libCH58xBLE.a(bb.o)
                0x0000000020001716                BB_RAM_IRQHandler
 .highcode      0x0000000020001820      0x3d6 E:\Project\tp78\mounriver_project\BLE_CH582M\LIB\libCH58xBLE.a(ip.o)
                0x0000000020001820                ll_rx_wait_finish
                0x0000000020001842                ble_ll_chkcrc
                0x0000000020001950                ll_tx_wait_finish
                0x0000000020001a88                BLE_CheckHoppingMap
 .highcode      0x0000000020001bf6      0x1d2 E:\Project\tp78\mounriver_project\BLE_CH582M\LIB\libCH58xBLE.a(rf_fh.o)
                0x0000000020001bf6                RF_HopGetChannel
                0x0000000020001c78                RF_FrequencyHoppingGet
                0x0000000020001d2e                RF_FrequencyHoppingChange
 .highcode      0x0000000020001dc8       0x30 E:\Project\tp78\mounriver_project\BLE_CH582M\LIB\libCH58xBLE.a(rfend.o)
                0x0000000020001dc8                RFEND_WaitTune
 .highcode      0x0000000020001df8      0x1d8 E:\Project\tp78\mounriver_project\BLE_CH582M\LIB\libCH58xBLE.a(memory.o)
                0x0000000020001df8                tmos_memory_allocate
                0x0000000020001ef0                tmos_memory_free
 .highcode      0x0000000020001fd0      0x138 E:\Project\tp78\mounriver_project\BLE_CH582M\LIB\libCH58xBLE.a(ll_resolvinglist.o)
                0x0000000020001fd0                LL_ResolvinglistPeerIdentifyAddressGetIrk
                0x0000000020002024                LL_ResolvinglistPeerRpaAddressGetIrk
                0x0000000020002066                LL_ResolvinglistLocalRpaAddressGetIrk
                0x00000000200020a8                LL_ResolvinglistCheckPeerResolution
 *(.highcode.*)
                0x0000000020002108                . = ALIGN (0x4)
 *fill*         0x0000000020002108        0x0 
                0x0000000020002108                PROVIDE (_highcode_vma_end = .)

.text           0x000000000000210c    0x2422c
                0x000000000000210c                . = ALIGN (0x4)
 *(SORT_NONE(.handle_reset))
 .handle_reset  0x000000000000210c       0xae ./Startup/startup_CH583.o
                0x000000000000210c                handle_reset
 *(.text)
 .text          0x00000000000021ba       0xa8 d:/mounriver/mounriver_studio/toolchain/risc-v embedded gcc/bin/../lib/gcc/riscv-none-embed/8.2.0/../../../../riscv-none-embed/lib/rv32imac/ilp32\libg_nano.a(lib_a-memset.o)
                0x00000000000021ba                memset
 *(.text.*)
 .text.ADC_ExtSingleChSampInit
                0x0000000000002262       0x24 ./StdPeriphDriver/CH58x_adc.o
                0x0000000000002262                ADC_ExtSingleChSampInit
 .text.ADC_InterTSSampInit
                0x0000000000002286       0x28 ./StdPeriphDriver/CH58x_adc.o
                0x0000000000002286                ADC_InterTSSampInit
 .text.Calibration_LSI
                0x00000000000022ae      0x226 ./StdPeriphDriver/CH58x_clk.o
                0x00000000000022ae                Calibration_LSI
 .text.GPIOA_ModeCfg
                0x00000000000024d4       0xa6 ./StdPeriphDriver/CH58x_gpio.o
                0x00000000000024d4                GPIOA_ModeCfg
 .text.GPIOB_ModeCfg
                0x000000000000257a       0xa6 ./StdPeriphDriver/CH58x_gpio.o
                0x000000000000257a                GPIOB_ModeCfg
 .text.GPIOB_ITModeCfg
                0x0000000000002620       0x8a ./StdPeriphDriver/CH58x_gpio.o
                0x0000000000002620                GPIOB_ITModeCfg
 .text.GPIOPinRemap
                0x00000000000026aa       0x1a ./StdPeriphDriver/CH58x_gpio.o
                0x00000000000026aa                GPIOPinRemap
 .text.GetSysClock
                0x00000000000026c4       0x42 ./StdPeriphDriver/CH58x_sys.o
                0x00000000000026c4                GetSysClock
 .text.SYS_GetSysTickCnt
                0x0000000000002706        0xa ./StdPeriphDriver/CH58x_sys.o
                0x0000000000002706                SYS_GetSysTickCnt
 .text._write   0x0000000000002710       0x28 ./StdPeriphDriver/CH58x_sys.o
                0x0000000000002710                _write
 .text.TMR1_PWMInit
                0x0000000000002738       0x18 ./StdPeriphDriver/CH58x_timer1.o
                0x0000000000002738                TMR1_PWMInit
 .text.TMR1_DMACfg
                0x0000000000002750       0x20 ./StdPeriphDriver/CH58x_timer1.o
                0x0000000000002750                TMR1_DMACfg
 .text.UART3_BaudRateCfg
                0x0000000000002770       0x30 ./StdPeriphDriver/CH58x_uart3.o
                0x0000000000002770                UART3_BaudRateCfg
 .text.UART3_DefInit
                0x00000000000027a0       0x32 ./StdPeriphDriver/CH58x_uart3.o
                0x00000000000027a0                UART3_DefInit
 .text.USB_DeviceInit
                0x00000000000027d2       0x8e ./StdPeriphDriver/CH58x_usbdev.o
                0x00000000000027d2                USB_DeviceInit
 .text.DevEP1_IN_Deal
                0x0000000000002860       0x16 ./StdPeriphDriver/CH58x_usbdev.o
                0x0000000000002860                DevEP1_IN_Deal
 .text.DevEP2_IN_Deal
                0x0000000000002876       0x16 ./StdPeriphDriver/CH58x_usbdev.o
                0x0000000000002876                DevEP2_IN_Deal
 .text.DevEP3_IN_Deal
                0x000000000000288c       0x16 ./StdPeriphDriver/CH58x_usbdev.o
                0x000000000000288c                DevEP3_IN_Deal
 .text.DevEP4_IN_Deal
                0x00000000000028a2       0x16 ./StdPeriphDriver/CH58x_usbdev.o
                0x00000000000028a2                DevEP4_IN_Deal
 .text.battMeasure
                0x00000000000028b8       0x8e ./Profile/battservice.o
 .text.battWriteAttrCB
                0x0000000000002946       0x5e ./Profile/battservice.o
 .text.battReadAttrCB
                0x00000000000029a4       0x7e ./Profile/battservice.o
 .text.battNotifyCB
                0x0000000000002a22       0x76 ./Profile/battservice.o
 .text.Batt_AddService
                0x0000000000002a98       0x2c ./Profile/battservice.o
                0x0000000000002a98                Batt_AddService
 .text.Batt_Register
                0x0000000000002ac4        0x6 ./Profile/battservice.o
                0x0000000000002ac4                Batt_Register
 .text.Batt_SetParameter
                0x0000000000002aca       0x3a ./Profile/battservice.o
                0x0000000000002aca                Batt_SetParameter
 .text.Batt_GetParameter
                0x0000000000002b04       0x6a ./Profile/battservice.o
                0x0000000000002b04                Batt_GetParameter
 .text.Batt_MeasLevel
                0x0000000000002b6e       0x2e ./Profile/battservice.o
                0x0000000000002b6e                Batt_MeasLevel
 .text.Batt_HandleConnStatusCB
                0x0000000000002b9c       0x3e ./Profile/battservice.o
                0x0000000000002b9c                Batt_HandleConnStatusCB
 .text.devInfo_ReadAttrCB
                0x0000000000002bda      0x196 ./Profile/devinfoservice.o
 .text.DevInfo_AddService
                0x0000000000002d70       0x18 ./Profile/devinfoservice.o
                0x0000000000002d70                DevInfo_AddService
 .text.hidDevScanParamCB
                0x0000000000002d88        0x2 ./Profile/hiddev.o
 .text.hidDevRptByHandle
                0x0000000000002d8a       0x30 ./Profile/hiddev.o
 .text.hidDevParamUpdateCB
                0x0000000000002dba       0x12 ./Profile/hiddev.o
 .text.hidDevInitialAdvertising
                0x0000000000002dcc       0x3c ./Profile/hiddev.o
 .text.hidDevPasscodeCB
                0x0000000000002e08       0x28 ./Profile/hiddev.o
 .text.hidDevBattCB
                0x0000000000002e30       0x30 ./Profile/hiddev.o
 .text.hidDevPairStateCB
                0x0000000000002e60       0x28 ./Profile/hiddev.o
 .text.HidDev_ProcessEvent
                0x0000000000002e88       0xf0 ./Profile/hiddev.o
                0x0000000000002e88                HidDev_ProcessEvent
 .text.hidDevGapStateCB
                0x0000000000002f78      0x124 ./Profile/hiddev.o
 .text.HidDev_Init
                0x000000000000309c       0x6a ./Profile/hiddev.o
                0x000000000000309c                HidDev_Init
 .text.HidDev_Register
                0x0000000000003106        0xa ./Profile/hiddev.o
                0x0000000000003106                HidDev_Register
 .text.HidDev_RegisterReports
                0x0000000000003110        0xa ./Profile/hiddev.o
                0x0000000000003110                HidDev_RegisterReports
 .text.HidDev_Report
                0x000000000000311a      0x12c ./Profile/hiddev.o
                0x000000000000311a                HidDev_Report
 .text.HidDev_ReadAttrCB
                0x0000000000003246      0x104 ./Profile/hiddev.o
                0x0000000000003246                HidDev_ReadAttrCB
 .text.HidDev_WriteAttrCB
                0x000000000000334a      0x146 ./Profile/hiddev.o
                0x000000000000334a                HidDev_WriteAttrCB
 .text.Hid_AddService
                0x0000000000003490      0x134 ./Profile/hidkbmservice.o
                0x0000000000003490                Hid_AddService
 .text.Hid_SetParameter
                0x00000000000035c4       0x5a ./Profile/hidkbmservice.o
                0x00000000000035c4                Hid_SetParameter
 .text.Hid_GetParameter
                0x000000000000361e       0x42 ./Profile/hidkbmservice.o
                0x000000000000361e                Hid_GetParameter
 .text.scanParamReadAttrCB
                0x0000000000003660        0x4 ./Profile/scanparamservice.o
 .text.scanParamWriteAttrCB
                0x0000000000003664       0x66 ./Profile/scanparamservice.o
 .text.ScanParam_AddService
                0x00000000000036ca       0x2c ./Profile/scanparamservice.o
                0x00000000000036ca                ScanParam_AddService
 .text.ScanParam_Register
                0x00000000000036f6        0x6 ./Profile/scanparamservice.o
                0x00000000000036f6                ScanParam_Register
 .text.ScanParam_RefreshNotify
                0x00000000000036fc       0x5c ./Profile/scanparamservice.o
                0x00000000000036fc                ScanParam_RefreshNotify
 .text.ScanParam_HandleConnStatusCB
                0x0000000000003758       0x3e ./Profile/scanparamservice.o
                0x0000000000003758                ScanParam_HandleConnStatusCB
 .text.BATTERY_ADC_GetLevel
                0x0000000000003796       0x3a ./HAL/BATTERY.o
 .text.BATTERY_DMA_ENABLE
                0x00000000000037d0       0x26 ./HAL/BATTERY.o
                0x00000000000037d0                BATTERY_DMA_ENABLE
 .text.BATTERY_Init
                0x00000000000037f6       0x46 ./HAL/BATTERY.o
                0x00000000000037f6                BATTERY_Init
 .text.BATTERY_ADC_Calculation
                0x000000000000383c       0x42 ./HAL/BATTERY.o
                0x000000000000383c                BATTERY_ADC_Calculation
 .text.BATTERY_DrawBMP
                0x000000000000387e      0x150 ./HAL/BATTERY.o
                0x000000000000387e                BATTERY_DrawBMP
 .text.hidEmuEvtCB
                0x00000000000039ce        0x2 ./HAL/BLE.o
 .text.hidEmuStateCB
                0x00000000000039d0      0x100 ./HAL/BLE.o
 .text.hidEmuSendKbdReport
                0x0000000000003ad0       0x24 ./HAL/BLE.o
 .text.hidEmuRptCB
                0x0000000000003af4       0x74 ./HAL/BLE.o
 .text.HidEmu_ProcessEvent
                0x0000000000003b68      0x1e8 ./HAL/BLE.o
                0x0000000000003b68                HidEmu_ProcessEvent
 .text.FLASH_Read_DeviceID
                0x0000000000003d50       0x30 ./HAL/BLE.o
                0x0000000000003d50                FLASH_Read_DeviceID
 .text.FLASH_Write_DeviceID
                0x0000000000003d80       0x24 ./HAL/BLE.o
                0x0000000000003d80                FLASH_Write_DeviceID
 .text.HidEmu_Init
                0x0000000000003da4       0xec ./HAL/BLE.o
                0x0000000000003da4                HidEmu_Init
 .text.FLASH_Read_KeyArray
                0x0000000000003e90       0x3c ./HAL/KEYBOARD.o
                0x0000000000003e90                FLASH_Read_KeyArray
 .text.FLASH_Write_KeyArray
                0x0000000000003ecc       0x4c ./HAL/KEYBOARD.o
                0x0000000000003ecc                FLASH_Write_KeyArray
 .text.KEYBOARD_Reset
                0x0000000000003f18       0x74 ./HAL/KEYBOARD.o
                0x0000000000003f18                KEYBOARD_Reset
 .text.KEYBOARD_ChangeKey
                0x0000000000003f8c       0x2e ./HAL/KEYBOARD.o
                0x0000000000003f8c                KEYBOARD_ChangeKey
 .text.KEYBOARD_Custom_Function
                0x0000000000003fba      0x4a8 ./HAL/KEYBOARD.o
                0x0000000000003fba                KEYBOARD_Custom_Function
 .text.KEYBOARD_Init
                0x0000000000004462       0x8c ./HAL/KEYBOARD.o
                0x0000000000004462                KEYBOARD_Init
 .text.KEYBOARD_Detection
                0x00000000000044ee      0x3ac ./HAL/KEYBOARD.o
                0x00000000000044ee                KEYBOARD_Detection
 .text.KEYBOARD_EnterPasskey
                0x000000000000489a      0x13a ./HAL/KEYBOARD.o
                0x000000000000489a                KEYBOARD_EnterPasskey
 .text.Lib_Calibration_LSI
                0x00000000000049d4        0x6 ./HAL/MCU.o
                0x00000000000049d4                Lib_Calibration_LSI
 .text.Lib_Read_Flash
                0x00000000000049da       0x1c ./HAL/MCU.o
                0x00000000000049da                Lib_Read_Flash
 .text.Lib_Write_Flash
                0x00000000000049f6       0x42 ./HAL/MCU.o
                0x00000000000049f6                Lib_Write_Flash
 .text.HAL_GetInterTempValue
                0x0000000000004a38       0x72 ./HAL/MCU.o
                0x0000000000004a38                HAL_GetInterTempValue
 .text.HAL_ProcessEvent
                0x0000000000004aaa      0x40e ./HAL/MCU.o
                0x0000000000004aaa                HAL_ProcessEvent
 .text.CH57X_BLEInit
                0x0000000000004eb8      0x13a ./HAL/MCU.o
                0x0000000000004eb8                CH57X_BLEInit
 .text.HAL_Init
                0x0000000000004ff2      0x10c ./HAL/MCU.o
                0x0000000000004ff2                HAL_Init
 .text.OLED_IIC_Start
                0x00000000000050fe       0x36 ./HAL/OLED.o
                0x00000000000050fe                OLED_IIC_Start
 .text.OLED_IIC_Stop
                0x0000000000005134       0x2a ./HAL/OLED.o
                0x0000000000005134                OLED_IIC_Stop
 .text.OLED_IIC_SendByte
                0x000000000000515e       0x84 ./HAL/OLED.o
                0x000000000000515e                OLED_IIC_SendByte
 .text.OLED_WR_Byte
                0x00000000000051e2       0x2a ./HAL/OLED.o
                0x00000000000051e2                OLED_WR_Byte
 .text.OLED_Set_Pos
                0x000000000000520c       0x32 ./HAL/OLED.o
                0x000000000000520c                OLED_Set_Pos
 .text.OLED_Clear
                0x000000000000523e       0x48 ./HAL/OLED.o
                0x000000000000523e                OLED_Clear
 .text.OLED_ShowChar
                0x0000000000005286       0x5a ./HAL/OLED.o
                0x0000000000005286                OLED_ShowChar
 .text.OLED_ShowNum
                0x00000000000052e0       0x9e ./HAL/OLED.o
                0x00000000000052e0                OLED_ShowNum
 .text.OLED_ShowString
                0x000000000000537e       0x54 ./HAL/OLED.o
                0x000000000000537e                OLED_ShowString
 .text.OLED_DrawBMP
                0x00000000000053d2       0x64 ./HAL/OLED.o
                0x00000000000053d2                OLED_DrawBMP
 .text.OLED_Clr
                0x0000000000005436       0x4c ./HAL/OLED.o
                0x0000000000005436                OLED_Clr
 .text.OLED_Midx
                0x0000000000005482       0x22 ./HAL/OLED.o
                0x0000000000005482                OLED_Midx
 .text.OLED_TP78Info
                0x00000000000054a4       0x42 ./HAL/OLED.o
                0x00000000000054a4                OLED_TP78Info
 .text.OLED_ShowOK
                0x00000000000054e6       0x4c ./HAL/OLED.o
                0x00000000000054e6                OLED_ShowOK
 .text.OLED_ShowCapslock
                0x0000000000005532       0x4e ./HAL/OLED.o
                0x0000000000005532                OLED_ShowCapslock
 .text.OLED_printf
                0x0000000000005580       0x60 ./HAL/OLED.o
                0x0000000000005580                OLED_printf
 .text.HAL_OLED_Init
                0x00000000000055e0      0x12e ./HAL/OLED.o
                0x00000000000055e0                HAL_OLED_Init
 .text.PS2_WaitCLKState.part.0
                0x000000000000570e       0x3a ./HAL/PS2.o
 .text.PS2_WaitCLKState
                0x0000000000005748       0x3e ./HAL/PS2.o
                0x0000000000005748                PS2_WaitCLKState
 .text.PS2_WriteByte
                0x0000000000005786      0x128 ./HAL/PS2.o
                0x0000000000005786                PS2_WriteByte
 .text.PS2_En_Data_Report
                0x00000000000058ae       0x18 ./HAL/PS2.o
                0x00000000000058ae                PS2_En_Data_Report
 .text.PS2_Dis_Data_Report
                0x00000000000058c6       0x34 ./HAL/PS2.o
                0x00000000000058c6                PS2_Dis_Data_Report
 .text.PS2_ReadByte
                0x00000000000058fa       0x8c ./HAL/PS2.o
                0x00000000000058fa                PS2_ReadByte
 .text.PS2_Config
                0x0000000000005986       0x2a ./HAL/PS2.o
                0x0000000000005986                PS2_Config
 .text.PS2_IT_handler
                0x00000000000059b0       0xa2 ./HAL/PS2.o
                0x00000000000059b0                PS2_IT_handler
 .text.PS2_Init
                0x0000000000005a52       0xfa ./HAL/PS2.o
                0x0000000000005a52                PS2_Init
 .text.HAL_TimeInit
                0x0000000000005b4c       0x3e ./HAL/RTC.o
                0x0000000000005b4c                HAL_TimeInit
 .text.USB_ProcessEvent
                0x0000000000005b8a       0xc2 ./HAL/USB.o
                0x0000000000005b8a                USB_ProcessEvent
 .text.HAL_USBInit
                0x0000000000005c4c       0x70 ./HAL/USB.o
                0x0000000000005c4c                HAL_USBInit
 .text.DevEP1_OUT_Deal
                0x0000000000005cbc       0x2a ./HAL/USB.o
                0x0000000000005cbc                DevEP1_OUT_Deal
 .text.DevEP2_OUT_Deal
                0x0000000000005ce6       0x2a ./HAL/USB.o
                0x0000000000005ce6                DevEP2_OUT_Deal
 .text.DevEP3_OUT_Deal
                0x0000000000005d10      0x242 ./HAL/USB.o
                0x0000000000005d10                DevEP3_OUT_Deal
 .text.DevEP4_OUT_Deal
                0x0000000000005f52       0x2a ./HAL/USB.o
                0x0000000000005f52                DevEP4_OUT_Deal
 .text.USB_DevTransProcess
                0x0000000000005f7c      0x54c ./HAL/USB.o
                0x0000000000005f7c                USB_DevTransProcess
 .text.WS2812_Style_Off
                0x00000000000064c8       0x1c ./HAL/WS2812.o
                0x00000000000064c8                WS2812_Style_Off
 .text.WS2812_Style_Breath
                0x00000000000064e4       0xf2 ./HAL/WS2812.o
                0x00000000000064e4                WS2812_Style_Breath
 .text.WS2812_Style_Waterful
                0x00000000000065d6       0xa8 ./HAL/WS2812.o
                0x00000000000065d6                WS2812_Style_Waterful
 .text.WS2812_Style_Touch
                0x000000000000667e       0xcc ./HAL/WS2812.o
                0x000000000000667e                WS2812_Style_Touch
 .text.WS2812_Style_Rainbow
                0x000000000000674a      0x33c ./HAL/WS2812.o
                0x000000000000674a                WS2812_Style_Rainbow
 .text.FLASH_Read_LEDStyle
                0x0000000000006a86       0x8c ./HAL/WS2812.o
                0x0000000000006a86                FLASH_Read_LEDStyle
 .text.FLASH_Write_LEDStyle
                0x0000000000006b12       0x24 ./HAL/WS2812.o
                0x0000000000006b12                FLASH_Write_LEDStyle
 .text.WS2812_PWM_Init
                0x0000000000006b36       0x4a ./HAL/WS2812.o
                0x0000000000006b36                WS2812_PWM_Init
 .text.WS2812_Style_Custom
                0x0000000000006b80       0xb0 ./HAL/WS2812.o
                0x0000000000006b80                WS2812_Style_Custom
 .text.WS2812_Send
                0x0000000000006c30       0x62 ./HAL/WS2812.o
                0x0000000000006c30                WS2812_Send
 .text.startup.main
                0x0000000000006c92       0x90 ./APP/main.o
                0x0000000000006c92                main
 .text.ProduceFood
                0x0000000000006d22       0xaa ./APP/snake.o
 .text.Snake_Init
                0x0000000000006dcc       0x6a ./APP/snake.o
                0x0000000000006dcc                Snake_Init
 .text.MoveSnake
                0x0000000000006e36      0x232 ./APP/snake.o
                0x0000000000006e36                MoveSnake
 .text.tmos_msg_enqueue
                0x0000000000007068       0x1e E:\Project\tp78\mounriver_project\BLE_CH582M\LIB\libCH58xBLE.a(message.o)
                0x0000000000007068                tmos_msg_enqueue
 .text.tmos_msg_deallocate
                0x0000000000007086       0x2c E:\Project\tp78\mounriver_project\BLE_CH582M\LIB\libCH58xBLE.a(message.o)
                0x0000000000007086                tmos_msg_deallocate
 .text.tmos_msg_allocate
                0x00000000000070b2       0x3e E:\Project\tp78\mounriver_project\BLE_CH582M\LIB\libCH58xBLE.a(message.o)
                0x00000000000070b2                tmos_msg_allocate
 .text.tmos_msg_receive
                0x00000000000070f0       0x70 E:\Project\tp78\mounriver_project\BLE_CH582M\LIB\libCH58xBLE.a(message.o)
                0x00000000000070f0                tmos_msg_receive
 .text.tmos_msg_send
                0x0000000000007160       0x66 E:\Project\tp78\mounriver_project\BLE_CH582M\LIB\libCH58xBLE.a(message.o)
                0x0000000000007160                tmos_msg_send
 .text.tmos_msg_init
                0x00000000000071c6        0xa E:\Project\tp78\mounriver_project\BLE_CH582M\LIB\libCH58xBLE.a(message.o)
                0x00000000000071c6                tmos_msg_init
 .text.tmosFindTask
                0x00000000000071d0       0x24 E:\Project\tp78\mounriver_project\BLE_CH582M\LIB\libCH58xBLE.a(tmos.o)
 .text.TMOS_CB_PeriodicProcessEvent
                0x00000000000071f4       0x62 E:\Project\tp78\mounriver_project\BLE_CH582M\LIB\libCH58xBLE.a(tmos.o)
                0x00000000000071f4                TMOS_CB_PeriodicProcessEvent
 .text.TMOS_CB_ProcessEvent
                0x0000000000007256       0x80 E:\Project\tp78\mounriver_project\BLE_CH582M\LIB\libCH58xBLE.a(tmos.o)
                0x0000000000007256                TMOS_CB_ProcessEvent
 .text.tmos_rand
                0x00000000000072d6       0x54 E:\Project\tp78\mounriver_project\BLE_CH582M\LIB\libCH58xBLE.a(tmos.o)
                0x00000000000072d6                tmos_rand
 .text.tmos_memset
                0x000000000000732a       0x12 E:\Project\tp78\mounriver_project\BLE_CH582M\LIB\libCH58xBLE.a(tmos.o)
                0x000000000000732a                tmos_memset
 .text.tmos_strlen
                0x000000000000733c       0x14 E:\Project\tp78\mounriver_project\BLE_CH582M\LIB\libCH58xBLE.a(tmos.o)
                0x000000000000733c                tmos_strlen
 .text.tmos_memdup
                0x0000000000007350       0x3c E:\Project\tp78\mounriver_project\BLE_CH582M\LIB\libCH58xBLE.a(tmos.o)
                0x0000000000007350                tmos_memdup
 .text.tmos_revmemcpy
                0x000000000000738c       0x1c E:\Project\tp78\mounriver_project\BLE_CH582M\LIB\libCH58xBLE.a(tmos.o)
                0x000000000000738c                tmos_revmemcpy
 .text.tmos_isbufset
                0x00000000000073a8       0x22 E:\Project\tp78\mounriver_project\BLE_CH582M\LIB\libCH58xBLE.a(tmos.o)
                0x00000000000073a8                tmos_isbufset
 .text.tmos_start_periodic_callback_task
                0x00000000000073ca      0x116 E:\Project\tp78\mounriver_project\BLE_CH582M\LIB\libCH58xBLE.a(tmos.o)
                0x00000000000073ca                tmos_start_periodic_callback_task
 .text.tmos_set_event
                0x00000000000074e0       0x2e E:\Project\tp78\mounriver_project\BLE_CH582M\LIB\libCH58xBLE.a(tmos.o)
                0x00000000000074e0                tmos_set_event
 .text.tmos_clear_event
                0x000000000000750e       0x32 E:\Project\tp78\mounriver_project\BLE_CH582M\LIB\libCH58xBLE.a(tmos.o)
                0x000000000000750e                tmos_clear_event
 .text.tmos_get_event
                0x0000000000007540       0x14 E:\Project\tp78\mounriver_project\BLE_CH582M\LIB\libCH58xBLE.a(tmos.o)
                0x0000000000007540                tmos_get_event
 .text.tmos_start_task
                0x0000000000007554      0x10e E:\Project\tp78\mounriver_project\BLE_CH582M\LIB\libCH58xBLE.a(tmos.o)
                0x0000000000007554                tmos_start_task
 .text.tmos_update_callback_timer
                0x0000000000007662       0x6a E:\Project\tp78\mounriver_project\BLE_CH582M\LIB\libCH58xBLE.a(tmos.o)
                0x0000000000007662                tmos_update_callback_timer
 .text.tmos_start_callback_task
                0x00000000000076cc       0x9a E:\Project\tp78\mounriver_project\BLE_CH582M\LIB\libCH58xBLE.a(tmos.o)
                0x00000000000076cc                tmos_start_callback_task
 .text.tmos_start_reload_task
                0x0000000000007766       0x76 E:\Project\tp78\mounriver_project\BLE_CH582M\LIB\libCH58xBLE.a(tmos.o)
                0x0000000000007766                tmos_start_reload_task
 .text.tmos_stop_task
                0x00000000000077dc       0x34 E:\Project\tp78\mounriver_project\BLE_CH582M\LIB\libCH58xBLE.a(tmos.o)
                0x00000000000077dc                tmos_stop_task
 .text.tmos_stop_callback_task
                0x0000000000007810       0x58 E:\Project\tp78\mounriver_project\BLE_CH582M\LIB\libCH58xBLE.a(tmos.o)
                0x0000000000007810                tmos_stop_callback_task
 .text.TMOS_TimerRegister
                0x0000000000007868       0x1e E:\Project\tp78\mounriver_project\BLE_CH582M\LIB\libCH58xBLE.a(tmos.o)
                0x0000000000007868                TMOS_TimerRegister
 .text.TMOS_ProcessRegister
                0x0000000000007886       0x16 E:\Project\tp78\mounriver_project\BLE_CH582M\LIB\libCH58xBLE.a(tmos.o)
                0x0000000000007886                TMOS_ProcessRegister
 .text.TMOS_Init
                0x000000000000789c       0xf0 E:\Project\tp78\mounriver_project\BLE_CH582M\LIB\libCH58xBLE.a(tmos.o)
                0x000000000000789c                TMOS_Init
 .text.TMOS_ProcessEventRegister
                0x000000000000798c       0x3c E:\Project\tp78\mounriver_project\BLE_CH582M\LIB\libCH58xBLE.a(tmos.o)
                0x000000000000798c                TMOS_ProcessEventRegister
 .text.BLE_LibInit
                0x00000000000079c8      0x158 E:\Project\tp78\mounriver_project\BLE_CH582M\LIB\libCH58xBLE.a(tmos.o)
                0x00000000000079c8                BLE_LibInit
 .text.SYS_GetTickCount
                0x0000000000007b20       0x72 E:\Project\tp78\mounriver_project\BLE_CH582M\LIB\libCH58xBLE.a(tmos_hw.o)
                0x0000000000007b20                SYS_GetTickCount
 .text.ble_ll_common_rand8
                0x0000000000007b92       0x24 E:\Project\tp78\mounriver_project\BLE_CH582M\LIB\libCH58xBLE.a(tmos_hw.o)
                0x0000000000007b92                ble_ll_common_rand8
 .text.ble_ll_common_rand16
                0x0000000000007bb6       0x24 E:\Project\tp78\mounriver_project\BLE_CH582M\LIB\libCH58xBLE.a(tmos_hw.o)
                0x0000000000007bb6                ble_ll_common_rand16
 .text.ble_ll_common_rand32
                0x0000000000007bda       0x20 E:\Project\tp78\mounriver_project\BLE_CH582M\LIB\libCH58xBLE.a(tmos_hw.o)
                0x0000000000007bda                ble_ll_common_rand32
 .text.BLE_GetSleepClockAccuracy
                0x0000000000007bfa       0x2a E:\Project\tp78\mounriver_project\BLE_CH582M\LIB\libCH58xBLE.a(tmos_hw.o)
                0x0000000000007bfa                BLE_GetSleepClockAccuracy
 .text.TMOS_TempSample
                0x0000000000007c24       0x62 E:\Project\tp78\mounriver_project\BLE_CH582M\LIB\libCH58xBLE.a(tmos_hw.o)
                0x0000000000007c24                TMOS_TempSample
 .text.TMOS_TimerInit
                0x0000000000007c86       0x70 E:\Project\tp78\mounriver_project\BLE_CH582M\LIB\libCH58xBLE.a(tmos_hw.o)
                0x0000000000007c86                TMOS_TimerInit
 .text.disconnectNext
                0x0000000000007cf6       0x22 E:\Project\tp78\mounriver_project\BLE_CH582M\LIB\libCH58xBLE.a(gap.o)
 .text.GAP_ParamInit
                0x0000000000007d18      0x140 E:\Project\tp78\mounriver_project\BLE_CH582M\LIB\libCH58xBLE.a(gap.o)
                0x0000000000007d18                GAP_ParamInit
 .text.sendTerminateEvent
                0x0000000000007e58       0x58 E:\Project\tp78\mounriver_project\BLE_CH582M\LIB\libCH58xBLE.a(gap.o)
                0x0000000000007e58                sendTerminateEvent
 .text.gapRegisterCentral
                0x0000000000007eb0        0x6 E:\Project\tp78\mounriver_project\BLE_CH582M\LIB\libCH58xBLE.a(gap.o)
                0x0000000000007eb0                gapRegisterCentral
 .text.gapRegisterCentralConn
                0x0000000000007eb6        0x6 E:\Project\tp78\mounriver_project\BLE_CH582M\LIB\libCH58xBLE.a(gap.o)
                0x0000000000007eb6                gapRegisterCentralConn
 .text.gapRegisterPeripheral
                0x0000000000007ebc        0x6 E:\Project\tp78\mounriver_project\BLE_CH582M\LIB\libCH58xBLE.a(gap.o)
                0x0000000000007ebc                gapRegisterPeripheral
 .text.gapRegisterPeripheralConn
                0x0000000000007ec2        0x6 E:\Project\tp78\mounriver_project\BLE_CH582M\LIB\libCH58xBLE.a(gap.o)
                0x0000000000007ec2                gapRegisterPeripheralConn
 .text.smGenerateRandBuf
                0x0000000000007ec8       0x56 E:\Project\tp78\mounriver_project\BLE_CH582M\LIB\libCH58xBLE.a(gap.o)
                0x0000000000007ec8                smGenerateRandBuf
 .text.gapL2capConnParamUpdateReq
                0x0000000000007f1e       0x36 E:\Project\tp78\mounriver_project\BLE_CH582M\LIB\libCH58xBLE.a(gap.o)
                0x0000000000007f1e                gapL2capConnParamUpdateReq
 .text.gapValidADType
                0x0000000000007f54       0x16 E:\Project\tp78\mounriver_project\BLE_CH582M\LIB\libCH58xBLE.a(gap.o)
                0x0000000000007f54                gapValidADType
 .text.gapFindADType
                0x0000000000007f6a       0x80 E:\Project\tp78\mounriver_project\BLE_CH582M\LIB\libCH58xBLE.a(gap.o)
                0x0000000000007f6a                gapFindADType
 .text.GAP_SecParamsInit
                0x0000000000007fea       0x9e E:\Project\tp78\mounriver_project\BLE_CH582M\LIB\libCH58xBLE.a(gap.o)
                0x0000000000007fea                GAP_SecParamsInit
 .text.GAP_ParamsInit
                0x0000000000008088       0x4c E:\Project\tp78\mounriver_project\BLE_CH582M\LIB\libCH58xBLE.a(gap.o)
                0x0000000000008088                GAP_ParamsInit
 .text.gapAddAddrAdj
                0x00000000000080d4       0x48 E:\Project\tp78\mounriver_project\BLE_CH582M\LIB\libCH58xBLE.a(gap.o)
                0x00000000000080d4                gapAddAddrAdj
 .text.gapDetermineAddrType
                0x000000000000811c       0x28 E:\Project\tp78\mounriver_project\BLE_CH582M\LIB\libCH58xBLE.a(gap.o)
                0x000000000000811c                gapDetermineAddrType
 .text.gapFreeAuthLink
                0x0000000000008144       0x4a E:\Project\tp78\mounriver_project\BLE_CH582M\LIB\libCH58xBLE.a(gap.o)
                0x0000000000008144                gapFreeAuthLink
 .text.gapGetDevAddress
                0x000000000000818e       0x24 E:\Project\tp78\mounriver_project\BLE_CH582M\LIB\libCH58xBLE.a(gap.o)
                0x000000000000818e                gapGetDevAddress
 .text.gapGetDevAddressMode
                0x00000000000081b2        0xa E:\Project\tp78\mounriver_project\BLE_CH582M\LIB\libCH58xBLE.a(gap.o)
                0x00000000000081b2                gapGetDevAddressMode
 .text.gapGetIRK
                0x00000000000081bc        0xc E:\Project\tp78\mounriver_project\BLE_CH582M\LIB\libCH58xBLE.a(gap.o)
                0x00000000000081bc                gapGetIRK
 .text.gapGetSRK
                0x00000000000081c8        0xc E:\Project\tp78\mounriver_project\BLE_CH582M\LIB\libCH58xBLE.a(gap.o)
                0x00000000000081c8                gapGetSRK
 .text.gapGetSignCounter
                0x00000000000081d4        0xe E:\Project\tp78\mounriver_project\BLE_CH582M\LIB\libCH58xBLE.a(gap.o)
                0x00000000000081d4                gapGetSignCounter
 .text.gapIncSignCounter
                0x00000000000081e2       0x28 E:\Project\tp78\mounriver_project\BLE_CH582M\LIB\libCH58xBLE.a(gap.o)
                0x00000000000081e2                gapIncSignCounter
 .text.gapProcessConnEvt
                0x000000000000820a       0x48 E:\Project\tp78\mounriver_project\BLE_CH582M\LIB\libCH58xBLE.a(gap.o)
                0x000000000000820a                gapProcessConnEvt
 .text.gapProcessDisconnectCompleteEvt
                0x0000000000008252       0xaa E:\Project\tp78\mounriver_project\BLE_CH582M\LIB\libCH58xBLE.a(gap.o)
                0x0000000000008252                gapProcessDisconnectCompleteEvt
 .text.sendAuthEvent
                0x00000000000082fc      0x11c E:\Project\tp78\mounriver_project\BLE_CH582M\LIB\libCH58xBLE.a(gap.o)
                0x00000000000082fc                sendAuthEvent
 .text.gapSendBondCompleteEvent
                0x0000000000008418       0x70 E:\Project\tp78\mounriver_project\BLE_CH582M\LIB\libCH58xBLE.a(gap.o)
                0x0000000000008418                gapSendBondCompleteEvent
 .text.gapSendPairingReqEvent
                0x0000000000008488       0x92 E:\Project\tp78\mounriver_project\BLE_CH582M\LIB\libCH58xBLE.a(gap.o)
                0x0000000000008488                gapSendPairingReqEvent
 .text.gapSendSlaveSecurityReqEvent
                0x000000000000851a       0x68 E:\Project\tp78\mounriver_project\BLE_CH582M\LIB\libCH58xBLE.a(gap.o)
                0x000000000000851a                gapSendSlaveSecurityReqEvent
 .text.gapSendDeviceInitDoneEvent
                0x0000000000008582       0x88 E:\Project\tp78\mounriver_project\BLE_CH582M\LIB\libCH58xBLE.a(gap.o)
                0x0000000000008582                gapSendDeviceInitDoneEvent
 .text.gapSendLinkUpdateEvent
                0x000000000000860a       0xb4 E:\Project\tp78\mounriver_project\BLE_CH582M\LIB\libCH58xBLE.a(gap.o)
                0x000000000000860a                gapSendLinkUpdateEvent
 .text.gapSendPhyUpdateEvent
                0x00000000000086be       0x88 E:\Project\tp78\mounriver_project\BLE_CH582M\LIB\libCH58xBLE.a(gap.o)
                0x00000000000086be                gapSendPhyUpdateEvent
 .text.gapSendEstLinkEvent
                0x0000000000008746       0xb8 E:\Project\tp78\mounriver_project\BLE_CH582M\LIB\libCH58xBLE.a(gap.o)
                0x0000000000008746                gapSendEstLinkEvent
 .text.gapProcessNewAddr
                0x00000000000087fe       0x3e E:\Project\tp78\mounriver_project\BLE_CH582M\LIB\libCH58xBLE.a(gap.o)
                0x00000000000087fe                gapProcessNewAddr
 .text.gapProcessRandomAddrComplete
                0x000000000000883c       0xa6 E:\Project\tp78\mounriver_project\BLE_CH582M\LIB\libCH58xBLE.a(gap.o)
                0x000000000000883c                gapProcessRandomAddrComplete
 .text.GAP_Authenticate
                0x00000000000088e2       0xda E:\Project\tp78\mounriver_project\BLE_CH582M\LIB\libCH58xBLE.a(gap.o)
                0x00000000000088e2                GAP_Authenticate
 .text.GAP_Bond
                0x00000000000089bc       0xa6 E:\Project\tp78\mounriver_project\BLE_CH582M\LIB\libCH58xBLE.a(gap.o)
                0x00000000000089bc                GAP_Bond
 .text.GAP_GetParamValue
                0x0000000000008a62       0x20 E:\Project\tp78\mounriver_project\BLE_CH582M\LIB\libCH58xBLE.a(gap.o)
                0x0000000000008a62                GAP_GetParamValue
 .text.GAP_PasscodeUpdate
                0x0000000000008a82       0x50 E:\Project\tp78\mounriver_project\BLE_CH582M\LIB\libCH58xBLE.a(gap.o)
                0x0000000000008a82                GAP_PasscodeUpdate
 .text.GAP_RegisterForMsgs
                0x0000000000008ad2        0xa E:\Project\tp78\mounriver_project\BLE_CH582M\LIB\libCH58xBLE.a(gap.o)
                0x0000000000008ad2                GAP_RegisterForMsgs
 .text.GAP_ResolvePrivateAddr
                0x0000000000008adc        0x4 E:\Project\tp78\mounriver_project\BLE_CH582M\LIB\libCH58xBLE.a(gap.o)
                0x0000000000008adc                GAP_ResolvePrivateAddr
 .text.gapPairingCompleteCB
                0x0000000000008ae0      0x188 E:\Project\tp78\mounriver_project\BLE_CH582M\LIB\libCH58xBLE.a(gap.o)
                0x0000000000008ae0                gapPairingCompleteCB
 .text.gapPasskeyNeededCB
                0x0000000000008c68       0x8e E:\Project\tp78\mounriver_project\BLE_CH582M\LIB\libCH58xBLE.a(gap.o)
                0x0000000000008c68                gapPasskeyNeededCB
 .text.gapFreeEstLink
                0x0000000000008cf6       0x20 E:\Project\tp78\mounriver_project\BLE_CH582M\LIB\libCH58xBLE.a(gap.o)
                0x0000000000008cf6                gapFreeEstLink
 .text.gapUpdateConnSignCounter
                0x0000000000008d16       0x7a E:\Project\tp78\mounriver_project\BLE_CH582M\LIB\libCH58xBLE.a(gap.o)
                0x0000000000008d16                gapUpdateConnSignCounter
 .text.GAP_SendSlaveSecurityRequest
                0x0000000000008d90       0x4c E:\Project\tp78\mounriver_project\BLE_CH582M\LIB\libCH58xBLE.a(gap.o)
                0x0000000000008d90                GAP_SendSlaveSecurityRequest
 .text.GAP_Signable
                0x0000000000008ddc       0x6a E:\Project\tp78\mounriver_project\BLE_CH582M\LIB\libCH58xBLE.a(gap.o)
                0x0000000000008ddc                GAP_Signable
 .text.GAP_TerminateAuth
                0x0000000000008e46       0x2a E:\Project\tp78\mounriver_project\BLE_CH582M\LIB\libCH58xBLE.a(gap.o)
                0x0000000000008e46                GAP_TerminateAuth
 .text.GAP_NumActiveConnections
                0x0000000000008e70        0x4 E:\Project\tp78\mounriver_project\BLE_CH582M\LIB\libCH58xBLE.a(gap.o)
                0x0000000000008e70                GAP_NumActiveConnections
 .text.GAP_TerminateLinkReq
                0x0000000000008e74       0x8e E:\Project\tp78\mounriver_project\BLE_CH582M\LIB\libCH58xBLE.a(gap.o)
                0x0000000000008e74                GAP_TerminateLinkReq
 .text.GAP_SetParamValue
                0x0000000000008f02       0x5a E:\Project\tp78\mounriver_project\BLE_CH582M\LIB\libCH58xBLE.a(gap.o)
                0x0000000000008f02                GAP_SetParamValue
 .text.GAP_Init
                0x0000000000008f5c       0x48 E:\Project\tp78\mounriver_project\BLE_CH582M\LIB\libCH58xBLE.a(gap.o)
                0x0000000000008f5c                GAP_Init
 .text.GAP_ProcessEvent
                0x0000000000008fa4      0x670 E:\Project\tp78\mounriver_project\BLE_CH582M\LIB\libCH58xBLE.a(gap.o)
                0x0000000000008fa4                GAP_ProcessEvent
 .text.gapSendScanEnable
                0x0000000000009614       0x3a E:\Project\tp78\mounriver_project\BLE_CH582M\LIB\libCH58xBLE.a(gap_central.o)
 .text.gapCentProcessConnEvt
                0x000000000000964e      0x120 E:\Project\tp78\mounriver_project\BLE_CH582M\LIB\libCH58xBLE.a(gap_central.o)
                0x000000000000964e                gapCentProcessConnEvt
 .text.gapProcessScanningPeriodicAdvEvt
                0x000000000000976e       0x98 E:\Project\tp78\mounriver_project\BLE_CH582M\LIB\libCH58xBLE.a(gap_central.o)
                0x000000000000976e                gapProcessScanningPeriodicAdvEvt
 .text.gapCancelLinkReq
                0x0000000000009806       0x38 E:\Project\tp78\mounriver_project\BLE_CH582M\LIB\libCH58xBLE.a(gap_central.o)
                0x0000000000009806                gapCancelLinkReq
 .text.gapProcessAdvertDevInfo
                0x000000000000983e      0x24a E:\Project\tp78\mounriver_project\BLE_CH582M\LIB\libCH58xBLE.a(gap_central.o)
                0x000000000000983e                gapProcessAdvertDevInfo
 .text.gapProcessPeriodicAdvertisingSyncEstablishedEvt
                0x0000000000009a88       0x54 E:\Project\tp78\mounriver_project\BLE_CH582M\LIB\libCH58xBLE.a(gap_central.o)
                0x0000000000009a88                gapProcessPeriodicAdvertisingSyncEstablishedEvt
 .text.gapProcessPeriodicAdvertisingSyncLostEvt
                0x0000000000009adc       0x4e E:\Project\tp78\mounriver_project\BLE_CH582M\LIB\libCH58xBLE.a(gap_central.o)
                0x0000000000009adc                gapProcessPeriodicAdvertisingSyncLostEvt
 .text.gapFreeScanRecs
                0x0000000000009b2a       0xa2 E:\Project\tp78\mounriver_project\BLE_CH582M\LIB\libCH58xBLE.a(gap_central.o)
                0x0000000000009b2a                gapFreeScanRecs
 .text.gapSendDevDiscEvent
                0x0000000000009bcc      0x126 E:\Project\tp78\mounriver_project\BLE_CH582M\LIB\libCH58xBLE.a(gap_central.o)
                0x0000000000009bcc                gapSendDevDiscEvent
 .text.gapSetScanParamStatus
                0x0000000000009cf2       0x58 E:\Project\tp78\mounriver_project\BLE_CH582M\LIB\libCH58xBLE.a(gap_central.o)
 .text.gapCentProcessHCICmdEvt
                0x0000000000009d4a       0x3e E:\Project\tp78\mounriver_project\BLE_CH582M\LIB\libCH58xBLE.a(gap_central.o)
                0x0000000000009d4a                gapCentProcessHCICmdEvt
 .text.gapProcessScanningEvt
                0x0000000000009d88      0x120 E:\Project\tp78\mounriver_project\BLE_CH582M\LIB\libCH58xBLE.a(gap_central.o)
                0x0000000000009d88                gapProcessScanningEvt
 .text.gapProcessScanningDirectEvt
                0x0000000000009ea8       0xfe E:\Project\tp78\mounriver_project\BLE_CH582M\LIB\libCH58xBLE.a(gap_central.o)
                0x0000000000009ea8                gapProcessScanningDirectEvt
 .text.gapProcessScanningExtAdvEvt
                0x0000000000009fa6      0x1b6 E:\Project\tp78\mounriver_project\BLE_CH582M\LIB\libCH58xBLE.a(gap_central.o)
                0x0000000000009fa6                gapProcessScanningExtAdvEvt
 .text.GAP_CentConnRegister
                0x000000000000a15c       0x1a E:\Project\tp78\mounriver_project\BLE_CH582M\LIB\libCH58xBLE.a(gap_central.o)
                0x000000000000a15c                GAP_CentConnRegister
 .text.GAP_CentralParamInit
                0x000000000000a176       0x6a E:\Project\tp78\mounriver_project\BLE_CH582M\LIB\libCH58xBLE.a(gap_central.o)
                0x000000000000a176                GAP_CentralParamInit
 .text.GAP_CentDevMgrInit
                0x000000000000a1e0       0x98 E:\Project\tp78\mounriver_project\BLE_CH582M\LIB\libCH58xBLE.a(gap_central.o)
                0x000000000000a1e0                GAP_CentDevMgrInit
 .text.gapFreeAdvertState
                0x000000000000a278       0x20 E:\Project\tp78\mounriver_project\BLE_CH582M\LIB\libCH58xBLE.a(gap_peripheral.o)
 .text.gapSetPeriodicAdvParams
                0x000000000000a298       0x30 E:\Project\tp78\mounriver_project\BLE_CH582M\LIB\libCH58xBLE.a(gap_peripheral.o)
 .text.gapSetAdvParams
                0x000000000000a2c8      0x190 E:\Project\tp78\mounriver_project\BLE_CH582M\LIB\libCH58xBLE.a(gap_peripheral.o)
 .text.gapPeriProcessConnEvt
                0x000000000000a458       0xd8 E:\Project\tp78\mounriver_project\BLE_CH582M\LIB\libCH58xBLE.a(gap_peripheral.o)
 .text.gapWriteAdvDataStatus
                0x000000000000a530       0x54 E:\Project\tp78\mounriver_project\BLE_CH582M\LIB\libCH58xBLE.a(gap_peripheral.o)
 .text.GAP_MakeDiscoverable
                0x000000000000a584       0xc6 E:\Project\tp78\mounriver_project\BLE_CH582M\LIB\libCH58xBLE.a(gap_peripheral.o)
                0x000000000000a584                GAP_MakeDiscoverable
 .text.GAP_EndDiscoverable
                0x000000000000a64a       0x6e E:\Project\tp78\mounriver_project\BLE_CH582M\LIB\libCH58xBLE.a(gap_peripheral.o)
                0x000000000000a64a                GAP_EndDiscoverable
 .text.gapProcessAdvertisingEvt
                0x000000000000a6b8      0x114 E:\Project\tp78\mounriver_project\BLE_CH582M\LIB\libCH58xBLE.a(gap_peripheral.o)
 .text.GAP_MakePeriodic
                0x000000000000a7cc       0x2e E:\Project\tp78\mounriver_project\BLE_CH582M\LIB\libCH58xBLE.a(gap_peripheral.o)
                0x000000000000a7cc                GAP_MakePeriodic
 .text.GAP_EndPeriodic
                0x000000000000a7fa        0xc E:\Project\tp78\mounriver_project\BLE_CH582M\LIB\libCH58xBLE.a(gap_peripheral.o)
                0x000000000000a7fa                GAP_EndPeriodic
 .text.GAP_SetAdvertisingAdvData
                0x000000000000a806       0xfa E:\Project\tp78\mounriver_project\BLE_CH582M\LIB\libCH58xBLE.a(gap_peripheral.o)
                0x000000000000a806                GAP_SetAdvertisingAdvData
 .text.GAP_SetAdvertisingRspData
                0x000000000000a900       0xfa E:\Project\tp78\mounriver_project\BLE_CH582M\LIB\libCH58xBLE.a(gap_peripheral.o)
                0x000000000000a900                GAP_SetAdvertisingRspData
 .text.GAP_SetPeriodicAdvertisingData
                0x000000000000a9fa       0xbc E:\Project\tp78\mounriver_project\BLE_CH582M\LIB\libCH58xBLE.a(gap_peripheral.o)
                0x000000000000a9fa                GAP_SetPeriodicAdvertisingData
 .text.GAP_GetAdvertisingAdvData
                0x000000000000aab6       0x26 E:\Project\tp78\mounriver_project\BLE_CH582M\LIB\libCH58xBLE.a(gap_peripheral.o)
                0x000000000000aab6                GAP_GetAdvertisingAdvData
 .text.GAP_GetAdvertisingRspData
                0x000000000000aadc       0x34 E:\Project\tp78\mounriver_project\BLE_CH582M\LIB\libCH58xBLE.a(gap_peripheral.o)
                0x000000000000aadc                GAP_GetAdvertisingRspData
 .text.GAP_GetPeriodicAdvertisingData
                0x000000000000ab10       0x34 E:\Project\tp78\mounriver_project\BLE_CH582M\LIB\libCH58xBLE.a(gap_peripheral.o)
                0x000000000000ab10                GAP_GetPeriodicAdvertisingData
 .text.GAP_ConfigDeviceAddr
                0x000000000000ab44      0x11e E:\Project\tp78\mounriver_project\BLE_CH582M\LIB\libCH58xBLE.a(gap_peripheral.o)
                0x000000000000ab44                GAP_ConfigDeviceAddr
 .text.GAP_PeriConnRegister
                0x000000000000ac62       0x2e E:\Project\tp78\mounriver_project\BLE_CH582M\LIB\libCH58xBLE.a(gap_peripheral.o)
                0x000000000000ac62                GAP_PeriConnRegister
 .text.GAP_PeripheralParamInit
                0x000000000000ac90       0x58 E:\Project\tp78\mounriver_project\BLE_CH582M\LIB\libCH58xBLE.a(gap_peripheral.o)
                0x000000000000ac90                GAP_PeripheralParamInit
 .text.gapSendMakeDiscEvent
                0x000000000000ace8       0x50 E:\Project\tp78\mounriver_project\BLE_CH582M\LIB\libCH58xBLE.a(gap_peripheral.o)
                0x000000000000ace8                gapSendMakeDiscEvent
 .text.gapWriteAdvEnableStatus
                0x000000000000ad38      0x112 E:\Project\tp78\mounriver_project\BLE_CH582M\LIB\libCH58xBLE.a(gap_peripheral.o)
 .text.gapSendMakePeriodicEvent
                0x000000000000ae4a       0x3a E:\Project\tp78\mounriver_project\BLE_CH582M\LIB\libCH58xBLE.a(gap_peripheral.o)
                0x000000000000ae4a                gapSendMakePeriodicEvent
 .text.gapPeriProcessHCICmdCompleteEvt
                0x000000000000ae84      0x180 E:\Project\tp78\mounriver_project\BLE_CH582M\LIB\libCH58xBLE.a(gap_peripheral.o)
 .text.GAP_PeriDevMgrInit
                0x000000000000b004       0x2e E:\Project\tp78\mounriver_project\BLE_CH582M\LIB\libCH58xBLE.a(gap_peripheral.o)
                0x000000000000b004                GAP_PeriDevMgrInit
 .text.ggs_SetAttrWPermit
                0x000000000000b032       0x68 E:\Project\tp78\mounriver_project\BLE_CH582M\LIB\libCH58xBLE.a(gapgattserver.o)
 .text.ggs_ReadAttrCB
                0x000000000000b09a      0x152 E:\Project\tp78\mounriver_project\BLE_CH582M\LIB\libCH58xBLE.a(gapgattserver.o)
 .text.ggs_WriteAttrCB
                0x000000000000b1ec      0x154 E:\Project\tp78\mounriver_project\BLE_CH582M\LIB\libCH58xBLE.a(gapgattserver.o)
 .text.GGS_ParamInit
                0x000000000000b340      0x23a E:\Project\tp78\mounriver_project\BLE_CH582M\LIB\libCH58xBLE.a(gapgattserver.o)
                0x000000000000b340                GGS_ParamInit
 .text.GGS_SetParameter
                0x000000000000b57a       0xde E:\Project\tp78\mounriver_project\BLE_CH582M\LIB\libCH58xBLE.a(gapgattserver.o)
                0x000000000000b57a                GGS_SetParameter
 .text.GGS_AddService
                0x000000000000b658       0x2c E:\Project\tp78\mounriver_project\BLE_CH582M\LIB\libCH58xBLE.a(gapgattserver.o)
                0x000000000000b658                GGS_AddService
 .text.GAP_DeviceInit
                0x000000000000b684       0xd8 E:\Project\tp78\mounriver_project\BLE_CH582M\LIB\libCH58xBLE.a(gapgattserver.o)
                0x000000000000b684                GAP_DeviceInit
 .text.gattGetPayload
                0x000000000000b75c       0x7e E:\Project\tp78\mounriver_project\BLE_CH582M\LIB\libCH58xBLE.a(gatt.o)
                0x000000000000b75c                gattGetPayload
 .text.gattNotifyEvent
                0x000000000000b7da       0x80 E:\Project\tp78\mounriver_project\BLE_CH582M\LIB\libCH58xBLE.a(gatt.o)
                0x000000000000b7da                gattNotifyEvent
 .text.gattSendFlowCtrlEvt
                0x000000000000b85a       0x4a E:\Project\tp78\mounriver_project\BLE_CH582M\LIB\libCH58xBLE.a(gatt.o)
                0x000000000000b85a                gattSendFlowCtrlEvt
 .text.gattStartTimer
                0x000000000000b8a4        0xc E:\Project\tp78\mounriver_project\BLE_CH582M\LIB\libCH58xBLE.a(gatt.o)
                0x000000000000b8a4                gattStartTimer
 .text.gattStopTimer
                0x000000000000b8b0       0x32 E:\Project\tp78\mounriver_project\BLE_CH582M\LIB\libCH58xBLE.a(gatt.o)
                0x000000000000b8b0                gattStopTimer
 .text.GATT_AppCompletedMsg
                0x000000000000b8e2       0x30 E:\Project\tp78\mounriver_project\BLE_CH582M\LIB\libCH58xBLE.a(gatt.o)
                0x000000000000b8e2                GATT_AppCompletedMsg
 .text.GATT_NotifyEvent
                0x000000000000b912       0x4e E:\Project\tp78\mounriver_project\BLE_CH582M\LIB\libCH58xBLE.a(gatt.o)
                0x000000000000b912                GATT_NotifyEvent
 .text.gattRegisterServer
                0x000000000000b960        0x6 E:\Project\tp78\mounriver_project\BLE_CH582M\LIB\libCH58xBLE.a(gatt.o)
                0x000000000000b960                gattRegisterServer
 .text.GATT_UpdateMTU
                0x000000000000b966       0x5c E:\Project\tp78\mounriver_project\BLE_CH582M\LIB\libCH58xBLE.a(gatt.o)
                0x000000000000b966                GATT_UpdateMTU
 .text.GATT_bm_alloc
                0x000000000000b9c2       0xe8 E:\Project\tp78\mounriver_project\BLE_CH582M\LIB\libCH58xBLE.a(gatt.o)
                0x000000000000b9c2                GATT_bm_alloc
 .text.GATT_ServiceChangedInd
                0x000000000000baaa       0x94 E:\Project\tp78\mounriver_project\BLE_CH582M\LIB\libCH58xBLE.a(gatt.o)
                0x000000000000baaa                GATT_ServiceChangedInd
 .text.GATT_bm_free
                0x000000000000bb3e       0x1c E:\Project\tp78\mounriver_project\BLE_CH582M\LIB\libCH58xBLE.a(gatt.o)
                0x000000000000bb3e                GATT_bm_free
 .text.GATT_RegisterForPeriMsgs
                0x000000000000bb5a        0x6 E:\Project\tp78\mounriver_project\BLE_CH582M\LIB\libCH58xBLE.a(gatt.o)
                0x000000000000bb5a                GATT_RegisterForPeriMsgs
 .text.GATT_Init
                0x000000000000bb60       0x34 E:\Project\tp78\mounriver_project\BLE_CH582M\LIB\libCH58xBLE.a(gatt.o)
                0x000000000000bb60                GATT_Init
 .text.GATT_ProcessEvent
                0x000000000000bb94      0x13a E:\Project\tp78\mounriver_project\BLE_CH582M\LIB\libCH58xBLE.a(gatt.o)
                0x000000000000bb94                GATT_ProcessEvent
 .text.gattProcessExchangeMTUReq
                0x000000000000bcce        0x4 E:\Project\tp78\mounriver_project\BLE_CH582M\LIB\libCH58xBLE.a(gattservapp.o)
 .text.gattServApp_FindCharCfgItem
                0x000000000000bcd2       0x24 E:\Project\tp78\mounriver_project\BLE_CH582M\LIB\libCH58xBLE.a(gattservapp.o)
 .text.gattServerHandleTimerCB
                0x000000000000bcf6       0x3c E:\Project\tp78\mounriver_project\BLE_CH582M\LIB\libCH58xBLE.a(gattservapp.o)
 .text.gattProcessExecuteWriteReq
                0x000000000000bd32        0x4 E:\Project\tp78\mounriver_project\BLE_CH582M\LIB\libCH58xBLE.a(gattservapp.o)
 .text.GATTServApp_ParamInit
                0x000000000000bd36       0xd8 E:\Project\tp78\mounriver_project\BLE_CH582M\LIB\libCH58xBLE.a(gattservapp.o)
                0x000000000000bd36                GATTServApp_ParamInit
 .text.GATTServApp_ReadCharCfg
                0x000000000000be0e       0x18 E:\Project\tp78\mounriver_project\BLE_CH582M\LIB\libCH58xBLE.a(gattservapp.o)
                0x000000000000be0e                GATTServApp_ReadCharCfg
 .text.GATTServApp_WriteCharCfg
                0x000000000000be26       0x3c E:\Project\tp78\mounriver_project\BLE_CH582M\LIB\libCH58xBLE.a(gattservapp.o)
                0x000000000000be26                GATTServApp_WriteCharCfg
 .text.GATTServApp_ProcessCCCWriteReq
                0x000000000000be62       0x60 E:\Project\tp78\mounriver_project\BLE_CH582M\LIB\libCH58xBLE.a(gattservapp.o)
                0x000000000000be62                GATTServApp_ProcessCCCWriteReq
 .text.gattServApp_WriteAttrCB
                0x000000000000bec2       0x34 E:\Project\tp78\mounriver_project\BLE_CH582M\LIB\libCH58xBLE.a(gattservapp.o)
                0x000000000000bec2                gattServApp_WriteAttrCB
 .text.GATTServApp_SendCCCUpdatedEvent
                0x000000000000bef6       0x5e E:\Project\tp78\mounriver_project\BLE_CH582M\LIB\libCH58xBLE.a(gattservapp.o)
                0x000000000000bef6                GATTServApp_SendCCCUpdatedEvent
 .text.GATTServApp_SendServiceChangedInd
                0x000000000000bf54       0x38 E:\Project\tp78\mounriver_project\BLE_CH582M\LIB\libCH58xBLE.a(gattservapp.o)
                0x000000000000bf54                GATTServApp_SendServiceChangedInd
 .text.gattServApp_ClearPrepareWriteQ
                0x000000000000bf8c       0x4c E:\Project\tp78\mounriver_project\BLE_CH582M\LIB\libCH58xBLE.a(gattservapp.o)
                0x000000000000bf8c                gattServApp_ClearPrepareWriteQ
 .text.gattServApp_FindPrepareWriteQ
                0x000000000000bfd8       0x32 E:\Project\tp78\mounriver_project\BLE_CH582M\LIB\libCH58xBLE.a(gattservapp.o)
                0x000000000000bfd8                gattServApp_FindPrepareWriteQ
 .text.gattServApp_FindServiceCBs
                0x000000000000c00a       0x18 E:\Project\tp78\mounriver_project\BLE_CH582M\LIB\libCH58xBLE.a(gattservapp.o)
                0x000000000000c00a                gattServApp_FindServiceCBs
 .text.gattServApp_FindAuthorizeAttrCB
                0x000000000000c022       0x16 E:\Project\tp78\mounriver_project\BLE_CH582M\LIB\libCH58xBLE.a(gattservapp.o)
                0x000000000000c022                gattServApp_FindAuthorizeAttrCB
 .text.gattServApp_IsWriteLong
                0x000000000000c038       0xe6 E:\Project\tp78\mounriver_project\BLE_CH582M\LIB\libCH58xBLE.a(gattservapp.o)
                0x000000000000c038                gattServApp_IsWriteLong
 .text.gattFindService
                0x000000000000c11e       0x1c E:\Project\tp78\mounriver_project\BLE_CH582M\LIB\libCH58xBLE.a(gattservapp.o)
                0x000000000000c11e                gattFindService
 .text.GATT_ServiceNumAttrs
                0x000000000000c13a       0x18 E:\Project\tp78\mounriver_project\BLE_CH582M\LIB\libCH58xBLE.a(gattservapp.o)
                0x000000000000c13a                GATT_ServiceNumAttrs
 .text.GATT_ServiceEncKeySize
                0x000000000000c152       0x18 E:\Project\tp78\mounriver_project\BLE_CH582M\LIB\libCH58xBLE.a(gattservapp.o)
                0x000000000000c152                GATT_ServiceEncKeySize
 .text.GATT_VerifyWritePermissions.part.7
                0x000000000000c16a       0x2e E:\Project\tp78\mounriver_project\BLE_CH582M\LIB\libCH58xBLE.a(gattservapp.o)
 .text.gattResetServerInfo
                0x000000000000c198       0x1c E:\Project\tp78\mounriver_project\BLE_CH582M\LIB\libCH58xBLE.a(gattservapp.o)
                0x000000000000c198                gattResetServerInfo
 .text.gattFindServerInfo
                0x000000000000c1b4       0x44 E:\Project\tp78\mounriver_project\BLE_CH582M\LIB\libCH58xBLE.a(gattservapp.o)
                0x000000000000c1b4                gattFindServerInfo
 .text.gattServerHandleConnStatusCB
                0x000000000000c1f8       0x98 E:\Project\tp78\mounriver_project\BLE_CH582M\LIB\libCH58xBLE.a(gattservapp.o)
                0x000000000000c1f8                gattServerHandleConnStatusCB
 .text.gattServerProcessMsgCB
                0x000000000000c290      0x1c0 E:\Project\tp78\mounriver_project\BLE_CH582M\LIB\libCH58xBLE.a(gattservapp.o)
                0x000000000000c290                gattServerProcessMsgCB
 .text.gattServerNotifyTxCB
                0x000000000000c450       0x28 E:\Project\tp78\mounriver_project\BLE_CH582M\LIB\libCH58xBLE.a(gattservapp.o)
 .text.GATT_FindHandle
                0x000000000000c478       0x4a E:\Project\tp78\mounriver_project\BLE_CH582M\LIB\libCH58xBLE.a(gattservapp.o)
                0x000000000000c478                GATT_FindHandle
 .text.GATTServApp_WriteAttr
                0x000000000000c4c2       0xa8 E:\Project\tp78\mounriver_project\BLE_CH582M\LIB\libCH58xBLE.a(gattservapp.o)
                0x000000000000c4c2                GATTServApp_WriteAttr
 .text.gattServApp_ProcessExecuteWriteReq
                0x000000000000c56a      0x100 E:\Project\tp78\mounriver_project\BLE_CH582M\LIB\libCH58xBLE.a(gattservapp.o)
                0x000000000000c56a                gattServApp_ProcessExecuteWriteReq
 .text.GATTServApp_UpdateCharCfg
                0x000000000000c66a       0x1e E:\Project\tp78\mounriver_project\BLE_CH582M\LIB\libCH58xBLE.a(gattservapp.o)
                0x000000000000c66a                GATTServApp_UpdateCharCfg
 .text.gattServApp_ProcessPrepareWriteReq
                0x000000000000c688      0x10e E:\Project\tp78\mounriver_project\BLE_CH582M\LIB\libCH58xBLE.a(gattservapp.o)
                0x000000000000c688                gattServApp_ProcessPrepareWriteReq
 .text.gattServApp_ProcessWriteReq
                0x000000000000c796       0xb0 E:\Project\tp78\mounriver_project\BLE_CH582M\LIB\libCH58xBLE.a(gattservapp.o)
                0x000000000000c796                gattServApp_ProcessWriteReq
 .text.GATT_Indication
                0x000000000000c846       0xa4 E:\Project\tp78\mounriver_project\BLE_CH582M\LIB\libCH58xBLE.a(gattservapp.o)
                0x000000000000c846                GATT_Indication
 .text.GATT_FindHandleUUID
                0x000000000000c8ea       0x94 E:\Project\tp78\mounriver_project\BLE_CH582M\LIB\libCH58xBLE.a(gattservapp.o)
                0x000000000000c8ea                GATT_FindHandleUUID
 .text.gattProcessReadByGrpTypeReq
                0x000000000000c97e       0x60 E:\Project\tp78\mounriver_project\BLE_CH582M\LIB\libCH58xBLE.a(gattservapp.o)
 .text.gattProcessReadByTypeReq
                0x000000000000c9de       0x34 E:\Project\tp78\mounriver_project\BLE_CH582M\LIB\libCH58xBLE.a(gattservapp.o)
 .text.gattProcessFindByTypeValueReq
                0x000000000000ca12       0x34 E:\Project\tp78\mounriver_project\BLE_CH582M\LIB\libCH58xBLE.a(gattservapp.o)
 .text.gattProcessFindInfoReq
                0x000000000000ca46      0x1aa E:\Project\tp78\mounriver_project\BLE_CH582M\LIB\libCH58xBLE.a(gattservapp.o)
 .text.GATT_Notification
                0x000000000000cbf0       0x70 E:\Project\tp78\mounriver_project\BLE_CH582M\LIB\libCH58xBLE.a(gattservapp.o)
                0x000000000000cbf0                GATT_Notification
 .text.GATT_VerifyWritePermissions
                0x000000000000cc60       0x6a E:\Project\tp78\mounriver_project\BLE_CH582M\LIB\libCH58xBLE.a(gattservapp.o)
                0x000000000000cc60                GATT_VerifyWritePermissions
 .text.gattProcessWriteReq
                0x000000000000ccca       0x36 E:\Project\tp78\mounriver_project\BLE_CH582M\LIB\libCH58xBLE.a(gattservapp.o)
 .text.GATT_VerifyPrepareWritePermissions
                0x000000000000cd00       0x56 E:\Project\tp78\mounriver_project\BLE_CH582M\LIB\libCH58xBLE.a(gattservapp.o)
                0x000000000000cd00                GATT_VerifyPrepareWritePermissions
 .text.gattProcessPrepareWriteReq
                0x000000000000cd56       0x36 E:\Project\tp78\mounriver_project\BLE_CH582M\LIB\libCH58xBLE.a(gattservapp.o)
 .text.GATT_FindNextAttr
                0x000000000000cd8c       0xc2 E:\Project\tp78\mounriver_project\BLE_CH582M\LIB\libCH58xBLE.a(gattservapp.o)
                0x000000000000cd8c                GATT_FindNextAttr
 .text.GATTServApp_ReadAttr
                0x000000000000ce4e      0x2e2 E:\Project\tp78\mounriver_project\BLE_CH582M\LIB\libCH58xBLE.a(gattservapp.o)
                0x000000000000ce4e                GATTServApp_ReadAttr
 .text.gattServApp_ProcessReadMultiReq
                0x000000000000d130      0x16e E:\Project\tp78\mounriver_project\BLE_CH582M\LIB\libCH58xBLE.a(gattservapp.o)
                0x000000000000d130                gattServApp_ProcessReadMultiReq
 .text.gattServApp_ProcessFindByTypeValueReq
                0x000000000000d29e      0x1a0 E:\Project\tp78\mounriver_project\BLE_CH582M\LIB\libCH58xBLE.a(gattservapp.o)
                0x000000000000d29e                gattServApp_ProcessFindByTypeValueReq
 .text.GATT_VerifyReadPermissions
                0x000000000000d43e       0x68 E:\Project\tp78\mounriver_project\BLE_CH582M\LIB\libCH58xBLE.a(gattservapp.o)
                0x000000000000d43e                GATT_VerifyReadPermissions
 .text.gattProcessReadMultiReq
                0x000000000000d4a6       0xae E:\Project\tp78\mounriver_project\BLE_CH582M\LIB\libCH58xBLE.a(gattservapp.o)
 .text.gattProcessReadReq
                0x000000000000d554       0x30 E:\Project\tp78\mounriver_project\BLE_CH582M\LIB\libCH58xBLE.a(gattservapp.o)
 .text.gattServApp_ProcessReadByGrpTypeReq
                0x000000000000d584      0x21c E:\Project\tp78\mounriver_project\BLE_CH582M\LIB\libCH58xBLE.a(gattservapp.o)
                0x000000000000d584                gattServApp_ProcessReadByGrpTypeReq
 .text.gattServApp_ProcessReadByTypeReq
                0x000000000000d7a0      0x1ae E:\Project\tp78\mounriver_project\BLE_CH582M\LIB\libCH58xBLE.a(gattservapp.o)
                0x000000000000d7a0                gattServApp_ProcessReadByTypeReq
 .text.GATT_RegisterService
                0x000000000000d94e       0xee E:\Project\tp78\mounriver_project\BLE_CH582M\LIB\libCH58xBLE.a(gattservapp.o)
                0x000000000000d94e                GATT_RegisterService
 .text.GATTServApp_RegisterService
                0x000000000000da3c       0x7c E:\Project\tp78\mounriver_project\BLE_CH582M\LIB\libCH58xBLE.a(gattservapp.o)
                0x000000000000da3c                GATTServApp_RegisterService
 .text.GATTServApp_AddService
                0x000000000000dab8       0x2c E:\Project\tp78\mounriver_project\BLE_CH582M\LIB\libCH58xBLE.a(gattservapp.o)
                0x000000000000dab8                GATTServApp_AddService
 .text.GATTServApp_RegisterForMsg
                0x000000000000dae4        0x6 E:\Project\tp78\mounriver_project\BLE_CH582M\LIB\libCH58xBLE.a(gattservapp.o)
                0x000000000000dae4                GATTServApp_RegisterForMsg
 .text.GATTServApp_InitCharCfg
                0x000000000000daea       0x3e E:\Project\tp78\mounriver_project\BLE_CH582M\LIB\libCH58xBLE.a(gattservapp.o)
                0x000000000000daea                GATTServApp_InitCharCfg
 .text.gattServApp_HandleConnStatusCB
                0x000000000000db28       0x74 E:\Project\tp78\mounriver_project\BLE_CH582M\LIB\libCH58xBLE.a(gattservapp.o)
                0x000000000000db28                gattServApp_HandleConnStatusCB
 .text.GATT_InitServer
                0x000000000000db9c       0x56 E:\Project\tp78\mounriver_project\BLE_CH582M\LIB\libCH58xBLE.a(gattservapp.o)
                0x000000000000db9c                GATT_InitServer
 .text.GATTServApp_Init
                0x000000000000dbf2       0xb2 E:\Project\tp78\mounriver_project\BLE_CH582M\LIB\libCH58xBLE.a(gattservapp.o)
                0x000000000000dbf2                GATTServApp_Init
 .text.GATTServApp_ProcessEvent
                0x000000000000dca4      0x3a4 E:\Project\tp78\mounriver_project\BLE_CH582M\LIB\libCH58xBLE.a(gattservapp.o)
                0x000000000000dca4                GATTServApp_ProcessEvent
 .text.l2capAllocConnChannel
                0x000000000000e048       0xdc E:\Project\tp78\mounriver_project\BLE_CH582M\LIB\libCH58xBLE.a(l2cap.o)
                0x000000000000e048                l2capAllocConnChannel
 .text.l2capFindLocalCID
                0x000000000000e124       0x2c E:\Project\tp78\mounriver_project\BLE_CH582M\LIB\libCH58xBLE.a(l2cap.o)
                0x000000000000e124                l2capFindLocalCID
 .text.l2capFindLocalId
                0x000000000000e150       0x30 E:\Project\tp78\mounriver_project\BLE_CH582M\LIB\libCH58xBLE.a(l2cap.o)
                0x000000000000e150                l2capFindLocalId
 .text.l2capFindPsm
                0x000000000000e180       0x30 E:\Project\tp78\mounriver_project\BLE_CH582M\LIB\libCH58xBLE.a(l2cap.o)
                0x000000000000e180                l2capFindPsm
 .text.l2capFindRemoteCID
                0x000000000000e1b0       0x3c E:\Project\tp78\mounriver_project\BLE_CH582M\LIB\libCH58xBLE.a(l2cap.o)
                0x000000000000e1b0                l2capFindRemoteCID
 .text.l2capFreeChannel
                0x000000000000e1ec       0x4a E:\Project\tp78\mounriver_project\BLE_CH582M\LIB\libCH58xBLE.a(l2cap.o)
                0x000000000000e1ec                l2capFreeChannel
 .text.l2capDisconnectChannel
                0x000000000000e236       0x28 E:\Project\tp78\mounriver_project\BLE_CH582M\LIB\libCH58xBLE.a(l2cap.o)
                0x000000000000e236                l2capDisconnectChannel
 .text.l2capHandleTimerCB
                0x000000000000e25e       0x2c E:\Project\tp78\mounriver_project\BLE_CH582M\LIB\libCH58xBLE.a(l2cap.o)
                0x000000000000e25e                l2capHandleTimerCB
 .text.l2capFreePendingPkt
                0x000000000000e28a       0x58 E:\Project\tp78\mounriver_project\BLE_CH582M\LIB\libCH58xBLE.a(l2cap.o)
                0x000000000000e28a                l2capFreePendingPkt
 .text.l2capGetCoChannelInfo
                0x000000000000e2e2       0x82 E:\Project\tp78\mounriver_project\BLE_CH582M\LIB\libCH58xBLE.a(l2cap.o)
                0x000000000000e2e2                l2capGetCoChannelInfo
 .text.l2capNumActiveChannnels
                0x000000000000e364       0x48 E:\Project\tp78\mounriver_project\BLE_CH582M\LIB\libCH58xBLE.a(l2cap.o)
                0x000000000000e364                l2capNumActiveChannnels
 .text.l2capStartTimer
                0x000000000000e3ac       0x1a E:\Project\tp78\mounriver_project\BLE_CH582M\LIB\libCH58xBLE.a(l2cap.o)
                0x000000000000e3ac                l2capStartTimer
 .text.l2capStopTimer
                0x000000000000e3c6       0x1e E:\Project\tp78\mounriver_project\BLE_CH582M\LIB\libCH58xBLE.a(l2cap.o)
                0x000000000000e3c6                l2capStopTimer
 .text.l2capDisconnectAllChannels
                0x000000000000e3e4       0xdc E:\Project\tp78\mounriver_project\BLE_CH582M\LIB\libCH58xBLE.a(l2cap.o)
                0x000000000000e3e4                l2capDisconnectAllChannels
 .text.l2capHandleConnStatusCB
                0x000000000000e4c0       0x3c E:\Project\tp78\mounriver_project\BLE_CH582M\LIB\libCH58xBLE.a(l2cap.o)
                0x000000000000e4c0                l2capHandleConnStatusCB
 .text.l2capHandleRxError
                0x000000000000e4fc        0x6 E:\Project\tp78\mounriver_project\BLE_CH582M\LIB\libCH58xBLE.a(l2cap.o)
                0x000000000000e4fc                l2capHandleRxError
 .text.L2CAP_GetMTU
                0x000000000000e502        0x6 E:\Project\tp78\mounriver_project\BLE_CH582M\LIB\libCH58xBLE.a(l2cap.o)
                0x000000000000e502                L2CAP_GetMTU
 .text.L2CAP_HostNumCompletedPkts
                0x000000000000e508       0x28 E:\Project\tp78\mounriver_project\BLE_CH582M\LIB\libCH58xBLE.a(l2cap.o)
                0x000000000000e508                L2CAP_HostNumCompletedPkts
 .text.L2CAP_ParseConnectReq
                0x000000000000e530       0x5e E:\Project\tp78\mounriver_project\BLE_CH582M\LIB\libCH58xBLE.a(l2cap.o)
                0x000000000000e530                L2CAP_ParseConnectReq
 .text.L2CAP_ParseFlowCtrlCredit
                0x000000000000e58e       0x2e E:\Project\tp78\mounriver_project\BLE_CH582M\LIB\libCH58xBLE.a(l2cap.o)
                0x000000000000e58e                L2CAP_ParseFlowCtrlCredit
 .text.L2CAP_RegisterApp
                0x000000000000e5bc       0x30 E:\Project\tp78\mounriver_project\BLE_CH582M\LIB\libCH58xBLE.a(l2cap.o)
                0x000000000000e5bc                L2CAP_RegisterApp
 .text.L2CAP_SetBufSize
                0x000000000000e5ec       0x10 E:\Project\tp78\mounriver_project\BLE_CH582M\LIB\libCH58xBLE.a(l2cap.o)
                0x000000000000e5ec                L2CAP_SetBufSize
 .text.L2CAP_bm_alloc
                0x000000000000e5fc       0x2a E:\Project\tp78\mounriver_project\BLE_CH582M\LIB\libCH58xBLE.a(l2cap.o)
                0x000000000000e5fc                L2CAP_bm_alloc
 .text.L2CAP_Init
                0x000000000000e626      0x106 E:\Project\tp78\mounriver_project\BLE_CH582M\LIB\libCH58xBLE.a(l2cap.o)
                0x000000000000e626                L2CAP_Init
 .text.L2CAP_ProcessEvent
                0x000000000000e72c       0xd4 E:\Project\tp78\mounriver_project\BLE_CH582M\LIB\libCH58xBLE.a(l2cap.o)
                0x000000000000e72c                L2CAP_ProcessEvent
 .text.l2capParseCmdReject
                0x000000000000e800       0x5e E:\Project\tp78\mounriver_project\BLE_CH582M\LIB\libCH58xBLE.a(l2cap_input.o)
                0x000000000000e800                l2capParseCmdReject
 .text.l2capParseDisconnectReq
                0x000000000000e85e       0x2e E:\Project\tp78\mounriver_project\BLE_CH582M\LIB\libCH58xBLE.a(l2cap_input.o)
                0x000000000000e85e                l2capParseDisconnectReq
 .text.l2capParseDisconnectRsp
                0x000000000000e88c       0x2e E:\Project\tp78\mounriver_project\BLE_CH582M\LIB\libCH58xBLE.a(l2cap_input.o)
                0x000000000000e88c                l2capParseDisconnectRsp
 .text.L2CAP_ParseParamUpdateReq
                0x000000000000e8ba       0x4e E:\Project\tp78\mounriver_project\BLE_CH582M\LIB\libCH58xBLE.a(l2cap_input.o)
                0x000000000000e8ba                L2CAP_ParseParamUpdateReq
 .text.l2capParseParamUpdateRsp
                0x000000000000e908       0x1e E:\Project\tp78\mounriver_project\BLE_CH582M\LIB\libCH58xBLE.a(l2cap_input.o)
                0x000000000000e908                l2capParseParamUpdateRsp
 .text.l2capProcessConnectReq
                0x000000000000e926       0xfc E:\Project\tp78\mounriver_project\BLE_CH582M\LIB\libCH58xBLE.a(l2cap_input.o)
                0x000000000000e926                l2capProcessConnectReq
 .text.l2capParseConnectRsp
                0x000000000000ea22       0x5e E:\Project\tp78\mounriver_project\BLE_CH582M\LIB\libCH58xBLE.a(l2cap_input.o)
                0x000000000000ea22                l2capParseConnectRsp
 .text.l2capParseSignalHdr
                0x000000000000ea80       0x22 E:\Project\tp78\mounriver_project\BLE_CH582M\LIB\libCH58xBLE.a(l2cap_input.o)
                0x000000000000ea80                l2capParseSignalHdr
 .text.l2capParsePacket
                0x000000000000eaa2       0x8c E:\Project\tp78\mounriver_project\BLE_CH582M\LIB\libCH58xBLE.a(l2cap_input.o)
                0x000000000000eaa2                l2capParsePacket
 .text.l2capProcessReq
                0x000000000000eb2e      0x15e E:\Project\tp78\mounriver_project\BLE_CH582M\LIB\libCH58xBLE.a(l2cap_input.o)
                0x000000000000eb2e                l2capProcessReq
 .text.l2capProcessRsp
                0x000000000000ec8c      0x150 E:\Project\tp78\mounriver_project\BLE_CH582M\LIB\libCH58xBLE.a(l2cap_input.o)
                0x000000000000ec8c                l2capProcessRsp
 .text.l2capProcessRxData
                0x000000000000eddc       0xf8 E:\Project\tp78\mounriver_project\BLE_CH582M\LIB\libCH58xBLE.a(l2cap_input.o)
                0x000000000000eddc                l2capProcessRxData
 .text.l2capNotifyData
                0x000000000000eed4       0x5a E:\Project\tp78\mounriver_project\BLE_CH582M\LIB\libCH58xBLE.a(l2cap_output.o)
                0x000000000000eed4                l2capNotifyData
 .text.l2capNotifySignal
                0x000000000000ef2e       0x76 E:\Project\tp78\mounriver_project\BLE_CH582M\LIB\libCH58xBLE.a(l2cap_output.o)
                0x000000000000ef2e                l2capNotifySignal
 .text.l2capNotifyCreditEvt
                0x000000000000efa4       0xa0 E:\Project\tp78\mounriver_project\BLE_CH582M\LIB\libCH58xBLE.a(l2cap_output.o)
                0x000000000000efa4                l2capNotifyCreditEvt
 .text.l2capNotifyChannelEstEvt
                0x000000000000f044       0x58 E:\Project\tp78\mounriver_project\BLE_CH582M\LIB\libCH58xBLE.a(l2cap_output.o)
                0x000000000000f044                l2capNotifyChannelEstEvt
 .text.l2capNotifyChannelTermEvt
                0x000000000000f09c       0x3e E:\Project\tp78\mounriver_project\BLE_CH582M\LIB\libCH58xBLE.a(l2cap_output.o)
                0x000000000000f09c                l2capNotifyChannelTermEvt
 .text.l2capNotifyEvent
                0x000000000000f0da       0x66 E:\Project\tp78\mounriver_project\BLE_CH582M\LIB\libCH58xBLE.a(l2cap_output.o)
                0x000000000000f0da                l2capNotifyEvent
 .text.l2capStoreFCPkt
                0x000000000000f140       0x32 E:\Project\tp78\mounriver_project\BLE_CH582M\LIB\libCH58xBLE.a(l2cap_output.o)
                0x000000000000f140                l2capStoreFCPkt
 .text.l2capFreeTxSDU
                0x000000000000f172       0x9a E:\Project\tp78\mounriver_project\BLE_CH582M\LIB\libCH58xBLE.a(l2cap_output.o)
                0x000000000000f172                l2capFreeTxSDU
 .text.l2capReassembleSegment
                0x000000000000f20c      0x178 E:\Project\tp78\mounriver_project\BLE_CH582M\LIB\libCH58xBLE.a(l2cap_output.o)
                0x000000000000f20c                l2capReassembleSegment
 .text.l2capEncapSendData
                0x000000000000f384       0xf0 E:\Project\tp78\mounriver_project\BLE_CH582M\LIB\libCH58xBLE.a(l2cap_output.o)
                0x000000000000f384                l2capEncapSendData
 .text.l2capSendFCPkt.part.3
                0x000000000000f474       0x70 E:\Project\tp78\mounriver_project\BLE_CH582M\LIB\libCH58xBLE.a(l2cap_output.o)
 .text.l2capSendSegment
                0x000000000000f4e4      0x108 E:\Project\tp78\mounriver_project\BLE_CH582M\LIB\libCH58xBLE.a(l2cap_output.o)
                0x000000000000f4e4                l2capSendSegment
 .text.l2capSendNextSegment
                0x000000000000f5ec       0xb4 E:\Project\tp78\mounriver_project\BLE_CH582M\LIB\libCH58xBLE.a(l2cap_output.o)
                0x000000000000f5ec                l2capSendNextSegment
 .text.l2capSendPkt
                0x000000000000f6a0       0x3a E:\Project\tp78\mounriver_project\BLE_CH582M\LIB\libCH58xBLE.a(l2cap_output.o)
                0x000000000000f6a0                l2capSendPkt
 .text.L2CAP_SendData
                0x000000000000f6da       0x78 E:\Project\tp78\mounriver_project\BLE_CH582M\LIB\libCH58xBLE.a(l2cap_output.o)
                0x000000000000f6da                L2CAP_SendData
 .text.l2capSendCmd
                0x000000000000f752       0x8a E:\Project\tp78\mounriver_project\BLE_CH582M\LIB\libCH58xBLE.a(l2cap_output.o)
                0x000000000000f752                l2capSendCmd
 .text.l2capSendReq
                0x000000000000f7dc       0xc4 E:\Project\tp78\mounriver_project\BLE_CH582M\LIB\libCH58xBLE.a(l2cap_output.o)
                0x000000000000f7dc                l2capSendReq
 .text.l2capBuildDisconnectReq
                0x000000000000f8a0       0x28 E:\Project\tp78\mounriver_project\BLE_CH582M\LIB\libCH58xBLE.a(l2cap_sdu.o)
 .text.l2capBuildParamUpdateReq
                0x000000000000f8c8       0x4c E:\Project\tp78\mounriver_project\BLE_CH582M\LIB\libCH58xBLE.a(l2cap_sdu.o)
 .text.l2capBuildParamUpdateRsp
                0x000000000000f914       0x16 E:\Project\tp78\mounriver_project\BLE_CH582M\LIB\libCH58xBLE.a(l2cap_sdu.o)
 .text.l2capBuildConnectRsp
                0x000000000000f92a       0x5e E:\Project\tp78\mounriver_project\BLE_CH582M\LIB\libCH58xBLE.a(l2cap_sdu.o)
 .text.l2capBuildCmdReject
                0x000000000000f988       0x62 E:\Project\tp78\mounriver_project\BLE_CH582M\LIB\libCH58xBLE.a(l2cap_sdu.o)
                0x000000000000f988                l2capBuildCmdReject
 .text.l2capBuildDisconnectRsp
                0x000000000000f9ea       0x28 E:\Project\tp78\mounriver_project\BLE_CH582M\LIB\libCH58xBLE.a(l2cap_sdu.o)
                0x000000000000f9ea                l2capBuildDisconnectRsp
 .text.l2capSendConnectRsp
                0x000000000000fa12       0xa6 E:\Project\tp78\mounriver_project\BLE_CH582M\LIB\libCH58xBLE.a(l2cap_sdu.o)
                0x000000000000fa12                l2capSendConnectRsp
 .text.L2CAP_CmdReject
                0x000000000000fab8       0x12 E:\Project\tp78\mounriver_project\BLE_CH582M\LIB\libCH58xBLE.a(l2cap_sdu.o)
                0x000000000000fab8                L2CAP_CmdReject
 .text.L2CAP_DisconnectReq
                0x000000000000faca       0x2a E:\Project\tp78\mounriver_project\BLE_CH582M\LIB\libCH58xBLE.a(l2cap_sdu.o)
                0x000000000000faca                L2CAP_DisconnectReq
 .text.L2CAP_ConnParamUpdateReq
                0x000000000000faf4       0x16 E:\Project\tp78\mounriver_project\BLE_CH582M\LIB\libCH58xBLE.a(l2cap_sdu.o)
                0x000000000000faf4                L2CAP_ConnParamUpdateReq
 .text.L2CAP_ConnParamUpdateRsp
                0x000000000000fb0a       0x12 E:\Project\tp78\mounriver_project\BLE_CH582M\LIB\libCH58xBLE.a(l2cap_sdu.o)
                0x000000000000fb0a                L2CAP_ConnParamUpdateRsp
 .text.reportStatusChange
                0x000000000000fb1c       0x3e E:\Project\tp78\mounriver_project\BLE_CH582M\LIB\libCH58xBLE.a(linkdb.o)
 .text.linkDB_Init
                0x000000000000fb5a       0x82 E:\Project\tp78\mounriver_project\BLE_CH582M\LIB\libCH58xBLE.a(linkdb.o)
                0x000000000000fb5a                linkDB_Init
 .text.linkDB_Find
                0x000000000000fbdc       0x34 E:\Project\tp78\mounriver_project\BLE_CH582M\LIB\libCH58xBLE.a(linkdb.o)
                0x000000000000fbdc                linkDB_Find
 .text.linkDB_Authen
                0x000000000000fc10       0x5c E:\Project\tp78\mounriver_project\BLE_CH582M\LIB\libCH58xBLE.a(linkdb.o)
                0x000000000000fc10                linkDB_Authen
 .text.linkDB_FindFirst
                0x000000000000fc6c       0x40 E:\Project\tp78\mounriver_project\BLE_CH582M\LIB\libCH58xBLE.a(linkdb.o)
                0x000000000000fc6c                linkDB_FindFirst
 .text.linkDB_MTU
                0x000000000000fcac       0x18 E:\Project\tp78\mounriver_project\BLE_CH582M\LIB\libCH58xBLE.a(linkdb.o)
                0x000000000000fcac                linkDB_MTU
 .text.linkDB_NumActive
                0x000000000000fcc4       0x36 E:\Project\tp78\mounriver_project\BLE_CH582M\LIB\libCH58xBLE.a(linkdb.o)
                0x000000000000fcc4                linkDB_NumActive
 .text.linkDB_NumConns
                0x000000000000fcfa        0xa E:\Project\tp78\mounriver_project\BLE_CH582M\LIB\libCH58xBLE.a(linkdb.o)
                0x000000000000fcfa                linkDB_NumConns
 .text.linkDB_Register
                0x000000000000fd04       0x28 E:\Project\tp78\mounriver_project\BLE_CH582M\LIB\libCH58xBLE.a(linkdb.o)
                0x000000000000fd04                linkDB_Register
 .text.linkDB_Remove
                0x000000000000fd2c       0x48 E:\Project\tp78\mounriver_project\BLE_CH582M\LIB\libCH58xBLE.a(linkdb.o)
                0x000000000000fd2c                linkDB_Remove
 .text.linkDB_Role
                0x000000000000fd74       0x18 E:\Project\tp78\mounriver_project\BLE_CH582M\LIB\libCH58xBLE.a(linkdb.o)
                0x000000000000fd74                linkDB_Role
 .text.linkDB_State
                0x000000000000fd8c       0x30 E:\Project\tp78\mounriver_project\BLE_CH582M\LIB\libCH58xBLE.a(linkdb.o)
                0x000000000000fd8c                linkDB_State
 .text.linkDB_UpdateMTU
                0x000000000000fdbc       0x28 E:\Project\tp78\mounriver_project\BLE_CH582M\LIB\libCH58xBLE.a(linkdb.o)
                0x000000000000fdbc                linkDB_UpdateMTU
 .text.linkDB_PerformFunc
                0x000000000000fde4       0x5a E:\Project\tp78\mounriver_project\BLE_CH582M\LIB\libCH58xBLE.a(linkdb.o)
                0x000000000000fde4                linkDB_PerformFunc
 .text.linkDB_PeripheralLinkNum
                0x000000000000fe3e       0x46 E:\Project\tp78\mounriver_project\BLE_CH582M\LIB\libCH58xBLE.a(linkdb.o)
                0x000000000000fe3e                linkDB_PeripheralLinkNum
 .text.linkDB_GetSMEvtID
                0x000000000000fe84       0x60 E:\Project\tp78\mounriver_project\BLE_CH582M\LIB\libCH58xBLE.a(linkdb.o)
                0x000000000000fe84                linkDB_GetSMEvtID
 .text.linkDB_Add
                0x000000000000fee4       0xb2 E:\Project\tp78\mounriver_project\BLE_CH582M\LIB\libCH58xBLE.a(linkdb.o)
                0x000000000000fee4                linkDB_Add
 .text.linkDB_GetHandleFromSMEvtID
                0x000000000000ff96       0x3a E:\Project\tp78\mounriver_project\BLE_CH582M\LIB\libCH58xBLE.a(linkdb.o)
                0x000000000000ff96                linkDB_GetHandleFromSMEvtID
 .text.linkDB_GetPairingParam
                0x000000000000ffd0       0x5c E:\Project\tp78\mounriver_project\BLE_CH582M\LIB\libCH58xBLE.a(linkdb.o)
                0x000000000000ffd0                linkDB_GetPairingParam
 .text.linkDB_NeedSendKey
                0x000000000001002c       0x4a E:\Project\tp78\mounriver_project\BLE_CH582M\LIB\libCH58xBLE.a(linkdb.o)
                0x000000000001002c                linkDB_NeedSendKey
 .text.smpBuildPairingFailed
                0x0000000000010076       0x1a E:\Project\tp78\mounriver_project\BLE_CH582M\LIB\libCH58xBLE.a(sm.o)
                0x0000000000010076                smpBuildPairingFailed
 .text.SM_StartEncryption